Archive member included to satisfy reference by file (symbol)

C:/ST/STM32CubeIDE_1.15.0/STM32CubeIDE/plugins/com.st.stm32cube.ide.mcu.externaltools.gnu-tools-for-stm32.12.3.rel1.win32_1.0.200.202406191623/tools/bin/../lib/gcc/arm-none-eabi/12.3.1/../../../../arm-none-eabi/lib/thumb/v7-m/nofp\libc_nano.a(libc_a-exit.o)
                              C:/ST/STM32CubeIDE_1.15.0/STM32CubeIDE/plugins/com.st.stm32cube.ide.mcu.externaltools.gnu-tools-for-stm32.12.3.rel1.win32_1.0.200.202406191623/tools/bin/../lib/gcc/arm-none-eabi/12.3.1/../../../../arm-none-eabi/lib/thumb/v7-m/nofp/crt0.o (exit)
C:/ST/STM32CubeIDE_1.15.0/STM32CubeIDE/plugins/com.st.stm32cube.ide.mcu.externaltools.gnu-tools-for-stm32.12.3.rel1.win32_1.0.200.202406191623/tools/bin/../lib/gcc/arm-none-eabi/12.3.1/../../../../arm-none-eabi/lib/thumb/v7-m/nofp\libc_nano.a(libc_a-findfp.o)
                              C:/ST/STM32CubeIDE_1.15.0/STM32CubeIDE/plugins/com.st.stm32cube.ide.mcu.externaltools.gnu-tools-for-stm32.12.3.rel1.win32_1.0.200.202406191623/tools/bin/../lib/gcc/arm-none-eabi/12.3.1/../../../../arm-none-eabi/lib/thumb/v7-m/nofp\libc_nano.a(libc_a-exit.o) (__stdio_exit_handler)
C:/ST/STM32CubeIDE_1.15.0/STM32CubeIDE/plugins/com.st.stm32cube.ide.mcu.externaltools.gnu-tools-for-stm32.12.3.rel1.win32_1.0.200.202406191623/tools/bin/../lib/gcc/arm-none-eabi/12.3.1/../../../../arm-none-eabi/lib/thumb/v7-m/nofp\libc_nano.a(libc_a-fwalk.o)
                              C:/ST/STM32CubeIDE_1.15.0/STM32CubeIDE/plugins/com.st.stm32cube.ide.mcu.externaltools.gnu-tools-for-stm32.12.3.rel1.win32_1.0.200.202406191623/tools/bin/../lib/gcc/arm-none-eabi/12.3.1/../../../../arm-none-eabi/lib/thumb/v7-m/nofp\libc_nano.a(libc_a-findfp.o) (_fwalk_sglue)
C:/ST/STM32CubeIDE_1.15.0/STM32CubeIDE/plugins/com.st.stm32cube.ide.mcu.externaltools.gnu-tools-for-stm32.12.3.rel1.win32_1.0.200.202406191623/tools/bin/../lib/gcc/arm-none-eabi/12.3.1/../../../../arm-none-eabi/lib/thumb/v7-m/nofp\libc_nano.a(libc_a-printf.o)
                              ./Core/Src/main.o (printf)
C:/ST/STM32CubeIDE_1.15.0/STM32CubeIDE/plugins/com.st.stm32cube.ide.mcu.externaltools.gnu-tools-for-stm32.12.3.rel1.win32_1.0.200.202406191623/tools/bin/../lib/gcc/arm-none-eabi/12.3.1/../../../../arm-none-eabi/lib/thumb/v7-m/nofp\libc_nano.a(libc_a-puts.o)
                              ./Core/Src/main.o (puts)
C:/ST/STM32CubeIDE_1.15.0/STM32CubeIDE/plugins/com.st.stm32cube.ide.mcu.externaltools.gnu-tools-for-stm32.12.3.rel1.win32_1.0.200.202406191623/tools/bin/../lib/gcc/arm-none-eabi/12.3.1/../../../../arm-none-eabi/lib/thumb/v7-m/nofp\libc_nano.a(libc_a-snprintf.o)
                              ./Core/Src/main.o (snprintf)
C:/ST/STM32CubeIDE_1.15.0/STM32CubeIDE/plugins/com.st.stm32cube.ide.mcu.externaltools.gnu-tools-for-stm32.12.3.rel1.win32_1.0.200.202406191623/tools/bin/../lib/gcc/arm-none-eabi/12.3.1/../../../../arm-none-eabi/lib/thumb/v7-m/nofp\libc_nano.a(libc_a-sprintf.o)
                              ./Core/Src/main.o (sprintf)
C:/ST/STM32CubeIDE_1.15.0/STM32CubeIDE/plugins/com.st.stm32cube.ide.mcu.externaltools.gnu-tools-for-stm32.12.3.rel1.win32_1.0.200.202406191623/tools/bin/../lib/gcc/arm-none-eabi/12.3.1/../../../../arm-none-eabi/lib/thumb/v7-m/nofp\libc_nano.a(libc_a-stdio.o)
                              C:/ST/STM32CubeIDE_1.15.0/STM32CubeIDE/plugins/com.st.stm32cube.ide.mcu.externaltools.gnu-tools-for-stm32.12.3.rel1.win32_1.0.200.202406191623/tools/bin/../lib/gcc/arm-none-eabi/12.3.1/../../../../arm-none-eabi/lib/thumb/v7-m/nofp\libc_nano.a(libc_a-findfp.o) (__sread)
C:/ST/STM32CubeIDE_1.15.0/STM32CubeIDE/plugins/com.st.stm32cube.ide.mcu.externaltools.gnu-tools-for-stm32.12.3.rel1.win32_1.0.200.202406191623/tools/bin/../lib/gcc/arm-none-eabi/12.3.1/../../../../arm-none-eabi/lib/thumb/v7-m/nofp\libc_nano.a(libc_a-wbuf.o)
                              C:/ST/STM32CubeIDE_1.15.0/STM32CubeIDE/plugins/com.st.stm32cube.ide.mcu.externaltools.gnu-tools-for-stm32.12.3.rel1.win32_1.0.200.202406191623/tools/bin/../lib/gcc/arm-none-eabi/12.3.1/../../../../arm-none-eabi/lib/thumb/v7-m/nofp\libc_nano.a(libc_a-puts.o) (__swbuf_r)
C:/ST/STM32CubeIDE_1.15.0/STM32CubeIDE/plugins/com.st.stm32cube.ide.mcu.externaltools.gnu-tools-for-stm32.12.3.rel1.win32_1.0.200.202406191623/tools/bin/../lib/gcc/arm-none-eabi/12.3.1/../../../../arm-none-eabi/lib/thumb/v7-m/nofp\libc_nano.a(libc_a-wsetup.o)
                              C:/ST/STM32CubeIDE_1.15.0/STM32CubeIDE/plugins/com.st.stm32cube.ide.mcu.externaltools.gnu-tools-for-stm32.12.3.rel1.win32_1.0.200.202406191623/tools/bin/../lib/gcc/arm-none-eabi/12.3.1/../../../../arm-none-eabi/lib/thumb/v7-m/nofp\libc_nano.a(libc_a-puts.o) (__swsetup_r)
C:/ST/STM32CubeIDE_1.15.0/STM32CubeIDE/plugins/com.st.stm32cube.ide.mcu.externaltools.gnu-tools-for-stm32.12.3.rel1.win32_1.0.200.202406191623/tools/bin/../lib/gcc/arm-none-eabi/12.3.1/../../../../arm-none-eabi/lib/thumb/v7-m/nofp\libc_nano.a(libc_a-memset.o)
[...]
Memory Configuration

Name             Origin             Length             Attributes
RAM              0x20000000         0x00014000         xrw
FLASH            0x08000000         0x00080000         xr
*default*        0x00000000         0xffffffff

Linker script and memory map

LOAD C:/ST/STM32CubeIDE_1.15.0/STM32CubeIDE/plugins/com.st.stm32cube.ide.mcu.externaltools.gnu-tools-for-stm32.12.3.rel1.win32_1.0.200.202406191623/tools/bin/../lib/gcc/arm-none-eabi/12.3.1/thumb/v7-m/nofp/crti.o
LOAD C:/ST/STM32CubeIDE_1.15.0/STM32CubeIDE/plugins/com.st.stm32cube.ide.mcu.externaltools.gnu-tools-for-stm32.12.3.rel1.win32_1.0.200.202406191623/tools/bin/../lib/gcc/arm-none-eabi/12.3.1/thumb/v7-m/nofp/crtbegin.o
LOAD C:/ST/STM32CubeIDE_1.15.0/STM32CubeIDE/plugins/com.st.stm32cube.ide.mcu.externaltools.gnu-tools-for-stm32.12.3.rel1.win32_1.0.200.202406191623/tools/bin/../lib/gcc/arm-none-eabi/12.3.1/../../../../arm-none-eabi/lib/thumb/v7-m/nofp/crt0.o
LOAD ./Core/Src/Gestion_LED.o
LOAD ./Core/Src/main.o
LOAD ./Core/Src/max7219_Yncrea2.o
LOAD ./Core/Src/stm32l1xx_hal_msp.o
LOAD ./Core/Src/stm32l1xx_it.o
LOAD ./Core/Src/stm32l1xx_nucleo_bus.o
LOAD ./Core/Src/syscalls.o
LOAD ./Core/Src/sysmem.o
LOAD ./Core/Src/system_stm32l1xx.o
LOAD ./Core/Startup/startup_stm32l152retx.o
LOAD ./Drivers/BSP/Components/hts221/hts221.o
LOAD ./Drivers/BSP/Components/hts221/hts221_reg.o
LOAD ./Drivers/BSP/Components/lis2dw12/lis2dw12.o
LOAD ./Drivers/BSP/Components/lis2dw12/lis2dw12_reg.o
LOAD ./Drivers/BSP/Components/lis2mdl/lis2mdl.o
LOAD ./Drivers/BSP/Components/lis2mdl/lis2mdl_reg.o
LOAD ./Drivers/BSP/Components/lps22hh/lps22hh.o
LOAD ./Drivers/BSP/Components/lps22hh/lps22hh_reg.o
LOAD ./Drivers/BSP/Components/lsm6dso/lsm6dso.o
LOAD ./Drivers/BSP/Components/lsm6dso/lsm6dso_reg.o
LOAD ./Drivers/BSP/Components/stts751/stts751.o
LOAD ./Drivers/BSP/Components/stts751/stts751_reg.o
LOAD ./Drivers/BSP/IKS01A3/iks01a3_env_sensors.o
LOAD ./Drivers/BSP/IKS01A3/iks01a3_env_sensors_ex.o
LOAD ./Drivers/BSP/IKS01A3/iks01a3_motion_sensors.o
LOAD ./Drivers/BSP/IKS01A3/iks01a3_motion_sensors_ex.o
LOAD ./Drivers/STM32L1xx_HAL_Driver/Src/stm32l1xx_hal.o
LOAD ./Drivers/STM32L1xx_HAL_Driver/Src/stm32l1xx_hal_adc.o
LOAD ./Drivers/STM32L1xx_HAL_Driver/Src/stm32l1xx_hal_adc_ex.o
LOAD ./Drivers/STM32L1xx_HAL_Driver/Src/stm32l1xx_hal_cortex.o
LOAD ./Drivers/STM32L1xx_HAL_Driver/Src/stm32l1xx_hal_dma.o
LOAD ./Drivers/STM32L1xx_HAL_Driver/Src/stm32l1xx_hal_exti.o
LOAD ./Drivers/STM32L1xx_HAL_Driver/Src/stm32l1xx_hal_flash.o
LOAD ./Drivers/STM32L1xx_HAL_Driver/Src/stm32l1xx_hal_flash_ex.o
LOAD ./Drivers/STM32L1xx_HAL_Driver/Src/stm32l1xx_hal_flash_ramfunc.o
LOAD ./Drivers/STM32L1xx_HAL_Driver/Src/stm32l1xx_hal_gpio.o
LOAD ./Drivers/STM32L1xx_HAL_Driver/Src/stm32l1xx_hal_i2c.o
LOAD ./Drivers/STM32L1xx_HAL_Driver/Src/stm32l1xx_hal_pwr.o
LOAD ./Drivers/STM32L1xx_HAL_Driver/Src/stm32l1xx_hal_pwr_ex.o
LOAD ./Drivers/STM32L1xx_HAL_Driver/Src/stm32l1xx_hal_rcc.o
LOAD ./Drivers/STM32L1xx_HAL_Driver/Src/stm32l1xx_hal_rcc_ex.o
LOAD ./Drivers/STM32L1xx_HAL_Driver/Src/stm32l1xx_hal_spi.o
LOAD ./Drivers/STM32L1xx_HAL_Driver/Src/stm32l1xx_hal_tim.o
LOAD ./Drivers/STM32L1xx_HAL_Driver/Src/stm32l1xx_hal_tim_ex.o
LOAD ./Drivers/STM32L1xx_HAL_Driver/Src/stm32l1xx_hal_uart.o
START GROUP
LOAD C:/ST/STM32CubeIDE_1.15.0/STM32CubeIDE/plugins/com.st.stm32cube.ide.mcu.externaltools.gnu-tools-for-stm32.12.3.rel1.win32_1.0.200.202406191623/tools/bin/../lib/gcc/arm-none-eabi/12.3.1/../../../../arm-none-eabi/lib/thumb/v7-m/nofp\libc_nano.a
LOAD C:/ST/STM32CubeIDE_1.15.0/STM32CubeIDE/plugins/com.st.stm32cube.ide.mcu.externaltools.gnu-tools-for-stm32.12.3.rel1.win32_1.0.200.202406191623/tools/bin/../lib/gcc/arm-none-eabi/12.3.1/../../../../arm-none-eabi/lib/thumb/v7-m/nofp\libm.a
END GROUP
START GROUP
LOAD C:/ST/STM32CubeIDE_1.15.0/STM32CubeIDE/plugins/com.st.stm32cube.ide.mcu.externaltools.gnu-tools-for-stm32.12.3.rel1.win32_1.0.200.202406191623/tools/bin/../lib/gcc/arm-none-eabi/12.3.1/thumb/v7-m/nofp\libgcc.a
LOAD C:/ST/STM32CubeIDE_1.15.0/STM32CubeIDE/plugins/com.st.stm32cube.ide.mcu.externaltools.gnu-tools-for-stm32.12.3.rel1.win32_1.0.200.202406191623/tools/bin/../lib/gcc/arm-none-eabi/12.3.1/../../../../arm-none-eabi/lib/thumb/v7-m/nofp\libc_nano.a
END GROUP
START GROUP
LOAD C:/ST/STM32CubeIDE_1.15.0/STM32CubeIDE/plugins/com.st.stm32cube.ide.mcu.externaltools.gnu-tools-for-stm32.12.3.rel1.win32_1.0.200.202406191623/tools/bin/../lib/gcc/arm-none-eabi/12.3.1/thumb/v7-m/nofp\libgcc.a
LOAD C:/ST/STM32CubeIDE_1.15.0/STM32CubeIDE/plugins/com.st.stm32cube.ide.mcu.externaltools.gnu-tools-for-stm32.12.3.rel1.win32_1.0.200.202406191623/tools/bin/../lib/gcc/arm-none-eabi/12.3.1/../../../../arm-none-eabi/lib/thumb/v7-m/nofp\libc_nano.a
LOAD C:/ST/STM32CubeIDE_1.15.0/STM32CubeIDE/plugins/com.st.stm32cube.ide.mcu.externaltools.gnu-tools-for-stm32.12.3.rel1.win32_1.0.200.202406191623/tools/bin/../lib/gcc/arm-none-eabi/12.3.1/../../../../arm-none-eabi/lib/thumb/v7-m/nofp\libnosys.a
END GROUP
START GROUP
LOAD C:/ST/STM32CubeIDE_1.15.0/STM32CubeIDE/plugins/com.st.stm32cube.ide.mcu.externaltools.gnu-tools-for-stm32.12.3.rel1.win32_1.0.200.202406191623/tools/bin/../lib/gcc/arm-none-eabi/12.3.1/thumb/v7-m/nofp\libgcc.a
LOAD C:/ST/STM32CubeIDE_1.15.0/STM32CubeIDE/plugins/com.st.stm32cube.ide.mcu.externaltools.gnu-tools-for-stm32.12.3.rel1.win32_1.0.200.202406191623/tools/bin/../lib/gcc/arm-none-eabi/12.3.1/../../../../arm-none-eabi/lib/thumb/v7-m/nofp\libc_nano.a
LOAD C:/ST/STM32CubeIDE_1.15.0/STM32CubeIDE/plugins/com.st.stm32cube.ide.mcu.externaltools.gnu-tools-for-stm32.12.3.rel1.win32_1.0.200.202406191623/tools/bin/../lib/gcc/arm-none-eabi/12.3.1/../../../../arm-none-eabi/lib/thumb/v7-m/nofp\libnosys.a
END GROUP
LOAD C:/ST/STM32CubeIDE_1.15.0/STM32CubeIDE/plugins/com.st.stm32cube.ide.mcu.externaltools.gnu-tools-for-stm32.12.3.rel1.win32_1.0.200.202406191623/tools/bin/../lib/gcc/arm-none-eabi/12.3.1/thumb/v7-m/nofp/crtend.o
LOAD C:/ST/STM32CubeIDE_1.15.0/STM32CubeIDE/plugins/com.st.stm32cube.ide.mcu.externaltools.gnu-tools-for-stm32.12.3.rel1.win32_1.0.200.202406191623/tools/bin/../lib/gcc/arm-none-eabi/12.3.1/thumb/v7-m/nofp/crtn.o
                0x20014000                        _estack = (ORIGIN (RAM) + LENGTH (RAM))
                0x00000200                        _Min_Heap_Size = 0x200
                0x00000400                        _Min_Stack_Size = 0x400

.isr_vector     0x08000000      0x13c
                0x08000000                        . = ALIGN (0x4)
 *(.isr_vector)
 .isr_vector    0x08000000      0x13c ./Core/Startup/startup_stm32l152retx.o
                0x08000000                g_pfnVectors
                0x0800013c                        . = ALIGN (0x4)

.text           0x08000140    0x13b90
                0x08000140                        . = ALIGN (0x4)
 *(.text)
 .text          0x08000140       0x40 C:/ST/STM32CubeIDE_1.15.0/STM32CubeIDE/plugins/com.st.stm32cube.ide.mcu.externaltools.gnu-tools-for-stm32.12.3.rel1.win32_1.0.200.202406191623/tools/bin/../lib/gcc/arm-none-eabi/12.3.1/thumb/v7-m/nofp/crtbegin.o
 .text          0x08000180      0x378 C:/ST/STM32CubeIDE_1.15.0/STM32CubeIDE/plugins/com.st.stm32cube.ide.mcu.externaltools.gnu-tools-for-stm32.12.3.rel1.win32_1.0.200.202406191623/tools/bin/../lib/gcc/arm-none-eabi/12.3.1/thumb/v7-m/nofp\libgcc.a(_arm_addsubdf3.o)
                0x08000180                __aeabi_drsub
                0x08000188                __aeabi_dsub
                0x08000188                __subdf3
                0x0800018c                __aeabi_dadd
                0x0800018c                __adddf3
                0x08000404                __floatunsidf
                0x08000404                __aeabi_ui2d
                0x08000424                __floatsidf
                0x08000424                __aeabi_i2d
                0x08000448                __aeabi_f2d
                0x08000448                __extendsfdf2
                0x0800048c                __floatundidf
                0x0800048c                __aeabi_ul2d
                0x0800049c                __floatdidf
                0x0800049c                __aeabi_l2d
 .text          0x080004f8      0x424 C:/ST/STM32CubeIDE_1.15.0/STM32CubeIDE/plugins/com.st.stm32cube.ide.mcu.externaltools.gnu-tools-for-stm32.12.3.rel1.win32_1.0.200.202406191623/tools/bin/../lib/gcc/arm-none-eabi/12.3.1/thumb/v7-m/nofp\libgcc.a(_arm_muldivdf3.o)
                0x080004f8                __aeabi_dmul
                0x080004f8                __muldf3
                0x0800074c                __divdf3
                0x0800074c                __aeabi_ddiv
 .text          0x0800091c      0x110 C:/ST/STM32CubeIDE_1.15.0/STM32CubeIDE/plugins/com.st.stm32cube.ide.mcu.externaltools.gnu-tools-for-stm32.12.3.rel1.win32_1.0.200.202406191623/tools/bin/../lib/gcc/arm-none-eabi/12.3.1/thumb/v7-m/nofp\libgcc.a(_arm_cmpdf2.o)
                0x0800091c                __gtdf2
                0x0800091c                __gedf2
                0x08000924                __ltdf2
                0x08000924                __ledf2
                0x0800092c                __nedf2
                0x0800092c                __eqdf2
                0x0800092c                __cmpdf2
                0x080009a8                __aeabi_cdrcmple
                0x080009b8                __aeabi_cdcmpeq
                0x080009b8                __aeabi_cdcmple
                0x080009c8                __aeabi_dcmpeq
                0x080009dc                __aeabi_dcmplt
                0x080009f0                __aeabi_dcmple
                0x08000a04                __aeabi_dcmpge
                0x08000a18                __aeabi_dcmpgt
 .text          0x08000a2c       0x2c C:/ST/STM32CubeIDE_1.15.0/STM32CubeIDE/plugins/com.st.stm32cube.ide.mcu.externaltools.gnu-tools-for-stm32.12.3.rel1.win32_1.0.200.202406191623/tools/bin/../lib/gcc/arm-none-eabi/12.3.1/thumb/v7-m/nofp\libgcc.a(_arm_unorddf2.o)
                0x08000a2c                __unorddf2
                0x08000a2c                __aeabi_dcmpun
 .text          0x08000a58       0x50 C:/ST/STM32CubeIDE_1.15.0/STM32CubeIDE/plugins/com.st.stm32cube.ide.mcu.externaltools.gnu-tools-for-stm32.12.3.rel1.win32_1.0.200.202406191623/tools/bin/../lib/gcc/arm-none-eabi/12.3.1/thumb/v7-m/nofp\libgcc.a(_arm_fixdfsi.o)
                0x08000a58                __aeabi_d2iz
                0x08000a58                __fixdfsi
 .text          0x08000aa8       0xa0 C:/ST/STM32CubeIDE_1.15.0/STM32CubeIDE/plugins/com.st.stm32cube.ide.mcu.externaltools.gnu-tools-for-stm32.12.3.rel1.win32_1.0.200.202406191623/tools/bin/../lib/gcc/arm-none-eabi/12.3.1/thumb/v7-m/nofp\libgcc.a(_arm_truncdfsf2.o)
                0x08000aa8                __truncdfsf2
                0x08000aa8                __aeabi_d2f
 .text          0x08000b48      0x21c C:/ST/STM32CubeIDE_1.15.0/STM32CubeIDE/plugins/com.st.stm32cube.ide.mcu.externaltools.gnu-tools-for-stm32.12.3.rel1.win32_1.0.200.202406191623/tools/bin/../lib/gcc/arm-none-eabi/12.3.1/thumb/v7-m/nofp\libgcc.a(_arm_addsubsf3.o)
                0x08000b48                __aeabi_frsub
                0x08000b50                __subsf3
                0x08000b50                __aeabi_fsub
                0x08000b54                __aeabi_fadd
                0x08000b54                __addsf3
                0x08000cb4                __aeabi_ui2f
                0x08000cb4                __floatunsisf
                0x08000cbc                __aeabi_i2f
                0x08000cbc                __floatsisf
                0x08000cd8                __aeabi_ul2f
                0x08000cd8                __floatundisf
                0x08000ce8                __aeabi_l2f
                0x08000ce8                __floatdisf
 .text          0x08000d64      0x2a0 C:/ST/STM32CubeIDE_1.15.0/STM32CubeIDE/plugins/com.st.stm32cube.ide.mcu.externaltools.gnu-tools-for-stm32.12.3.rel1.win32_1.0.200.202406191623/tools/bin/../lib/gcc/arm-none-eabi/12.3.1/thumb/v7-m/nofp\libgcc.a(_arm_muldivsf3.o)
                0x08000d64                __mulsf3
                0x08000d64                __aeabi_fmul
                0x08000ecc                __aeabi_fdiv
                0x08000ecc                __divsf3
 .text          0x08001004       0xec C:/ST/STM32CubeIDE_1.15.0/STM32CubeIDE/plugins/com.st.stm32cube.ide.mcu.externaltools.gnu-tools-for-stm32.12.3.rel1.win32_1.0.200.202406191623/tools/bin/../lib/gcc/arm-none-eabi/12.3.1/thumb/v7-m/nofp\libgcc.a(_arm_cmpsf2.o)
                0x08001004                __gesf2
                0x08001004                __gtsf2
                0x0800100c                __lesf2
                0x0800100c                __ltsf2
                0x08001014                __nesf2
                0x08001014                __eqsf2
                0x08001014                __cmpsf2
                0x08001074                __aeabi_cfrcmple
                0x0800107c                __aeabi_cfcmpeq
                0x0800107c                __aeabi_cfcmple
                0x0800108c                __aeabi_fcmpeq
                0x080010a0                __aeabi_fcmplt
                0x080010b4                __aeabi_fcmple
                0x080010c8                __aeabi_fcmpge
                0x080010dc                __aeabi_fcmpgt
 .text          0x080010f0       0x4c C:/ST/STM32CubeIDE_1.15.0/STM32CubeIDE/plugins/com.st.stm32cube.ide.mcu.externaltools.gnu-tools-for-stm32.12.3.rel1.win32_1.0.200.202406191623/tools/bin/../lib/gcc/arm-none-eabi/12.3.1/thumb/v7-m/nofp\libgcc.a(_arm_fixsfsi.o)
                0x080010f0                __aeabi_f2iz
                0x080010f0                __fixsfsi
 .text          0x0800113c       0x40 C:/ST/STM32CubeIDE_1.15.0/STM32CubeIDE/plugins/com.st.stm32cube.ide.mcu.externaltools.gnu-tools-for-stm32.12.3.rel1.win32_1.0.200.202406191623/tools/bin/../lib/gcc/arm-none-eabi/12.3.1/thumb/v7-m/nofp\libgcc.a(_arm_fixunssfsi.o)
                0x0800113c                __fixunssfsi
                0x0800113c                __aeabi_f2uiz
 .text          0x0800117c       0x30 C:/ST/STM32CubeIDE_1.15.0/STM32CubeIDE/plugins/com.st.stm32cube.ide.mcu.externaltools.gnu-tools-for-stm32.12.3.rel1.win32_1.0.200.202406191623/tools/bin/../lib/gcc/arm-none-eabi/12.3.1/thumb/v7-m/nofp\libgcc.a(_aeabi_uldivmod.o)
                0x0800117c                __aeabi_uldivmod
 .text          0x080011ac      0x2b8 C:/ST/STM32CubeIDE_1.15.0/STM32CubeIDE/plugins/com.st.stm32cube.ide.mcu.externaltools.gnu-tools-for-stm32.12.3.rel1.win32_1.0.200.202406191623/tools/bin/../lib/gcc/arm-none-eabi/12.3.1/thumb/v7-m/nofp\libgcc.a(_udivmoddi4.o)
                0x080011ac                __udivmoddi4
 .text          0x08001464        0x4 C:/ST/STM32CubeIDE_1.15.0/STM32CubeIDE/plugins/com.st.stm32cube.ide.mcu.externaltools.gnu-tools-for-stm32.12.3.rel1.win32_1.0.200.202406191623/tools/bin/../lib/gcc/arm-none-eabi/12.3.1/thumb/v7-m/nofp\libgcc.a(_dvmd_tls.o)
                0x08001464                __aeabi_idiv0
                0x08001464                __aeabi_ldiv0
 *(.text*)
 .text.GestionLed
                0x08001468      0x194 ./Core/Src/Gestion_LED.o
                0x08001468                GestionLed
 .text.ITM_SendChar
                0x080015fc       0x4c ./Core/Src/main.o
 .text.TIM6_IRQ
                0x08001648       0x28 ./Core/Src/main.o
                0x08001648                TIM6_IRQ
 .text.TIM7_IRQ
                0x08001670       0x18 ./Core/Src/main.o
                0x08001670                TIM7_IRQ
 .text.ACCEL_IRQ
                0x08001688       0x18 ./Core/Src/main.o
                0x08001688                ACCEL_IRQ
 .text.floatToInt
                0x080016a0       0xfc ./Core/Src/main.o
 .text.Conf_TEMP
                0x0800179c       0x32 ./Core/Src/main.o
                0x0800179c                Conf_TEMP
 *fill*         0x080017ce        0x2 
 .text.Aquire_temp
                0x080017d0       0x38 ./Core/Src/main.o
                0x080017d0                Aquire_temp
 .text.display_temp
                0x08001808       0x70 ./Core/Src/main.o
                0x08001808                display_temp
 .text.display_cons
                0x08001878       0x54 ./Core/Src/main.o
                0x08001878                display_cons
 .text.Aquire_cons
                0x080018cc       0x40 ./Core/Src/main.o
                0x080018cc                Aquire_cons
 .text.motor    0x0800190c       0x48 ./Core/Src/main.o
                0x0800190c                motor
 .text.buzzer   0x08001954       0x4c ./Core/Src/main.o
                0x08001954                buzzer
 .text.Conf_ACCEL
                0x080019a0       0x80 ./Core/Src/main.o
                0x080019a0                Conf_ACCEL
 .text.main     0x08001a20      0x104 ./Core/Src/main.o
                0x08001a20                main
 .text.SystemClock_Config
                0x08001b24       0x9c ./Core/Src/main.o
                0x08001b24                SystemClock_Config
 .text.MX_ADC_Init
                0x08001bc0       0xb0 ./Core/Src/main.o
 .text.MX_SPI1_Init
                0x08001c70       0x6c ./Core/Src/main.o
 .text.MX_TIM2_Init
                0x08001cdc       0x98 ./Core/Src/main.o
 .text.MX_TIM3_Init
                0x08001d74      0x108 ./Core/Src/main.o
 .text.MX_TIM6_Init
                0x08001e7c       0x6c ./Core/Src/main.o
 .text.MX_TIM7_Init
                0x08001ee8       0x6c ./Core/Src/main.o
 .text.MX_USART2_UART_Init
                0x08001f54       0x54 ./Core/Src/main.o
 .text.MX_GPIO_Init
                0x08001fa8      0x154 ./Core/Src/main.o
 .text.__io_putchar
                0x080020fc       0x1a ./Core/Src/main.o
                0x080020fc                __io_putchar
 .text.Error_Handler
                0x08002116        0x8 ./Core/Src/main.o
                0x08002116                Error_Handler
 *fill*         0x0800211e        0x2 
 .text.SPI_CS_High
                0x08002120       0x18 ./Core/Src/max7219_Yncrea2.o
                0x08002120                SPI_CS_High
 .text.SPI_CS_Low
                0x08002138       0x18 ./Core/Src/max7219_Yncrea2.o
                0x08002138                SPI_CS_Low
 .text.MAX7219_Init
                0x08002150       0x2a ./Core/Src/max7219_Yncrea2.o
                0x08002150                MAX7219_Init
 .text.MAX7219_ShutdownStop
                0x0800217a       0x10 ./Core/Src/max7219_Yncrea2.o
                0x0800217a                MAX7219_ShutdownStop
 .text.MAX7219_DisplayTestStart
                0x0800218a       0x10 ./Core/Src/max7219_Yncrea2.o
                0x0800218a                MAX7219_DisplayTestStart
 .text.MAX7219_DisplayTestStop
                0x0800219a       0x10 ./Core/Src/max7219_Yncrea2.o
                0x0800219a                MAX7219_DisplayTestStop
 .text.MAX7219_SetBrightness
                0x080021aa       0x24 ./Core/Src/max7219_Yncrea2.o
                0x080021aa                MAX7219_SetBrightness
 .text.MAX7219_Clear
                0x080021ce       0x2c ./Core/Src/max7219_Yncrea2.o
                0x080021ce                MAX7219_Clear
 .text.MAX7219_DisplayChar
                0x080021fa       0x2e ./Core/Src/max7219_Yncrea2.o
                0x080021fa                MAX7219_DisplayChar
 .text.MAX7219_DisplayChar1
                0x08002228       0x2e ./Core/Src/max7219_Yncrea2.o
                0x08002228                MAX7219_DisplayChar1
 *fill*         0x08002256        0x2 
 .text.MAX7219_LookupCode
                0x08002258       0x4c ./Core/Src/max7219_Yncrea2.o
 .text.MAX7219_LookupCode1
                0x080022a4       0x4c ./Core/Src/max7219_Yncrea2.o
 .text.MAX7219_Write
                0x080022f0       0x34 ./Core/Src/max7219_Yncrea2.o
 .text.MAX7219_SendByte
                0x08002324       0x24 ./Core/Src/max7219_Yncrea2.o
 .text.HAL_MspInit
                0x08002348       0x60 ./Core/Src/stm32l1xx_hal_msp.o
                0x08002348                HAL_MspInit
 .text.HAL_ADC_MspInit
                0x080023a8       0x80 ./Core/Src/stm32l1xx_hal_msp.o
                0x080023a8                HAL_ADC_MspInit
 .text.HAL_SPI_MspInit
                0x08002428       0x88 ./Core/Src/stm32l1xx_hal_msp.o
                0x08002428                HAL_SPI_MspInit
 .text.HAL_TIM_Base_MspInit
                0x080024b0       0xf0 ./Core/Src/stm32l1xx_hal_msp.o
                0x080024b0                HAL_TIM_Base_MspInit
 .text.HAL_TIM_MspPostInit
                0x080025a0       0xac ./Core/Src/stm32l1xx_hal_msp.o
                0x080025a0                HAL_TIM_MspPostInit
 .text.HAL_UART_MspInit
                0x0800264c       0x88 ./Core/Src/stm32l1xx_hal_msp.o
                0x0800264c                HAL_UART_MspInit
 .text.NMI_Handler
                0x080026d4        0x8 ./Core/Src/stm32l1xx_it.o
                0x080026d4                NMI_Handler
 .text.HardFault_Handler
                0x080026dc        0x8 ./Core/Src/stm32l1xx_it.o
                0x080026dc                HardFault_Handler
 .text.MemManage_Handler
                0x080026e4        0x8 ./Core/Src/stm32l1xx_it.o
                0x080026e4                MemManage_Handler
 .text.BusFault_Handler
                0x080026ec        0x8 ./Core/Src/stm32l1xx_it.o
                0x080026ec                BusFault_Handler
 .text.UsageFault_Handler
                0x080026f4        0x8 ./Core/Src/stm32l1xx_it.o
                0x080026f4                UsageFault_Handler
 .text.SVC_Handler
                0x080026fc        0xc ./Core/Src/stm32l1xx_it.o
                0x080026fc                SVC_Handler
 .text.DebugMon_Handler
                0x08002708        0xc ./Core/Src/stm32l1xx_it.o
                0x08002708                DebugMon_Handler
 .text.PendSV_Handler
                0x08002714        0xc ./Core/Src/stm32l1xx_it.o
                0x08002714                PendSV_Handler
 .text.SysTick_Handler
                0x08002720        0xc ./Core/Src/stm32l1xx_it.o
                0x08002720                SysTick_Handler
 .text.EXTI0_IRQHandler
                0x0800272c       0x1c ./Core/Src/stm32l1xx_it.o
                0x0800272c                EXTI0_IRQHandler
 .text.TIM2_IRQHandler
                0x08002748       0x14 ./Core/Src/stm32l1xx_it.o
                0x08002748                TIM2_IRQHandler
 .text.TIM3_IRQHandler
                0x0800275c       0x14 ./Core/Src/stm32l1xx_it.o
                0x0800275c                TIM3_IRQHandler
 .text.I2C1_EV_IRQHandler
                0x08002770       0x14 ./Core/Src/stm32l1xx_it.o
                0x08002770                I2C1_EV_IRQHandler
 .text.I2C1_ER_IRQHandler
                0x08002784       0x14 ./Core/Src/stm32l1xx_it.o
                0x08002784                I2C1_ER_IRQHandler
 .text.EXTI15_10_IRQHandler
                0x08002798       0x20 ./Core/Src/stm32l1xx_it.o
                0x08002798                EXTI15_10_IRQHandler
 .text.TIM6_IRQHandler
                0x080027b8       0x18 ./Core/Src/stm32l1xx_it.o
                0x080027b8                TIM6_IRQHandler
 .text.TIM7_IRQHandler
                0x080027d0       0x18 ./Core/Src/stm32l1xx_it.o
                0x080027d0                TIM7_IRQHandler
 .text.HAL_GPIO_EXTI_Callback
                0x080027e8       0x98 ./Core/Src/stm32l1xx_it.o
                0x080027e8                HAL_GPIO_EXTI_Callback
 .text.HAL_TIM_PeriodElapsedCallback
                0x08002880       0x38 ./Core/Src/stm32l1xx_it.o
                0x08002880                HAL_TIM_PeriodElapsedCallback
 .text.BSP_I2C1_Init
                0x080028b8       0x64 ./Core/Src/stm32l1xx_nucleo_bus.o
                0x080028b8                BSP_I2C1_Init
 .text.BSP_I2C1_DeInit
                0x0800291c       0x50 ./Core/Src/stm32l1xx_nucleo_bus.o
                0x0800291c                BSP_I2C1_DeInit
 .text.BSP_I2C1_WriteReg
                0x0800296c       0x64 ./Core/Src/stm32l1xx_nucleo_bus.o
                0x0800296c                BSP_I2C1_WriteReg
 .text.BSP_I2C1_ReadReg
                0x080029d0       0x64 ./Core/Src/stm32l1xx_nucleo_bus.o
                0x080029d0                BSP_I2C1_ReadReg
 .text.BSP_GetTick
                0x08002a34        0xe ./Core/Src/stm32l1xx_nucleo_bus.o
                0x08002a34                BSP_GetTick
 *fill*         0x08002a42        0x2 
 .text.MX_I2C1_Init
                0x08002a44       0x68 ./Core/Src/stm32l1xx_nucleo_bus.o
                0x08002a44                MX_I2C1_Init
 .text.I2C1_MspInit
                0x08002aac       0xac ./Core/Src/stm32l1xx_nucleo_bus.o
 .text.I2C1_MspDeInit
                0x08002b58       0x44 ./Core/Src/stm32l1xx_nucleo_bus.o
 .text._read    0x08002b9c       0x3a ./Core/Src/syscalls.o
                0x08002b9c                _read
 .text._write   0x08002bd6       0x38 ./Core/Src/syscalls.o
                0x08002bd6                _write
 .text._close   0x08002c0e       0x16 ./Core/Src/syscalls.o
                0x08002c0e                _close
 .text._fstat   0x08002c24       0x1e ./Core/Src/syscalls.o
                0x08002c24                _fstat
 .text._isatty  0x08002c42       0x14 ./Core/Src/syscalls.o
                0x08002c42                _isatty
 .text._lseek   0x08002c56       0x18 ./Core/Src/syscalls.o
                0x08002c56                _lseek
 *fill*         0x08002c6e        0x2 
 .text._sbrk    0x08002c70       0x6c ./Core/Src/sysmem.o
                0x08002c70                _sbrk
 .text.SystemInit
                0x08002cdc        0xc ./Core/Src/system_stm32l1xx.o
                0x08002cdc                SystemInit
 .text.Reset_Handler
                0x08002ce8       0x48 ./Core/Startup/startup_stm32l152retx.o
                0x08002ce8                Reset_Handler
 .text.Default_Handler
                0x08002d30        0x2 ./Core/Startup/startup_stm32l152retx.o
                0x08002d30                RTC_Alarm_IRQHandler
                0x08002d30                EXTI2_IRQHandler
                0x08002d30                COMP_ACQ_IRQHandler
                0x08002d30                TIM10_IRQHandler
                0x08002d30                USB_HP_IRQHandler
                0x08002d30                PVD_IRQHandler
                0x08002d30                EXTI3_IRQHandler
                0x08002d30                I2C2_EV_IRQHandler
                0x08002d30                SPI1_IRQHandler
                0x08002d30                USB_FS_WKUP_IRQHandler
                0x08002d30                DMA2_Channel2_IRQHandler
                0x08002d30                DMA1_Channel4_IRQHandler
                0x08002d30                ADC1_IRQHandler
                0x08002d30                USART3_IRQHandler
                0x08002d30                DMA1_Channel7_IRQHandler
                0x08002d30                LCD_IRQHandler
                0x08002d30                UART5_IRQHandler
                0x08002d30                TIM4_IRQHandler
                0x08002d30                DMA2_Channel1_IRQHandler
                0x08002d30                DMA1_Channel6_IRQHandler
                0x08002d30                UART4_IRQHandler
                0x08002d30                DMA2_Channel4_IRQHandler
                0x08002d30                RCC_IRQHandler
                0x08002d30                DMA1_Channel1_IRQHandler
                0x08002d30                Default_Handler
                0x08002d30                TIM5_IRQHandler
                0x08002d30                EXTI9_5_IRQHandler
                0x08002d30                TIM9_IRQHandler
                0x08002d30                TAMPER_STAMP_IRQHandler
                0x08002d30                RTC_WKUP_IRQHandler
                0x08002d30                SPI2_IRQHandler
                0x08002d30                DMA2_Channel5_IRQHandler
                0x08002d30                DMA1_Channel5_IRQHandler
                0x08002d30                USB_LP_IRQHandler
                0x08002d30                EXTI4_IRQHandler
                0x08002d30                DMA1_Channel3_IRQHandler
                0x08002d30                COMP_IRQHandler
                0x08002d30                WWDG_IRQHandler
                0x08002d30                DAC_IRQHandler
                0x08002d30                EXTI1_IRQHandler
                0x08002d30                TIM11_IRQHandler
                0x08002d30                USART2_IRQHandler
                0x08002d30                I2C2_ER_IRQHandler
                0x08002d30                DMA1_Channel2_IRQHandler
                0x08002d30                FLASH_IRQHandler
                0x08002d30                USART1_IRQHandler
                0x08002d30                SPI3_IRQHandler
                0x08002d30                DMA2_Channel3_IRQHandler
 *fill*         0x08002d32        0x2 
 .text.HTS221_RegisterBusIO
                0x08002d34       0x94 ./Drivers/BSP/Components/hts221/hts221.o
                0x08002d34                HTS221_RegisterBusIO
 .text.HTS221_Init
                0x08002dc8       0x36 ./Drivers/BSP/Components/hts221/hts221.o
                0x08002dc8                HTS221_Init
 .text.HTS221_DeInit
                0x08002dfe       0x48 ./Drivers/BSP/Components/hts221/hts221.o
                0x08002dfe                HTS221_DeInit
 .text.HTS221_ReadID
                0x08002e46       0x2c ./Drivers/BSP/Components/hts221/hts221.o
                0x08002e46                HTS221_ReadID
 *fill*         0x08002e72        0x2 
 .text.HTS221_GetCapabilities
                0x08002e74       0x54 ./Drivers/BSP/Components/hts221/hts221.o
                0x08002e74                HTS221_GetCapabilities
 .text.HTS221_HUM_Enable
                0x08002ec8       0x4a ./Drivers/BSP/Components/hts221/hts221.o
                0x08002ec8                HTS221_HUM_Enable
 .text.HTS221_HUM_Disable
                0x08002f12       0x4a ./Drivers/BSP/Components/hts221/hts221.o
                0x08002f12                HTS221_HUM_Disable
 .text.HTS221_HUM_GetOutputDataRate
                0x08002f5c       0x1c ./Drivers/BSP/Components/hts221/hts221.o
                0x08002f5c                HTS221_HUM_GetOutputDataRate
 .text.HTS221_HUM_SetOutputDataRate
                0x08002f78       0x1c ./Drivers/BSP/Components/hts221/hts221.o
                0x08002f78                HTS221_HUM_SetOutputDataRate
 .text.HTS221_HUM_GetHumidity
                0x08002f94      0x108 ./Drivers/BSP/Components/hts221/hts221.o
                0x08002f94                HTS221_HUM_GetHumidity
 .text.HTS221_TEMP_Enable
                0x0800309c       0x4a ./Drivers/BSP/Components/hts221/hts221.o
                0x0800309c                HTS221_TEMP_Enable
 .text.HTS221_TEMP_Disable
                0x080030e6       0x4a ./Drivers/BSP/Components/hts221/hts221.o
                0x080030e6                HTS221_TEMP_Disable
 .text.HTS221_TEMP_GetOutputDataRate
                0x08003130       0x1c ./Drivers/BSP/Components/hts221/hts221.o
                0x08003130                HTS221_TEMP_GetOutputDataRate
 .text.HTS221_TEMP_SetOutputDataRate
                0x0800314c       0x1c ./Drivers/BSP/Components/hts221/hts221.o
                0x0800314c                HTS221_TEMP_SetOutputDataRate
 .text.HTS221_TEMP_GetTemperature
                0x08003168       0xce ./Drivers/BSP/Components/hts221/hts221.o
                0x08003168                HTS221_TEMP_GetTemperature
 *fill*         0x08003236        0x2 
 .text.HTS221_GetOutputDataRate
                0x08003238       0x88 ./Drivers/BSP/Components/hts221/hts221.o
 .text.HTS221_SetOutputDataRate
                0x080032c0       0x5c ./Drivers/BSP/Components/hts221/hts221.o
 .text.HTS221_Initialize
                0x0800331c       0x58 ./Drivers/BSP/Components/hts221/hts221.o
 .text.Linear_Interpolation
                0x08003374       0x88 ./Drivers/BSP/Components/hts221/hts221.o
 .text.ReadRegWrap
                0x080033fc       0x62 ./Drivers/BSP/Components/hts221/hts221.o
 .text.WriteRegWrap
                0x0800345e       0x62 ./Drivers/BSP/Components/hts221/hts221.o
 .text.hts221_read_reg
                0x080034c0       0x30 ./Drivers/BSP/Components/hts221/hts221_reg.o
                0x080034c0                hts221_read_reg
 .text.hts221_write_reg
                0x080034f0       0x30 ./Drivers/BSP/Components/hts221/hts221_reg.o
                0x080034f0                hts221_write_reg
 .text.hts221_data_rate_set
                0x08003520       0x4c ./Drivers/BSP/Components/hts221/hts221_reg.o
                0x08003520                hts221_data_rate_set
 .text.hts221_data_rate_get
                0x0800356c       0x70 ./Drivers/BSP/Components/hts221/hts221_reg.o
                0x0800356c                hts221_data_rate_get
 .text.hts221_block_data_update_set
                0x080035dc       0x4c ./Drivers/BSP/Components/hts221/hts221_reg.o
                0x080035dc                hts221_block_data_update_set
 .text.hts221_humidity_raw_get
                0x08003628       0x44 ./Drivers/BSP/Components/hts221/hts221_reg.o
                0x08003628                hts221_humidity_raw_get
 .text.hts221_temperature_raw_get
                0x0800366c       0x44 ./Drivers/BSP/Components/hts221/hts221_reg.o
                0x0800366c                hts221_temperature_raw_get
 .text.hts221_device_id_get
                0x080036b0       0x22 ./Drivers/BSP/Components/hts221/hts221_reg.o
                0x080036b0                hts221_device_id_get
 .text.hts221_power_on_set
                0x080036d2       0x4c ./Drivers/BSP/Components/hts221/hts221_reg.o
                0x080036d2                hts221_power_on_set
 .text.hts221_hum_rh_point_0_get
                0x0800371e       0x40 ./Drivers/BSP/Components/hts221/hts221_reg.o
                0x0800371e                hts221_hum_rh_point_0_get
 .text.hts221_hum_rh_point_1_get
                0x0800375e       0x40 ./Drivers/BSP/Components/hts221/hts221_reg.o
                0x0800375e                hts221_hum_rh_point_1_get
 .text.hts221_temp_deg_point_0_get
                0x0800379e       0x66 ./Drivers/BSP/Components/hts221/hts221_reg.o
                0x0800379e                hts221_temp_deg_point_0_get
 .text.hts221_temp_deg_point_1_get
                0x08003804       0x66 ./Drivers/BSP/Components/hts221/hts221_reg.o
                0x08003804                hts221_temp_deg_point_1_get
 .text.hts221_hum_adc_point_0_get
                0x0800386a       0x42 ./Drivers/BSP/Components/hts221/hts221_reg.o
                0x0800386a                hts221_hum_adc_point_0_get
 .text.hts221_hum_adc_point_1_get
                0x080038ac       0x42 ./Drivers/BSP/Components/hts221/hts221_reg.o
                0x080038ac                hts221_hum_adc_point_1_get
 .text.hts221_temp_adc_point_0_get
                0x080038ee       0x42 ./Drivers/BSP/Components/hts221/hts221_reg.o
                0x080038ee                hts221_temp_adc_point_0_get
 .text.hts221_temp_adc_point_1_get
                0x08003930       0x42 ./Drivers/BSP/Components/hts221/hts221_reg.o
                0x08003930                hts221_temp_adc_point_1_get
 *fill*         0x08003972        0x2 
 .text.LIS2DW12_RegisterBusIO
                0x08003974       0xd4 ./Drivers/BSP/Components/lis2dw12/lis2dw12.o
                0x08003974                LIS2DW12_RegisterBusIO
 .text.LIS2DW12_Init
                0x08003a48       0xc4 ./Drivers/BSP/Components/lis2dw12/lis2dw12.o
                0x08003a48                LIS2DW12_Init
 .text.LIS2DW12_DeInit
                0x08003b0c       0x44 ./Drivers/BSP/Components/lis2dw12/lis2dw12.o
                0x08003b0c                LIS2DW12_DeInit
 .text.LIS2DW12_ReadID
                0x08003b50       0x2c ./Drivers/BSP/Components/lis2dw12/lis2dw12.o
                0x08003b50                LIS2DW12_ReadID
 .text.LIS2DW12_GetCapabilities
                0x08003b7c       0x5c ./Drivers/BSP/Components/lis2dw12/lis2dw12.o
                0x08003b7c                LIS2DW12_GetCapabilities
 .text.LIS2DW12_ACC_Enable
                0x08003bd8       0x4a ./Drivers/BSP/Components/lis2dw12/lis2dw12.o
                0x08003bd8                LIS2DW12_ACC_Enable
 .text.LIS2DW12_ACC_Disable
                0x08003c22       0x40 ./Drivers/BSP/Components/lis2dw12/lis2dw12.o
                0x08003c22                LIS2DW12_ACC_Disable
 *fill*         0x08003c62        0x2 
 .text.LIS2DW12_ACC_GetSensitivity
                0x08003c64      0x150 ./Drivers/BSP/Components/lis2dw12/lis2dw12.o
                0x08003c64                LIS2DW12_ACC_GetSensitivity
 .text.LIS2DW12_ACC_GetOutputDataRate
                0x08003db4      0x2fc ./Drivers/BSP/Components/lis2dw12/lis2dw12.o
                0x08003db4                LIS2DW12_ACC_GetOutputDataRate
 .text.LIS2DW12_ACC_SetOutputDataRate
                0x080040b0       0x20 ./Drivers/BSP/Components/lis2dw12/lis2dw12.o
                0x080040b0                LIS2DW12_ACC_SetOutputDataRate
 .text.LIS2DW12_ACC_SetOutputDataRate_With_Mode
                0x080040d0       0x46 ./Drivers/BSP/Components/lis2dw12/lis2dw12.o
                0x080040d0                LIS2DW12_ACC_SetOutputDataRate_With_Mode
 *fill*         0x08004116        0x2 
 .text.LIS2DW12_ACC_GetFullScale
                0x08004118       0x84 ./Drivers/BSP/Components/lis2dw12/lis2dw12.o
                0x08004118                LIS2DW12_ACC_GetFullScale
 .text.LIS2DW12_ACC_SetFullScale
                0x0800419c       0x50 ./Drivers/BSP/Components/lis2dw12/lis2dw12.o
                0x0800419c                LIS2DW12_ACC_SetFullScale
 .text.LIS2DW12_ACC_GetAxesRaw
                0x080041ec      0x104 ./Drivers/BSP/Components/lis2dw12/lis2dw12.o
                0x080041ec                LIS2DW12_ACC_GetAxesRaw
 .text.LIS2DW12_ACC_GetAxes
                0x080042f0       0xb6 ./Drivers/BSP/Components/lis2dw12/lis2dw12.o
                0x080042f0                LIS2DW12_ACC_GetAxes
 .text.LIS2DW12_Write_Reg
                0x080043a6       0x36 ./Drivers/BSP/Components/lis2dw12/lis2dw12.o
                0x080043a6                LIS2DW12_Write_Reg
 .text.LIS2DW12_ACC_Enable_6D_Orientation
                0x080043dc       0x9c ./Drivers/BSP/Components/lis2dw12/lis2dw12.o
                0x080043dc                LIS2DW12_ACC_Enable_6D_Orientation
 .text.LIS2DW12_ACC_SetOutputDataRate_When_Enabled
                0x08004478      0x204 ./Drivers/BSP/Components/lis2dw12/lis2dw12.o
 .text.LIS2DW12_ACC_SetOutputDataRate_When_Disabled
                0x0800467c       0xec ./Drivers/BSP/Components/lis2dw12/lis2dw12.o
 .text.ReadRegWrap
                0x08004768       0x36 ./Drivers/BSP/Components/lis2dw12/lis2dw12.o
 .text.WriteRegWrap
                0x0800479e       0x36 ./Drivers/BSP/Components/lis2dw12/lis2dw12.o
 .text.lis2dw12_read_reg
                0x080047d4       0x30 ./Drivers/BSP/Components/lis2dw12/lis2dw12_reg.o
                0x080047d4                lis2dw12_read_reg
 .text.lis2dw12_write_reg
                0x08004804       0x30 ./Drivers/BSP/Components/lis2dw12/lis2dw12_reg.o
                0x08004804                lis2dw12_write_reg
 .text.lis2dw12_power_mode_set
                0x08004834       0x9c ./Drivers/BSP/Components/lis2dw12/lis2dw12_reg.o
                0x08004834                lis2dw12_power_mode_set
 .text.lis2dw12_power_mode_get
                0x080048d0      0x174 ./Drivers/BSP/Components/lis2dw12/lis2dw12_reg.o
                0x080048d0                lis2dw12_power_mode_get
 .text.lis2dw12_data_rate_set
                0x08004a44       0x8a ./Drivers/BSP/Components/lis2dw12/lis2dw12_reg.o
                0x08004a44                lis2dw12_data_rate_set
 *fill*         0x08004ace        0x2 
 .text.lis2dw12_data_rate_get
                0x08004ad0      0x194 ./Drivers/BSP/Components/lis2dw12/lis2dw12_reg.o
                0x08004ad0                lis2dw12_data_rate_get
 .text.lis2dw12_block_data_update_set
                0x08004c64       0x4c ./Drivers/BSP/Components/lis2dw12/lis2dw12_reg.o
                0x08004c64                lis2dw12_block_data_update_set
 .text.lis2dw12_full_scale_set
                0x08004cb0       0x4c ./Drivers/BSP/Components/lis2dw12/lis2dw12_reg.o
                0x08004cb0                lis2dw12_full_scale_set
 .text.lis2dw12_full_scale_get
                0x08004cfc       0x70 ./Drivers/BSP/Components/lis2dw12/lis2dw12_reg.o
                0x08004cfc                lis2dw12_full_scale_get
 .text.lis2dw12_acceleration_raw_get
                0x08004d6c       0x90 ./Drivers/BSP/Components/lis2dw12/lis2dw12_reg.o
                0x08004d6c                lis2dw12_acceleration_raw_get
 .text.lis2dw12_device_id_get
                0x08004dfc       0x22 ./Drivers/BSP/Components/lis2dw12/lis2dw12_reg.o
                0x08004dfc                lis2dw12_device_id_get
 .text.lis2dw12_auto_increment_set
                0x08004e1e       0x4c ./Drivers/BSP/Components/lis2dw12/lis2dw12_reg.o
                0x08004e1e                lis2dw12_auto_increment_set
 .text.lis2dw12_pin_int1_route_set
                0x08004e6a       0xd4 ./Drivers/BSP/Components/lis2dw12/lis2dw12_reg.o
                0x08004e6a                lis2dw12_pin_int1_route_set
 .text.lis2dw12_pin_int1_route_get
                0x08004f3e       0x22 ./Drivers/BSP/Components/lis2dw12/lis2dw12_reg.o
                0x08004f3e                lis2dw12_pin_int1_route_get
 .text.lis2dw12_6d_threshold_set
                0x08004f60       0x4c ./Drivers/BSP/Components/lis2dw12/lis2dw12_reg.o
                0x08004f60                lis2dw12_6d_threshold_set
 .text.lis2dw12_fifo_mode_set
                0x08004fac       0x4c ./Drivers/BSP/Components/lis2dw12/lis2dw12_reg.o
                0x08004fac                lis2dw12_fifo_mode_set
 .text.LIS2MDL_RegisterBusIO
                0x08004ff8      0x100 ./Drivers/BSP/Components/lis2mdl/lis2mdl.o
                0x08004ff8                LIS2MDL_RegisterBusIO
 .text.LIS2MDL_Init
                0x080050f8      0x10c ./Drivers/BSP/Components/lis2mdl/lis2mdl.o
                0x080050f8                LIS2MDL_Init
 .text.LIS2MDL_DeInit
                0x08005204       0x2c ./Drivers/BSP/Components/lis2mdl/lis2mdl.o
                0x08005204                LIS2MDL_DeInit
 .text.LIS2MDL_ReadID
                0x08005230       0x4c ./Drivers/BSP/Components/lis2mdl/lis2mdl.o
                0x08005230                LIS2MDL_ReadID
 .text.LIS2MDL_GetCapabilities
                0x0800527c       0x5c ./Drivers/BSP/Components/lis2mdl/lis2mdl.o
                0x0800527c                LIS2MDL_GetCapabilities
 .text.LIS2MDL_MAG_Enable
                0x080052d8       0x84 ./Drivers/BSP/Components/lis2mdl/lis2mdl.o
                0x080052d8                LIS2MDL_MAG_Enable
 .text.LIS2MDL_MAG_Disable
                0x0800535c       0x86 ./Drivers/BSP/Components/lis2mdl/lis2mdl.o
                0x0800535c                LIS2MDL_MAG_Disable
 .text.LIS2MDL_MAG_GetSensitivity
                0x080053e2       0x1e ./Drivers/BSP/Components/lis2mdl/lis2mdl.o
                0x080053e2                LIS2MDL_MAG_GetSensitivity
 .text.LIS2MDL_MAG_GetOutputDataRate
                0x08005400       0x8c ./Drivers/BSP/Components/lis2mdl/lis2mdl.o
                0x08005400                LIS2MDL_MAG_GetOutputDataRate
 .text.LIS2MDL_MAG_SetOutputDataRate
                0x0800548c       0xc0 ./Drivers/BSP/Components/lis2mdl/lis2mdl.o
                0x0800548c                LIS2MDL_MAG_SetOutputDataRate
 .text.LIS2MDL_MAG_GetFullScale
                0x0800554c       0x1c ./Drivers/BSP/Components/lis2mdl/lis2mdl.o
                0x0800554c                LIS2MDL_MAG_GetFullScale
 .text.LIS2MDL_MAG_SetFullScale
                0x08005568       0x16 ./Drivers/BSP/Components/lis2mdl/lis2mdl.o
                0x08005568                LIS2MDL_MAG_SetFullScale
 .text.LIS2MDL_MAG_GetAxesRaw
                0x0800557e       0x48 ./Drivers/BSP/Components/lis2mdl/lis2mdl.o
                0x0800557e                LIS2MDL_MAG_GetAxesRaw
 .text.LIS2MDL_MAG_GetAxes
                0x080055c6      0x11a ./Drivers/BSP/Components/lis2mdl/lis2mdl.o
                0x080055c6                LIS2MDL_MAG_GetAxes
 .text.LIS2MDL_Write_Reg
                0x080056e0       0x56 ./Drivers/BSP/Components/lis2mdl/lis2mdl.o
                0x080056e0                LIS2MDL_Write_Reg
 .text.ReadMagRegWrap
                0x08005736       0x82 ./Drivers/BSP/Components/lis2mdl/lis2mdl.o
 .text.WriteMagRegWrap
                0x080057b8       0x82 ./Drivers/BSP/Components/lis2mdl/lis2mdl.o
 .text.LSM6DSOX_SENSORHUB_LIS2MDL_ReadShData
                0x0800583a      0x27e ./Drivers/BSP/Components/lis2mdl/lis2mdl.o
 .text.LSM6DSOX_SENSORHUB_LIS2MDL_WriteShData
                0x08005ab8      0x23c ./Drivers/BSP/Components/lis2mdl/lis2mdl.o
 .text.lis2mdl_read_reg
                0x08005cf4       0x30 ./Drivers/BSP/Components/lis2mdl/lis2mdl_reg.o
                0x08005cf4                lis2mdl_read_reg
 .text.lis2mdl_write_reg
                0x08005d24       0x30 ./Drivers/BSP/Components/lis2mdl/lis2mdl_reg.o
                0x08005d24                lis2mdl_write_reg
 .text.lis2mdl_operating_mode_set
                0x08005d54       0x4c ./Drivers/BSP/Components/lis2mdl/lis2mdl_reg.o
                0x08005d54                lis2mdl_operating_mode_set
 .text.lis2mdl_data_rate_set
                0x08005da0       0x4c ./Drivers/BSP/Components/lis2mdl/lis2mdl_reg.o
                0x08005da0                lis2mdl_data_rate_set
 .text.lis2mdl_data_rate_get
                0x08005dec       0x70 ./Drivers/BSP/Components/lis2mdl/lis2mdl_reg.o
                0x08005dec                lis2mdl_data_rate_get
 .text.lis2mdl_block_data_update_set
                0x08005e5c       0x4c ./Drivers/BSP/Components/lis2mdl/lis2mdl_reg.o
                0x08005e5c                lis2mdl_block_data_update_set
 .text.lis2mdl_magnetic_raw_get
                0x08005ea8       0x90 ./Drivers/BSP/Components/lis2mdl/lis2mdl_reg.o
                0x08005ea8                lis2mdl_magnetic_raw_get
 .text.lis2mdl_device_id_get
                0x08005f38       0x22 ./Drivers/BSP/Components/lis2mdl/lis2mdl_reg.o
                0x08005f38                lis2mdl_device_id_get
 .text.lis2mdl_self_test_set
                0x08005f5a       0x4c ./Drivers/BSP/Components/lis2mdl/lis2mdl_reg.o
                0x08005f5a                lis2mdl_self_test_set
 .text.lis2mdl_i2c_interface_set
                0x08005fa6       0x4c ./Drivers/BSP/Components/lis2mdl/lis2mdl_reg.o
                0x08005fa6                lis2mdl_i2c_interface_set
 *fill*         0x08005ff2        0x2 
 .text.LPS22HH_RegisterBusIO
                0x08005ff4       0xd4 ./Drivers/BSP/Components/lps22hh/lps22hh.o
                0x08005ff4                LPS22HH_RegisterBusIO
 .text.LPS22HH_Init
                0x080060c8       0x36 ./Drivers/BSP/Components/lps22hh/lps22hh.o
                0x080060c8                LPS22HH_Init
 .text.LPS22HH_DeInit
                0x080060fe       0x48 ./Drivers/BSP/Components/lps22hh/lps22hh.o
                0x080060fe                LPS22HH_DeInit
 .text.LPS22HH_ReadID
                0x08006146       0x2c ./Drivers/BSP/Components/lps22hh/lps22hh.o
                0x08006146                LPS22HH_ReadID
 *fill*         0x08006172        0x2 
 .text.LPS22HH_GetCapabilities
                0x08006174       0x54 ./Drivers/BSP/Components/lps22hh/lps22hh.o
                0x08006174                LPS22HH_GetCapabilities
 .text.LPS22HH_PRESS_Enable
                0x080061c8       0x48 ./Drivers/BSP/Components/lps22hh/lps22hh.o
                0x080061c8                LPS22HH_PRESS_Enable
 .text.LPS22HH_PRESS_Disable
                0x08006210       0x68 ./Drivers/BSP/Components/lps22hh/lps22hh.o
                0x08006210                LPS22HH_PRESS_Disable
 .text.LPS22HH_PRESS_GetOutputDataRate
                0x08006278       0x1c ./Drivers/BSP/Components/lps22hh/lps22hh.o
                0x08006278                LPS22HH_PRESS_GetOutputDataRate
 .text.LPS22HH_PRESS_SetOutputDataRate
                0x08006294       0x32 ./Drivers/BSP/Components/lps22hh/lps22hh.o
                0x08006294                LPS22HH_PRESS_SetOutputDataRate
 .text.LPS22HH_PRESS_GetPressure
                0x080062c6       0x4c ./Drivers/BSP/Components/lps22hh/lps22hh.o
                0x080062c6                LPS22HH_PRESS_GetPressure
 .text.LPS22HH_TEMP_Enable
                0x08006312       0x48 ./Drivers/BSP/Components/lps22hh/lps22hh.o
                0x08006312                LPS22HH_TEMP_Enable
 .text.LPS22HH_TEMP_Disable
                0x0800635a       0x68 ./Drivers/BSP/Components/lps22hh/lps22hh.o
                0x0800635a                LPS22HH_TEMP_Disable
 .text.LPS22HH_TEMP_GetOutputDataRate
                0x080063c2       0x1c ./Drivers/BSP/Components/lps22hh/lps22hh.o
                0x080063c2                LPS22HH_TEMP_GetOutputDataRate
 .text.LPS22HH_TEMP_SetOutputDataRate
                0x080063de       0x32 ./Drivers/BSP/Components/lps22hh/lps22hh.o
                0x080063de                LPS22HH_TEMP_SetOutputDataRate
 .text.LPS22HH_TEMP_GetTemperature
                0x08006410       0x4e ./Drivers/BSP/Components/lps22hh/lps22hh.o
                0x08006410                LPS22HH_TEMP_GetTemperature
 .text.LPS22HH_Write_Reg
                0x0800645e       0x36 ./Drivers/BSP/Components/lps22hh/lps22hh.o
                0x0800645e                LPS22HH_Write_Reg
 .text.LPS22HH_GetOutputDataRate
                0x08006494       0xc8 ./Drivers/BSP/Components/lps22hh/lps22hh.o
 .text.LPS22HH_SetOutputDataRate_When_Enabled
                0x0800655c       0xd4 ./Drivers/BSP/Components/lps22hh/lps22hh.o
 .text.LPS22HH_SetOutputDataRate_When_Disabled
                0x08006630       0xa0 ./Drivers/BSP/Components/lps22hh/lps22hh.o
 .text.LPS22HH_Initialize
                0x080066d0       0x9a ./Drivers/BSP/Components/lps22hh/lps22hh.o
 .text.ReadRegWrap
                0x0800676a       0x36 ./Drivers/BSP/Components/lps22hh/lps22hh.o
 .text.WriteRegWrap
                0x080067a0       0x36 ./Drivers/BSP/Components/lps22hh/lps22hh.o
 .text.lps22hh_read_reg
                0x080067d6       0x30 ./Drivers/BSP/Components/lps22hh/lps22hh_reg.o
                0x080067d6                lps22hh_read_reg
 .text.lps22hh_write_reg
                0x08006806       0x30 ./Drivers/BSP/Components/lps22hh/lps22hh_reg.o
                0x08006806                lps22hh_write_reg
 .text.lps22hh_from_lsb_to_hpa
                0x08006836       0x24 ./Drivers/BSP/Components/lps22hh/lps22hh_reg.o
                0x08006836                lps22hh_from_lsb_to_hpa
 *fill*         0x0800685a        0x2 
 .text.lps22hh_from_lsb_to_celsius
                0x0800685c       0x2c ./Drivers/BSP/Components/lps22hh/lps22hh_reg.o
                0x0800685c                lps22hh_from_lsb_to_celsius
 .text.lps22hh_block_data_update_set
                0x08006888       0x4c ./Drivers/BSP/Components/lps22hh/lps22hh_reg.o
                0x08006888                lps22hh_block_data_update_set
 .text.lps22hh_data_rate_set
                0x080068d4       0x9c ./Drivers/BSP/Components/lps22hh/lps22hh_reg.o
                0x080068d4                lps22hh_data_rate_set
 .text.lps22hh_data_rate_get
                0x08006970      0x150 ./Drivers/BSP/Components/lps22hh/lps22hh_reg.o
                0x08006970                lps22hh_data_rate_get
 .text.lps22hh_pressure_raw_get
                0x08006ac0       0x52 ./Drivers/BSP/Components/lps22hh/lps22hh_reg.o
                0x08006ac0                lps22hh_pressure_raw_get
 .text.lps22hh_temperature_raw_get
                0x08006b12       0x44 ./Drivers/BSP/Components/lps22hh/lps22hh_reg.o
                0x08006b12                lps22hh_temperature_raw_get
 .text.lps22hh_device_id_get
                0x08006b56       0x22 ./Drivers/BSP/Components/lps22hh/lps22hh_reg.o
                0x08006b56                lps22hh_device_id_get
 .text.lps22hh_auto_increment_set
                0x08006b78       0x4c ./Drivers/BSP/Components/lps22hh/lps22hh_reg.o
                0x08006b78                lps22hh_auto_increment_set
 .text.lps22hh_lp_bandwidth_set
                0x08006bc4       0x4c ./Drivers/BSP/Components/lps22hh/lps22hh_reg.o
                0x08006bc4                lps22hh_lp_bandwidth_set
 .text.lps22hh_i3c_interface_set
                0x08006c10       0x5e ./Drivers/BSP/Components/lps22hh/lps22hh_reg.o
                0x08006c10                lps22hh_i3c_interface_set
 *fill*         0x08006c6e        0x2 
 .text.LSM6DSO_RegisterBusIO
                0x08006c70       0xd4 ./Drivers/BSP/Components/lsm6dso/lsm6dso.o
                0x08006c70                LSM6DSO_RegisterBusIO
 .text.LSM6DSO_Init
                0x08006d44       0xf2 ./Drivers/BSP/Components/lsm6dso/lsm6dso.o
                0x08006d44                LSM6DSO_Init
 .text.LSM6DSO_DeInit
                0x08006e36       0x4e ./Drivers/BSP/Components/lsm6dso/lsm6dso.o
                0x08006e36                LSM6DSO_DeInit
 .text.LSM6DSO_ReadID
                0x08006e84       0x2c ./Drivers/BSP/Components/lsm6dso/lsm6dso.o
                0x08006e84                LSM6DSO_ReadID
 .text.LSM6DSO_GetCapabilities
                0x08006eb0       0x5c ./Drivers/BSP/Components/lsm6dso/lsm6dso.o
                0x08006eb0                LSM6DSO_GetCapabilities
 .text.LSM6DSO_ACC_Enable
                0x08006f0c       0x48 ./Drivers/BSP/Components/lsm6dso/lsm6dso.o
                0x08006f0c                LSM6DSO_ACC_Enable
 .text.LSM6DSO_ACC_Disable
                0x08006f54       0x5e ./Drivers/BSP/Components/lsm6dso/lsm6dso.o
                0x08006f54                LSM6DSO_ACC_Disable
 *fill*         0x08006fb2        0x2 
 .text.LSM6DSO_ACC_GetSensitivity
                0x08006fb4       0x8c ./Drivers/BSP/Components/lsm6dso/lsm6dso.o
                0x08006fb4                LSM6DSO_ACC_GetSensitivity
 .text.LSM6DSO_ACC_GetOutputDataRate
                0x08007040      0x108 ./Drivers/BSP/Components/lsm6dso/lsm6dso.o
                0x08007040                LSM6DSO_ACC_GetOutputDataRate
 .text.LSM6DSO_ACC_SetOutputDataRate
                0x08007148       0x1e ./Drivers/BSP/Components/lsm6dso/lsm6dso.o
                0x08007148                LSM6DSO_ACC_SetOutputDataRate
 *fill*         0x08007166        0x2 
 .text.LSM6DSO_ACC_SetOutputDataRate_With_Mode
                0x08007168      0x328 ./Drivers/BSP/Components/lsm6dso/lsm6dso.o
                0x08007168                LSM6DSO_ACC_SetOutputDataRate_With_Mode
 .text.LSM6DSO_ACC_GetFullScale
                0x08007490       0x7c ./Drivers/BSP/Components/lsm6dso/lsm6dso.o
                0x08007490                LSM6DSO_ACC_GetFullScale
 .text.LSM6DSO_ACC_SetFullScale
                0x0800750c       0x50 ./Drivers/BSP/Components/lsm6dso/lsm6dso.o
                0x0800750c                LSM6DSO_ACC_SetFullScale
 .text.LSM6DSO_ACC_GetAxesRaw
                0x0800755c       0x48 ./Drivers/BSP/Components/lsm6dso/lsm6dso.o
                0x0800755c                LSM6DSO_ACC_GetAxesRaw
 .text.LSM6DSO_ACC_GetAxes
                0x080075a4       0xba ./Drivers/BSP/Components/lsm6dso/lsm6dso.o
                0x080075a4                LSM6DSO_ACC_GetAxes
 .text.LSM6DSO_GYRO_Enable
                0x0800765e       0x48 ./Drivers/BSP/Components/lsm6dso/lsm6dso.o
                0x0800765e                LSM6DSO_GYRO_Enable
 .text.LSM6DSO_GYRO_Disable
                0x080076a6       0x5e ./Drivers/BSP/Components/lsm6dso/lsm6dso.o
                0x080076a6                LSM6DSO_GYRO_Disable
 .text.LSM6DSO_GYRO_GetSensitivity
                0x08007704       0xa4 ./Drivers/BSP/Components/lsm6dso/lsm6dso.o
                0x08007704                LSM6DSO_GYRO_GetSensitivity
 .text.LSM6DSO_GYRO_GetOutputDataRate
                0x080077a8       0xf8 ./Drivers/BSP/Components/lsm6dso/lsm6dso.o
                0x080077a8                LSM6DSO_GYRO_GetOutputDataRate
 .text.LSM6DSO_GYRO_SetOutputDataRate
                0x080078a0       0x1e ./Drivers/BSP/Components/lsm6dso/lsm6dso.o
                0x080078a0                LSM6DSO_GYRO_SetOutputDataRate
 *fill*         0x080078be        0x2 
 .text.LSM6DSO_GYRO_SetOutputDataRate_With_Mode
                0x080078c0      0x120 ./Drivers/BSP/Components/lsm6dso/lsm6dso.o
                0x080078c0                LSM6DSO_GYRO_SetOutputDataRate_With_Mode
 .text.LSM6DSO_GYRO_GetFullScale
                0x080079e0       0x94 ./Drivers/BSP/Components/lsm6dso/lsm6dso.o
                0x080079e0                LSM6DSO_GYRO_GetFullScale
 .text.LSM6DSO_GYRO_SetFullScale
                0x08007a74       0x5e ./Drivers/BSP/Components/lsm6dso/lsm6dso.o
                0x08007a74                LSM6DSO_GYRO_SetFullScale
 .text.LSM6DSO_GYRO_GetAxesRaw
                0x08007ad2       0x48 ./Drivers/BSP/Components/lsm6dso/lsm6dso.o
                0x08007ad2                LSM6DSO_GYRO_GetAxesRaw
 .text.LSM6DSO_GYRO_GetAxes
                0x08007b1a       0xb4 ./Drivers/BSP/Components/lsm6dso/lsm6dso.o
                0x08007b1a                LSM6DSO_GYRO_GetAxes
 .text.LSM6DSO_Write_Reg
                0x08007bce       0x36 ./Drivers/BSP/Components/lsm6dso/lsm6dso.o
                0x08007bce                LSM6DSO_Write_Reg
 .text.LSM6DSO_ACC_Enable_6D_Orientation
                0x08007c04       0xfc ./Drivers/BSP/Components/lsm6dso/lsm6dso.o
                0x08007c04                LSM6DSO_ACC_Enable_6D_Orientation
 .text.LSM6DSO_ACC_SetOutputDataRate_When_Enabled
                0x08007d00      0x110 ./Drivers/BSP/Components/lsm6dso/lsm6dso.o
 .text.LSM6DSO_ACC_SetOutputDataRate_When_Disabled
                0x08007e10       0xf8 ./Drivers/BSP/Components/lsm6dso/lsm6dso.o
 .text.LSM6DSO_GYRO_SetOutputDataRate_When_Enabled
                0x08007f08       0xf8 ./Drivers/BSP/Components/lsm6dso/lsm6dso.o
 .text.LSM6DSO_GYRO_SetOutputDataRate_When_Disabled
                0x08008000       0xe4 ./Drivers/BSP/Components/lsm6dso/lsm6dso.o
 .text.ReadRegWrap
                0x080080e4       0x36 ./Drivers/BSP/Components/lsm6dso/lsm6dso.o
 .text.WriteRegWrap
                0x0800811a       0x36 ./Drivers/BSP/Components/lsm6dso/lsm6dso.o
 .text.lsm6dso_read_reg
                0x08008150       0x30 ./Drivers/BSP/Components/lsm6dso/lsm6dso_reg.o
                0x08008150                lsm6dso_read_reg
 .text.lsm6dso_write_reg
                0x08008180       0x30 ./Drivers/BSP/Components/lsm6dso/lsm6dso_reg.o
                0x08008180                lsm6dso_write_reg
 .text.lsm6dso_xl_full_scale_set
                0x080081b0       0x4c ./Drivers/BSP/Components/lsm6dso/lsm6dso_reg.o
                0x080081b0                lsm6dso_xl_full_scale_set
 .text.lsm6dso_xl_full_scale_get
                0x080081fc       0x70 ./Drivers/BSP/Components/lsm6dso/lsm6dso_reg.o
                0x080081fc                lsm6dso_xl_full_scale_get
 .text.lsm6dso_xl_data_rate_set
                0x0800826c      0x1f4 ./Drivers/BSP/Components/lsm6dso/lsm6dso_reg.o
                0x0800826c                lsm6dso_xl_data_rate_set
 .text.lsm6dso_xl_data_rate_get
                0x08008460       0xd0 ./Drivers/BSP/Components/lsm6dso/lsm6dso_reg.o
                0x08008460                lsm6dso_xl_data_rate_get
 .text.lsm6dso_gy_full_scale_set
                0x08008530       0x4c ./Drivers/BSP/Components/lsm6dso/lsm6dso_reg.o
                0x08008530                lsm6dso_gy_full_scale_set
 .text.lsm6dso_gy_full_scale_get
                0x0800857c       0x84 ./Drivers/BSP/Components/lsm6dso/lsm6dso_reg.o
                0x0800857c                lsm6dso_gy_full_scale_get
 .text.lsm6dso_gy_data_rate_set
                0x08008600      0x1f4 ./Drivers/BSP/Components/lsm6dso/lsm6dso_reg.o
                0x08008600                lsm6dso_gy_data_rate_set
 .text.lsm6dso_gy_data_rate_get
                0x080087f4       0xc4 ./Drivers/BSP/Components/lsm6dso/lsm6dso_reg.o
                0x080087f4                lsm6dso_gy_data_rate_get
 .text.lsm6dso_block_data_update_set
                0x080088b8       0x4c ./Drivers/BSP/Components/lsm6dso/lsm6dso_reg.o
                0x080088b8                lsm6dso_block_data_update_set
 .text.lsm6dso_angular_rate_raw_get
                0x08008904       0x90 ./Drivers/BSP/Components/lsm6dso/lsm6dso_reg.o
                0x08008904                lsm6dso_angular_rate_raw_get
 .text.lsm6dso_acceleration_raw_get
                0x08008994       0x90 ./Drivers/BSP/Components/lsm6dso/lsm6dso_reg.o
                0x08008994                lsm6dso_acceleration_raw_get
 .text.lsm6dso_mem_bank_set
                0x08008a24       0x3a ./Drivers/BSP/Components/lsm6dso/lsm6dso_reg.o
                0x08008a24                lsm6dso_mem_bank_set
 .text.lsm6dso_device_id_get
                0x08008a5e       0x22 ./Drivers/BSP/Components/lsm6dso/lsm6dso_reg.o
                0x08008a5e                lsm6dso_device_id_get
 .text.lsm6dso_auto_increment_set
                0x08008a80       0x4c ./Drivers/BSP/Components/lsm6dso/lsm6dso_reg.o
                0x08008a80                lsm6dso_auto_increment_set
 .text.lsm6dso_i3c_disable_set
                0x08008acc       0x90 ./Drivers/BSP/Components/lsm6dso/lsm6dso_reg.o
                0x08008acc                lsm6dso_i3c_disable_set
 .text.lsm6dso_6d_threshold_set
                0x08008b5c       0x4c ./Drivers/BSP/Components/lsm6dso/lsm6dso_reg.o
                0x08008b5c                lsm6dso_6d_threshold_set
 .text.lsm6dso_fifo_mode_set
                0x08008ba8       0x4c ./Drivers/BSP/Components/lsm6dso/lsm6dso_reg.o
                0x08008ba8                lsm6dso_fifo_mode_set
 .text.lsm6dso_fsm_enable_get
                0x08008bf4       0x42 ./Drivers/BSP/Components/lsm6dso/lsm6dso_reg.o
                0x08008bf4                lsm6dso_fsm_enable_get
 *fill*         0x08008c36        0x2 
 .text.lsm6dso_fsm_data_rate_get
                0x08008c38       0x9c ./Drivers/BSP/Components/lsm6dso/lsm6dso_reg.o
                0x08008c38                lsm6dso_fsm_data_rate_get
 .text.lsm6dso_pin_int1_route_set
                0x08008cd4      0x74c ./Drivers/BSP/Components/lsm6dso/lsm6dso_reg.o
                0x08008cd4                lsm6dso_pin_int1_route_set
 .text.lsm6dso_pin_int1_route_get
                0x08009420      0x3e0 ./Drivers/BSP/Components/lsm6dso/lsm6dso_reg.o
                0x08009420                lsm6dso_pin_int1_route_get
 .text.lsm6dso_pin_int2_route_set
                0x08009800      0x6e4 ./Drivers/BSP/Components/lsm6dso/lsm6dso_reg.o
                0x08009800                lsm6dso_pin_int2_route_set
 .text.lsm6dso_pin_int2_route_get
                0x08009ee4      0x3d8 ./Drivers/BSP/Components/lsm6dso/lsm6dso_reg.o
                0x08009ee4                lsm6dso_pin_int2_route_get
 .text.STTS751_RegisterBusIO
                0x0800a2bc       0x94 ./Drivers/BSP/Components/stts751/stts751.o
                0x0800a2bc                STTS751_RegisterBusIO
 .text.STTS751_Init
                0x0800a350       0x74 ./Drivers/BSP/Components/stts751/stts751.o
                0x0800a350                STTS751_Init
 .text.STTS751_DeInit
                0x0800a3c4       0x36 ./Drivers/BSP/Components/stts751/stts751.o
                0x0800a3c4                STTS751_DeInit
 .text.STTS751_ReadID
                0x0800a3fa       0x36 ./Drivers/BSP/Components/stts751/stts751.o
                0x0800a3fa                STTS751_ReadID
 .text.STTS751_GetCapabilities
                0x0800a430       0x54 ./Drivers/BSP/Components/stts751/stts751.o
                0x0800a430                STTS751_GetCapabilities
 .text.STTS751_TEMP_Enable
                0x0800a484       0x40 ./Drivers/BSP/Components/stts751/stts751.o
                0x0800a484                STTS751_TEMP_Enable
 .text.STTS751_TEMP_Disable
                0x0800a4c4       0x58 ./Drivers/BSP/Components/stts751/stts751.o
                0x0800a4c4                STTS751_TEMP_Disable
 .text.STTS751_TEMP_GetOutputDataRate
                0x0800a51c       0xf4 ./Drivers/BSP/Components/stts751/stts751.o
                0x0800a51c                STTS751_TEMP_GetOutputDataRate
 .text.STTS751_TEMP_SetOutputDataRate
                0x0800a610      0x164 ./Drivers/BSP/Components/stts751/stts751.o
                0x0800a610                STTS751_TEMP_SetOutputDataRate
 .text.STTS751_TEMP_GetTemperature
                0x0800a774       0x40 ./Drivers/BSP/Components/stts751/stts751.o
                0x0800a774                STTS751_TEMP_GetTemperature
 .text.ReadRegWrap
                0x0800a7b4       0x6e ./Drivers/BSP/Components/stts751/stts751.o
 .text.WriteRegWrap
                0x0800a822       0x6e ./Drivers/BSP/Components/stts751/stts751.o
 .text.stts751_read_reg
                0x0800a890       0x30 ./Drivers/BSP/Components/stts751/stts751_reg.o
                0x0800a890                stts751_read_reg
 .text.stts751_write_reg
                0x0800a8c0       0x30 ./Drivers/BSP/Components/stts751/stts751_reg.o
                0x0800a8c0                stts751_write_reg
 .text.stts751_from_lsb_to_celsius
                0x0800a8f0       0x2a ./Drivers/BSP/Components/stts751/stts751_reg.o
                0x0800a8f0                stts751_from_lsb_to_celsius
 .text.stts751_temp_data_rate_set
                0x0800a91a       0xac ./Drivers/BSP/Components/stts751/stts751_reg.o
                0x0800a91a                stts751_temp_data_rate_set
 *fill*         0x0800a9c6        0x2 
 .text.stts751_temp_data_rate_get
                0x0800a9c8      0x100 ./Drivers/BSP/Components/stts751/stts751_reg.o
                0x0800a9c8                stts751_temp_data_rate_get
 .text.stts751_resolution_set
                0x0800aac8       0x4c ./Drivers/BSP/Components/stts751/stts751_reg.o
                0x0800aac8                stts751_resolution_set
 .text.stts751_resolution_get
                0x0800ab14       0x70 ./Drivers/BSP/Components/stts751/stts751_reg.o
                0x0800ab14                stts751_resolution_get
 .text.stts751_temperature_raw_get
                0x0800ab84       0x5c ./Drivers/BSP/Components/stts751/stts751_reg.o
                0x0800ab84                stts751_temperature_raw_get
 .text.stts751_pin_event_route_set
                0x0800abe0       0x4c ./Drivers/BSP/Components/stts751/stts751_reg.o
                0x0800abe0                stts751_pin_event_route_set
 .text.stts751_device_id_get
                0x0800ac2c       0x4e ./Drivers/BSP/Components/stts751/stts751_reg.o
                0x0800ac2c                stts751_device_id_get
 *fill*         0x0800ac7a        0x2 
 .text.IKS01A3_ENV_SENSOR_Init
                0x0800ac7c      0x21c ./Drivers/BSP/IKS01A3/iks01a3_env_sensors.o
                0x0800ac7c                IKS01A3_ENV_SENSOR_Init
 .text.IKS01A3_ENV_SENSOR_SetOutputDataRate
                0x0800ae98       0x84 ./Drivers/BSP/IKS01A3/iks01a3_env_sensors.o
                0x0800ae98                IKS01A3_ENV_SENSOR_SetOutputDataRate
 .text.IKS01A3_ENV_SENSOR_GetValue
                0x0800af1c       0x84 ./Drivers/BSP/IKS01A3/iks01a3_env_sensors.o
                0x0800af1c                IKS01A3_ENV_SENSOR_GetValue
 .text.HTS221_0_Probe
                0x0800afa0      0x194 ./Drivers/BSP/IKS01A3/iks01a3_env_sensors.o
 .text.LPS22HH_0_Probe
                0x0800b134      0x198 ./Drivers/BSP/IKS01A3/iks01a3_env_sensors.o
 .text.STTS751_0_Probe
                0x0800b2cc      0x164 ./Drivers/BSP/IKS01A3/iks01a3_env_sensors.o
 .text.IKS01A3_MOTION_SENSOR_Init
                0x0800b430      0x1f8 ./Drivers/BSP/IKS01A3/iks01a3_motion_sensors.o
                0x0800b430                IKS01A3_MOTION_SENSOR_Init
 .text.IKS01A3_MOTION_SENSOR_SetOutputDataRate
                0x0800b628       0x88 ./Drivers/BSP/IKS01A3/iks01a3_motion_sensors.o
                0x0800b628                IKS01A3_MOTION_SENSOR_SetOutputDataRate
 .text.IKS01A3_MOTION_SENSOR_SetFullScale
                0x0800b6b0       0x88 ./Drivers/BSP/IKS01A3/iks01a3_motion_sensors.o
                0x0800b6b0                IKS01A3_MOTION_SENSOR_SetFullScale
 .text.LSM6DSO_0_Probe
                0x0800b738      0x180 ./Drivers/BSP/IKS01A3/iks01a3_motion_sensors.o
 .text.LIS2DW12_0_Probe
                0x0800b8b8      0x150 ./Drivers/BSP/IKS01A3/iks01a3_motion_sensors.o
 .text.LIS2MDL_0_Probe
                0x0800ba08      0x150 ./Drivers/BSP/IKS01A3/iks01a3_motion_sensors.o
 .text.IKS01A3_MOTION_SENSOR_Enable_6D_Orientation
                0x0800bb58       0x78 ./Drivers/BSP/IKS01A3/iks01a3_motion_sensors_ex.o
                0x0800bb58                IKS01A3_MOTION_SENSOR_Enable_6D_Orientation
 .text.HAL_Init
                0x0800bbd0       0x30 ./Drivers/STM32L1xx_HAL_Driver/Src/stm32l1xx_hal.o
                0x0800bbd0                HAL_Init
 .text.HAL_InitTick
                0x0800bc00       0x74 ./Drivers/STM32L1xx_HAL_Driver/Src/stm32l1xx_hal.o
                0x0800bc00                HAL_InitTick
 .text.HAL_IncTick
                0x0800bc74       0x24 ./Drivers/STM32L1xx_HAL_Driver/Src/stm32l1xx_hal.o
                0x0800bc74                HAL_IncTick
 .text.HAL_GetTick
                0x0800bc98       0x14 ./Drivers/STM32L1xx_HAL_Driver/Src/stm32l1xx_hal.o
                0x0800bc98                HAL_GetTick
 .text.HAL_Delay
                0x0800bcac       0x44 ./Drivers/STM32L1xx_HAL_Driver/Src/stm32l1xx_hal.o
                0x0800bcac                HAL_Delay
 .text.HAL_ADC_Init
                0x0800bcf0      0x28c ./Drivers/STM32L1xx_HAL_Driver/Src/stm32l1xx_hal_adc.o
                0x0800bcf0                HAL_ADC_Init
 .text.HAL_ADC_Start
                0x0800bf7c       0xc0 ./Drivers/STM32L1xx_HAL_Driver/Src/stm32l1xx_hal_adc.o
                0x0800bf7c                HAL_ADC_Start
 .text.HAL_ADC_Stop
                0x0800c03c       0x58 ./Drivers/STM32L1xx_HAL_Driver/Src/stm32l1xx_hal_adc.o
                0x0800c03c                HAL_ADC_Stop
 .text.HAL_ADC_PollForConversion
                0x0800c094      0x120 ./Drivers/STM32L1xx_HAL_Driver/Src/stm32l1xx_hal_adc.o
                0x0800c094                HAL_ADC_PollForConversion
 .text.HAL_ADC_GetValue
                0x0800c1b4       0x18 ./Drivers/STM32L1xx_HAL_Driver/Src/stm32l1xx_hal_adc.o
                0x0800c1b4                HAL_ADC_GetValue
 .text.HAL_ADC_ConfigChannel
                0x0800c1cc      0x2d8 ./Drivers/STM32L1xx_HAL_Driver/Src/stm32l1xx_hal_adc.o
                0x0800c1cc                HAL_ADC_ConfigChannel
 .text.ADC_Enable
                0x0800c4a4       0xb8 ./Drivers/STM32L1xx_HAL_Driver/Src/stm32l1xx_hal_adc.o
                0x0800c4a4                ADC_Enable
 .text.ADC_ConversionStop_Disable
                0x0800c55c       0x82 ./Drivers/STM32L1xx_HAL_Driver/Src/stm32l1xx_hal_adc.o
                0x0800c55c                ADC_ConversionStop_Disable
 *fill*         0x0800c5de        0x2 
 .text.__NVIC_SetPriorityGrouping
                0x0800c5e0       0x48 ./Drivers/STM32L1xx_HAL_Driver/Src/stm32l1xx_hal_cortex.o
 .text.__NVIC_GetPriorityGrouping
                0x0800c628       0x1c ./Drivers/STM32L1xx_HAL_Driver/Src/stm32l1xx_hal_cortex.o
 .text.__NVIC_EnableIRQ
                0x0800c644       0x38 ./Drivers/STM32L1xx_HAL_Driver/Src/stm32l1xx_hal_cortex.o
 .text.__NVIC_DisableIRQ
                0x0800c67c       0x48 ./Drivers/STM32L1xx_HAL_Driver/Src/stm32l1xx_hal_cortex.o
 .text.__NVIC_SetPriority
                0x0800c6c4       0x54 ./Drivers/STM32L1xx_HAL_Driver/Src/stm32l1xx_hal_cortex.o
 .text.NVIC_EncodePriority
                0x0800c718       0x64 ./Drivers/STM32L1xx_HAL_Driver/Src/stm32l1xx_hal_cortex.o
 .text.SysTick_Config
                0x0800c77c       0x44 ./Drivers/STM32L1xx_HAL_Driver/Src/stm32l1xx_hal_cortex.o
 .text.HAL_NVIC_SetPriorityGrouping
                0x0800c7c0       0x16 ./Drivers/STM32L1xx_HAL_Driver/Src/stm32l1xx_hal_cortex.o
                0x0800c7c0                HAL_NVIC_SetPriorityGrouping
 .text.HAL_NVIC_SetPriority
                0x0800c7d6       0x38 ./Drivers/STM32L1xx_HAL_Driver/Src/stm32l1xx_hal_cortex.o
                0x0800c7d6                HAL_NVIC_SetPriority
 .text.HAL_NVIC_EnableIRQ
                0x0800c80e       0x1c ./Drivers/STM32L1xx_HAL_Driver/Src/stm32l1xx_hal_cortex.o
                0x0800c80e                HAL_NVIC_EnableIRQ
 .text.HAL_NVIC_DisableIRQ
                0x0800c82a       0x1c ./Drivers/STM32L1xx_HAL_Driver/Src/stm32l1xx_hal_cortex.o
                0x0800c82a                HAL_NVIC_DisableIRQ
 .text.HAL_SYSTICK_Config
                0x0800c846       0x18 ./Drivers/STM32L1xx_HAL_Driver/Src/stm32l1xx_hal_cortex.o
                0x0800c846                HAL_SYSTICK_Config
 .text.HAL_DMA_Abort_IT
                0x0800c85e       0x82 ./Drivers/STM32L1xx_HAL_Driver/Src/stm32l1xx_hal_dma.o
                0x0800c85e                HAL_DMA_Abort_IT
 .text.HAL_DMA_GetState
                0x0800c8e0       0x1a ./Drivers/STM32L1xx_HAL_Driver/Src/stm32l1xx_hal_dma.o
                0x0800c8e0                HAL_DMA_GetState
 *fill*         0x0800c8fa        0x2 
 .text.HAL_GPIO_Init
                0x0800c8fc      0x320 ./Drivers/STM32L1xx_HAL_Driver/Src/stm32l1xx_hal_gpio.o
                0x0800c8fc                HAL_GPIO_Init
 .text.HAL_GPIO_DeInit
                0x0800cc1c      0x1e0 ./Drivers/STM32L1xx_HAL_Driver/Src/stm32l1xx_hal_gpio.o
                0x0800cc1c                HAL_GPIO_DeInit
 .text.HAL_GPIO_WritePin
                0x0800cdfc       0x30 ./Drivers/STM32L1xx_HAL_Driver/Src/stm32l1xx_hal_gpio.o
                0x0800cdfc                HAL_GPIO_WritePin
 .text.HAL_GPIO_TogglePin
                0x0800ce2c       0x32 ./Drivers/STM32L1xx_HAL_Driver/Src/stm32l1xx_hal_gpio.o
                0x0800ce2c                HAL_GPIO_TogglePin
 *fill*         0x0800ce5e        0x2 
 .text.HAL_GPIO_EXTI_IRQHandler
                0x0800ce60       0x30 ./Drivers/STM32L1xx_HAL_Driver/Src/stm32l1xx_hal_gpio.o
                0x0800ce60                HAL_GPIO_EXTI_IRQHandler
 .text.HAL_I2C_Init
                0x0800ce90      0x288 ./Drivers/STM32L1xx_HAL_Driver/Src/stm32l1xx_hal_i2c.o
                0x0800ce90                HAL_I2C_Init
 .text.HAL_I2C_DeInit
                0x0800d118       0x5e ./Drivers/STM32L1xx_HAL_Driver/Src/stm32l1xx_hal_i2c.o
                0x0800d118                HAL_I2C_DeInit
 .text.HAL_I2C_MspInit
                0x0800d176       0x12 ./Drivers/STM32L1xx_HAL_Driver/Src/stm32l1xx_hal_i2c.o
                0x0800d176                HAL_I2C_MspInit
 .text.HAL_I2C_MspDeInit
                0x0800d188       0x12 ./Drivers/STM32L1xx_HAL_Driver/Src/stm32l1xx_hal_i2c.o
                0x0800d188                HAL_I2C_MspDeInit
 .text.I2C_Flush_DR
                0x0800d19a       0x28 ./Drivers/STM32L1xx_HAL_Driver/Src/stm32l1xx_hal_i2c.o
 *fill*         0x0800d1c2        0x2 
 .text.HAL_I2C_Mem_Write
                0x0800d1c4      0x1f4 ./Drivers/STM32L1xx_HAL_Driver/Src/stm32l1xx_hal_i2c.o
                0x0800d1c4                HAL_I2C_Mem_Write
 .text.HAL_I2C_Mem_Read
                0x0800d3b8      0x44c ./Drivers/STM32L1xx_HAL_Driver/Src/stm32l1xx_hal_i2c.o
                0x0800d3b8                HAL_I2C_Mem_Read
 .text.HAL_I2C_EV_IRQHandler
                0x0800d804      0x2a6 ./Drivers/STM32L1xx_HAL_Driver/Src/stm32l1xx_hal_i2c.o
                0x0800d804                HAL_I2C_EV_IRQHandler
 .text.HAL_I2C_ER_IRQHandler
                0x0800daaa      0x13e ./Drivers/STM32L1xx_HAL_Driver/Src/stm32l1xx_hal_i2c.o
                0x0800daaa                HAL_I2C_ER_IRQHandler
 .text.HAL_I2C_MasterTxCpltCallback
                0x0800dbe8       0x12 ./Drivers/STM32L1xx_HAL_Driver/Src/stm32l1xx_hal_i2c.o
                0x0800dbe8                HAL_I2C_MasterTxCpltCallback
 .text.HAL_I2C_MasterRxCpltCallback
                0x0800dbfa       0x12 ./Drivers/STM32L1xx_HAL_Driver/Src/stm32l1xx_hal_i2c.o
                0x0800dbfa                HAL_I2C_MasterRxCpltCallback
 .text.HAL_I2C_SlaveTxCpltCallback
                0x0800dc0c       0x12 ./Drivers/STM32L1xx_HAL_Driver/Src/stm32l1xx_hal_i2c.o
                0x0800dc0c                HAL_I2C_SlaveTxCpltCallback
 .text.HAL_I2C_SlaveRxCpltCallback
                0x0800dc1e       0x12 ./Drivers/STM32L1xx_HAL_Driver/Src/stm32l1xx_hal_i2c.o
                0x0800dc1e                HAL_I2C_SlaveRxCpltCallback
 .text.HAL_I2C_AddrCallback
                0x0800dc30       0x1a ./Drivers/STM32L1xx_HAL_Driver/Src/stm32l1xx_hal_i2c.o
                0x0800dc30                HAL_I2C_AddrCallback
 .text.HAL_I2C_ListenCpltCallback
                0x0800dc4a       0x12 ./Drivers/STM32L1xx_HAL_Driver/Src/stm32l1xx_hal_i2c.o
                0x0800dc4a                HAL_I2C_ListenCpltCallback
 .text.HAL_I2C_MemTxCpltCallback
                0x0800dc5c       0x12 ./Drivers/STM32L1xx_HAL_Driver/Src/stm32l1xx_hal_i2c.o
                0x0800dc5c                HAL_I2C_MemTxCpltCallback
 .text.HAL_I2C_MemRxCpltCallback
                0x0800dc6e       0x12 ./Drivers/STM32L1xx_HAL_Driver/Src/stm32l1xx_hal_i2c.o
                0x0800dc6e                HAL_I2C_MemRxCpltCallback
 .text.HAL_I2C_ErrorCallback
                0x0800dc80       0x12 ./Drivers/STM32L1xx_HAL_Driver/Src/stm32l1xx_hal_i2c.o
                0x0800dc80                HAL_I2C_ErrorCallback
 .text.HAL_I2C_AbortCpltCallback
                0x0800dc92       0x12 ./Drivers/STM32L1xx_HAL_Driver/Src/stm32l1xx_hal_i2c.o
                0x0800dc92                HAL_I2C_AbortCpltCallback
 .text.HAL_I2C_GetState
                0x0800dca4       0x1a ./Drivers/STM32L1xx_HAL_Driver/Src/stm32l1xx_hal_i2c.o
                0x0800dca4                HAL_I2C_GetState
 .text.HAL_I2C_GetError
                0x0800dcbe       0x16 ./Drivers/STM32L1xx_HAL_Driver/Src/stm32l1xx_hal_i2c.o
                0x0800dcbe                HAL_I2C_GetError
 .text.I2C_MasterTransmit_TXE
                0x0800dcd4      0x138 ./Drivers/STM32L1xx_HAL_Driver/Src/stm32l1xx_hal_i2c.o
 .text.I2C_MasterTransmit_BTF
                0x0800de0c       0xec ./Drivers/STM32L1xx_HAL_Driver/Src/stm32l1xx_hal_i2c.o
 .text.I2C_MemoryTransmit_TXE_BTF
                0x0800def8      0x130 ./Drivers/STM32L1xx_HAL_Driver/Src/stm32l1xx_hal_i2c.o
 .text.I2C_MasterReceive_RXNE
                0x0800e028      0x176 ./Drivers/STM32L1xx_HAL_Driver/Src/stm32l1xx_hal_i2c.o
 .text.I2C_MasterReceive_BTF
                0x0800e19e      0x1d4 ./Drivers/STM32L1xx_HAL_Driver/Src/stm32l1xx_hal_i2c.o
 .text.I2C_Master_SB
                0x0800e372      0x10a ./Drivers/STM32L1xx_HAL_Driver/Src/stm32l1xx_hal_i2c.o
 .text.I2C_Master_ADD10
                0x0800e47c       0x52 ./Drivers/STM32L1xx_HAL_Driver/Src/stm32l1xx_hal_i2c.o
 .text.I2C_Master_ADDR
                0x0800e4ce      0x320 ./Drivers/STM32L1xx_HAL_Driver/Src/stm32l1xx_hal_i2c.o
 .text.I2C_SlaveTransmit_TXE
                0x0800e7ee       0x7a ./Drivers/STM32L1xx_HAL_Driver/Src/stm32l1xx_hal_i2c.o
 .text.I2C_SlaveTransmit_BTF
                0x0800e868       0x40 ./Drivers/STM32L1xx_HAL_Driver/Src/stm32l1xx_hal_i2c.o
 .text.I2C_SlaveReceive_RXNE
                0x0800e8a8       0x7c ./Drivers/STM32L1xx_HAL_Driver/Src/stm32l1xx_hal_i2c.o
 .text.I2C_SlaveReceive_BTF
                0x0800e924       0x42 ./Drivers/STM32L1xx_HAL_Driver/Src/stm32l1xx_hal_i2c.o
 .text.I2C_Slave_ADDR
                0x0800e966       0x90 ./Drivers/STM32L1xx_HAL_Driver/Src/stm32l1xx_hal_i2c.o
 *fill*         0x0800e9f6        0x2 
 .text.I2C_Slave_STOPF
                0x0800e9f8      0x260 ./Drivers/STM32L1xx_HAL_Driver/Src/stm32l1xx_hal_i2c.o
 .text.I2C_Slave_AF
                0x0800ec58       0xe8 ./Drivers/STM32L1xx_HAL_Driver/Src/stm32l1xx_hal_i2c.o
 .text.I2C_ITError
                0x0800ed40      0x264 ./Drivers/STM32L1xx_HAL_Driver/Src/stm32l1xx_hal_i2c.o
 .text.I2C_RequestMemoryWrite
                0x0800efa4      0x12c ./Drivers/STM32L1xx_HAL_Driver/Src/stm32l1xx_hal_i2c.o
 .text.I2C_RequestMemoryRead
                0x0800f0d0      0x1d0 ./Drivers/STM32L1xx_HAL_Driver/Src/stm32l1xx_hal_i2c.o
 .text.I2C_DMAAbort
                0x0800f2a0      0x150 ./Drivers/STM32L1xx_HAL_Driver/Src/stm32l1xx_hal_i2c.o
 .text.I2C_WaitOnFlagUntilTimeout
                0x0800f3f0       0xf4 ./Drivers/STM32L1xx_HAL_Driver/Src/stm32l1xx_hal_i2c.o
 .text.I2C_WaitOnMasterAddressFlagUntilTimeout
                0x0800f4e4      0x140 ./Drivers/STM32L1xx_HAL_Driver/Src/stm32l1xx_hal_i2c.o
 .text.I2C_WaitOnTXEFlagUntilTimeout
                0x0800f624       0x90 ./Drivers/STM32L1xx_HAL_Driver/Src/stm32l1xx_hal_i2c.o
 .text.I2C_WaitOnBTFFlagUntilTimeout
                0x0800f6b4       0x90 ./Drivers/STM32L1xx_HAL_Driver/Src/stm32l1xx_hal_i2c.o
 .text.I2C_WaitOnSTOPRequestThroughIT
                0x0800f744       0x64 ./Drivers/STM32L1xx_HAL_Driver/Src/stm32l1xx_hal_i2c.o
 .text.I2C_WaitOnRXNEFlagUntilTimeout
                0x0800f7a8       0xba ./Drivers/STM32L1xx_HAL_Driver/Src/stm32l1xx_hal_i2c.o
 .text.I2C_IsAcknowledgeFailed
                0x0800f862       0x5c ./Drivers/STM32L1xx_HAL_Driver/Src/stm32l1xx_hal_i2c.o
 .text.I2C_ConvertOtherXferOptions
                0x0800f8be       0x34 ./Drivers/STM32L1xx_HAL_Driver/Src/stm32l1xx_hal_i2c.o
 *fill*         0x0800f8f2        0x2 
 .text.HAL_RCC_OscConfig
                0x0800f8f4      0x660 ./Drivers/STM32L1xx_HAL_Driver/Src/stm32l1xx_hal_rcc.o
                0x0800f8f4                HAL_RCC_OscConfig
 .text.HAL_RCC_ClockConfig
                0x0800ff54      0x268 ./Drivers/STM32L1xx_HAL_Driver/Src/stm32l1xx_hal_rcc.o
                0x0800ff54                HAL_RCC_ClockConfig
 .text.HAL_RCC_GetSysClockFreq
                0x080101bc      0x200 ./Drivers/STM32L1xx_HAL_Driver/Src/stm32l1xx_hal_rcc.o
                0x080101bc                HAL_RCC_GetSysClockFreq
 .text.HAL_RCC_GetHCLKFreq
                0x080103bc       0x14 ./Drivers/STM32L1xx_HAL_Driver/Src/stm32l1xx_hal_rcc.o
                0x080103bc                HAL_RCC_GetHCLKFreq
 .text.HAL_RCC_GetPCLK1Freq
                0x080103d0       0x28 ./Drivers/STM32L1xx_HAL_Driver/Src/stm32l1xx_hal_rcc.o
                0x080103d0                HAL_RCC_GetPCLK1Freq
 .text.HAL_RCC_GetPCLK2Freq
                0x080103f8       0x28 ./Drivers/STM32L1xx_HAL_Driver/Src/stm32l1xx_hal_rcc.o
                0x080103f8                HAL_RCC_GetPCLK2Freq
 .text.RCC_SetFlashLatencyFromMSIRange
                0x08010420       0xc0 ./Drivers/STM32L1xx_HAL_Driver/Src/stm32l1xx_hal_rcc.o
 .text.HAL_SPI_Init
                0x080104e0      0x112 ./Drivers/STM32L1xx_HAL_Driver/Src/stm32l1xx_hal_spi.o
                0x080104e0                HAL_SPI_Init
 .text.HAL_SPI_Transmit
                0x080105f2      0x286 ./Drivers/STM32L1xx_HAL_Driver/Src/stm32l1xx_hal_spi.o
                0x080105f2                HAL_SPI_Transmit
 .text.SPI_WaitFlagStateUntilTimeout
                0x08010878      0x110 ./Drivers/STM32L1xx_HAL_Driver/Src/stm32l1xx_hal_spi.o
 .text.SPI_EndRxTxTransaction
                0x08010988       0x84 ./Drivers/STM32L1xx_HAL_Driver/Src/stm32l1xx_hal_spi.o
 .text.HAL_TIM_Base_Init
                0x08010a0c       0x7e ./Drivers/STM32L1xx_HAL_Driver/Src/stm32l1xx_hal_tim.o
                0x08010a0c                HAL_TIM_Base_Init
 *fill*         0x08010a8a        0x2 
 .text.HAL_TIM_Base_Start_IT
                0x08010a8c       0xa4 ./Drivers/STM32L1xx_HAL_Driver/Src/stm32l1xx_hal_tim.o
                0x08010a8c                HAL_TIM_Base_Start_IT
 .text.HAL_TIM_Base_Stop_IT
                0x08010b30       0x4c ./Drivers/STM32L1xx_HAL_Driver/Src/stm32l1xx_hal_tim.o
                0x08010b30                HAL_TIM_Base_Stop_IT
 .text.HAL_TIM_PWM_Init
                0x08010b7c       0x7e ./Drivers/STM32L1xx_HAL_Driver/Src/stm32l1xx_hal_tim.o
                0x08010b7c                HAL_TIM_PWM_Init
 .text.HAL_TIM_PWM_MspInit
                0x08010bfa       0x12 ./Drivers/STM32L1xx_HAL_Driver/Src/stm32l1xx_hal_tim.o
                0x08010bfa                HAL_TIM_PWM_MspInit
 .text.HAL_TIM_PWM_Start_IT
                0x08010c0c      0x1c4 ./Drivers/STM32L1xx_HAL_Driver/Src/stm32l1xx_hal_tim.o
                0x08010c0c                HAL_TIM_PWM_Start_IT
 .text.HAL_TIM_PWM_Stop_IT
                0x08010dd0      0x114 ./Drivers/STM32L1xx_HAL_Driver/Src/stm32l1xx_hal_tim.o
                0x08010dd0                HAL_TIM_PWM_Stop_IT
 .text.HAL_TIM_IRQHandler
                0x08010ee4      0x1b8 ./Drivers/STM32L1xx_HAL_Driver/Src/stm32l1xx_hal_tim.o
                0x08010ee4                HAL_TIM_IRQHandler
 .text.HAL_TIM_PWM_ConfigChannel
                0x0801109c      0x184 ./Drivers/STM32L1xx_HAL_Driver/Src/stm32l1xx_hal_tim.o
                0x0801109c                HAL_TIM_PWM_ConfigChannel
 .text.HAL_TIM_ConfigClockSource
                0x08011220      0x18e ./Drivers/STM32L1xx_HAL_Driver/Src/stm32l1xx_hal_tim.o
                0x08011220                HAL_TIM_ConfigClockSource
 .text.HAL_TIM_OC_DelayElapsedCallback
                0x080113ae       0x12 ./Drivers/STM32L1xx_HAL_Driver/Src/stm32l1xx_hal_tim.o
                0x080113ae                HAL_TIM_OC_DelayElapsedCallback
 .text.HAL_TIM_IC_CaptureCallback
                0x080113c0       0x12 ./Drivers/STM32L1xx_HAL_Driver/Src/stm32l1xx_hal_tim.o
                0x080113c0                HAL_TIM_IC_CaptureCallback
 .text.HAL_TIM_PWM_PulseFinishedCallback
                0x080113d2       0x12 ./Drivers/STM32L1xx_HAL_Driver/Src/stm32l1xx_hal_tim.o
                0x080113d2                HAL_TIM_PWM_PulseFinishedCallback
 .text.HAL_TIM_TriggerCallback
                0x080113e4       0x12 ./Drivers/STM32L1xx_HAL_Driver/Src/stm32l1xx_hal_tim.o
                0x080113e4                HAL_TIM_TriggerCallback
 *fill*         0x080113f6        0x2 
 .text.TIM_Base_SetConfig
                0x080113f8       0xe0 ./Drivers/STM32L1xx_HAL_Driver/Src/stm32l1xx_hal_tim.o
 .text.TIM_OC1_SetConfig
                0x080114d8       0x78 ./Drivers/STM32L1xx_HAL_Driver/Src/stm32l1xx_hal_tim.o
 .text.TIM_OC2_SetConfig
                0x08011550       0x7c ./Drivers/STM32L1xx_HAL_Driver/Src/stm32l1xx_hal_tim.o
 .text.TIM_OC3_SetConfig
                0x080115cc       0x7a ./Drivers/STM32L1xx_HAL_Driver/Src/stm32l1xx_hal_tim.o
 .text.TIM_OC4_SetConfig
                0x08011646       0x7c ./Drivers/STM32L1xx_HAL_Driver/Src/stm32l1xx_hal_tim.o
 .text.TIM_TI1_ConfigInputStage
                0x080116c2       0x5c ./Drivers/STM32L1xx_HAL_Driver/Src/stm32l1xx_hal_tim.o
 .text.TIM_TI2_ConfigInputStage
                0x0801171e       0x5e ./Drivers/STM32L1xx_HAL_Driver/Src/stm32l1xx_hal_tim.o
 .text.TIM_ITRx_SetConfig
                0x0801177c       0x34 ./Drivers/STM32L1xx_HAL_Driver/Src/stm32l1xx_hal_tim.o
 .text.TIM_ETR_SetConfig
                0x080117b0       0x3e ./Drivers/STM32L1xx_HAL_Driver/Src/stm32l1xx_hal_tim.o
 .text.TIM_CCxChannelCmd
                0x080117ee       0x48 ./Drivers/STM32L1xx_HAL_Driver/Src/stm32l1xx_hal_tim.o
 *fill*         0x08011836        0x2 
 .text.HAL_TIMEx_MasterConfigSynchronization
                0x08011838       0xbc ./Drivers/STM32L1xx_HAL_Driver/Src/stm32l1xx_hal_tim_ex.o
                0x08011838                HAL_TIMEx_MasterConfigSynchronization
 .text.HAL_UART_Init
                0x080118f4       0xa0 ./Drivers/STM32L1xx_HAL_Driver/Src/stm32l1xx_hal_uart.o
                0x080118f4                HAL_UART_Init
 .text.UART_SetConfig
                0x08011994      0x1c8 ./Drivers/STM32L1xx_HAL_Driver/Src/stm32l1xx_hal_uart.o
 .text.std      0x08011b5c       0x6c C:/ST/STM32CubeIDE_1.15.0/STM32CubeIDE/plugins/com.st.stm32cube.ide.mcu.externaltools.gnu-tools-for-stm32.12.3.rel1.win32_1.0.200.202406191623/tools/bin/../lib/gcc/arm-none-eabi/12.3.1/../../../../arm-none-eabi/lib/thumb/v7-m/nofp\libc_nano.a(libc_a-findfp.o)
 .text.stdio_exit_handler
                0x08011bc8       0x18 C:/ST/STM32CubeIDE_1.15.0/STM32CubeIDE/plugins/com.st.stm32cube.ide.mcu.externaltools.gnu-tools-for-stm32.12.3.rel1.win32_1.0.200.202406191623/tools/bin/../lib/gcc/arm-none-eabi/12.3.1/../../../../arm-none-eabi/lib/thumb/v7-m/nofp\libc_nano.a(libc_a-findfp.o)
 .text.cleanup_stdio
                0x08011be0       0x40 C:/ST/STM32CubeIDE_1.15.0/STM32CubeIDE/plugins/com.st.stm32cube.ide.mcu.externaltools.gnu-tools-for-stm32.12.3.rel1.win32_1.0.200.202406191623/tools/bin/../lib/gcc/arm-none-eabi/12.3.1/../../../../arm-none-eabi/lib/thumb/v7-m/nofp\libc_nano.a(libc_a-findfp.o)
 .text.global_stdio_init.part.0
                0x08011c20       0x3c C:/ST/STM32CubeIDE_1.15.0/STM32CubeIDE/plugins/com.st.stm32cube.ide.mcu.externaltools.gnu-tools-for-stm32.12.3.rel1.win32_1.0.200.202406191623/tools/bin/../lib/gcc/arm-none-eabi/12.3.1/../../../../arm-none-eabi/lib/thumb/v7-m/nofp\libc_nano.a(libc_a-findfp.o)
 .text.__sfp_lock_acquire
                0x08011c5c        0xc C:/ST/STM32CubeIDE_1.15.0/STM32CubeIDE/plugins/com.st.stm32cube.ide.mcu.externaltools.gnu-tools-for-stm32.12.3.rel1.win32_1.0.200.202406191623/tools/bin/../lib/gcc/arm-none-eabi/12.3.1/../../../../arm-none-eabi/lib/thumb/v7-m/nofp\libc_nano.a(libc_a-findfp.o)
                0x08011c5c                __sfp_lock_acquire
 .text.__sfp_lock_release
                0x08011c68        0xc C:/ST/STM32CubeIDE_1.15.0/STM32CubeIDE/plugins/com.st.stm32cube.ide.mcu.externaltools.gnu-tools-for-stm32.12.3.rel1.win32_1.0.200.202406191623/tools/bin/../lib/gcc/arm-none-eabi/12.3.1/../../../../arm-none-eabi/lib/thumb/v7-m/nofp\libc_nano.a(libc_a-findfp.o)
                0x08011c68                __sfp_lock_release
 .text.__sinit  0x08011c74       0x30 C:/ST/STM32CubeIDE_1.15.0/STM32CubeIDE/plugins/com.st.stm32cube.ide.mcu.externaltools.gnu-tools-for-stm32.12.3.rel1.win32_1.0.200.202406191623/tools/bin/../lib/gcc/arm-none-eabi/12.3.1/../../../../arm-none-eabi/lib/thumb/v7-m/nofp\libc_nano.a(libc_a-findfp.o)
                0x08011c74                __sinit
 .text._fwalk_sglue
                0x08011ca4       0x3c C:/ST/STM32CubeIDE_1.15.0/STM32CubeIDE/plugins/com.st.stm32cube.ide.mcu.externaltools.gnu-tools-for-stm32.12.3.rel1.win32_1.0.200.202406191623/tools/bin/../lib/gcc/arm-none-eabi/12.3.1/../../../../arm-none-eabi/lib/thumb/v7-m/nofp\libc_nano.a(libc_a-fwalk.o)
                0x08011ca4                _fwalk_sglue
 .text.printf   0x08011ce0       0x24 C:/ST/STM32CubeIDE_1.15.0/STM32CubeIDE/plugins/com.st.stm32cube.ide.mcu.externaltools.gnu-tools-for-stm32.12.3.rel1.win32_1.0.200.202406191623/tools/bin/../lib/gcc/arm-none-eabi/12.3.1/../../../../arm-none-eabi/lib/thumb/v7-m/nofp\libc_nano.a(libc_a-printf.o)
                0x08011ce0                iprintf
                0x08011ce0                printf
 .text._puts_r  0x08011d04       0xaa C:/ST/STM32CubeIDE_1.15.0/STM32CubeIDE/plugins/com.st.stm32cube.ide.mcu.externaltools.gnu-tools-for-stm32.12.3.rel1.win32_1.0.200.202406191623/tools/bin/../lib/gcc/arm-none-eabi/12.3.1/../../../../arm-none-eabi/lib/thumb/v7-m/nofp\libc_nano.a(libc_a-puts.o)
                0x08011d04                _puts_r
 *fill*         0x08011dae        0x2 
 .text.puts     0x08011db0       0x10 C:/ST/STM32CubeIDE_1.15.0/STM32CubeIDE/plugins/com.st.stm32cube.ide.mcu.externaltools.gnu-tools-for-stm32.12.3.rel1.win32_1.0.200.202406191623/tools/bin/../lib/gcc/arm-none-eabi/12.3.1/../../../../arm-none-eabi/lib/thumb/v7-m/nofp\libc_nano.a(libc_a-puts.o)
                0x08011db0                puts
 .text.sprintf  0x08011dc0       0x40 C:/ST/STM32CubeIDE_1.15.0/STM32CubeIDE/plugins/com.st.stm32cube.ide.mcu.externaltools.gnu-tools-for-stm32.12.3.rel1.win32_1.0.200.202406191623/tools/bin/../lib/gcc/arm-none-eabi/12.3.1/../../../../arm-none-eabi/lib/thumb/v7-m/nofp\libc_nano.a(libc_a-sprintf.o)
                0x08011dc0                siprintf
                0x08011dc0                sprintf
 .text.__sread  0x08011e00       0x22 C:/ST/STM32CubeIDE_1.15.0/STM32CubeIDE/plugins/com.st.stm32cube.ide.mcu.externaltools.gnu-tools-for-stm32.12.3.rel1.win32_1.0.200.202406191623/tools/bin/../lib/gcc/arm-none-eabi/12.3.1/../../../../arm-none-eabi/lib/thumb/v7-m/nofp\libc_nano.a(libc_a-stdio.o)
                0x08011e00                __sread
 .text.__swrite
                0x08011e22       0x38 C:/ST/STM32CubeIDE_1.15.0/STM32CubeIDE/plugins/com.st.stm32cube.ide.mcu.externaltools.gnu-tools-for-stm32.12.3.rel1.win32_1.0.200.202406191623/tools/bin/../lib/gcc/arm-none-eabi/12.3.1/../../../../arm-none-eabi/lib/thumb/v7-m/nofp\libc_nano.a(libc_a-stdio.o)
                0x08011e22                __swrite
 .text.__sseek  0x08011e5a       0x24 C:/ST/STM32CubeIDE_1.15.0/STM32CubeIDE/plugins/com.st.stm32cube.ide.mcu.externaltools.gnu-tools-for-stm32.12.3.rel1.win32_1.0.200.202406191623/tools/bin/../lib/gcc/arm-none-eabi/12.3.1/../../../../arm-none-eabi/lib/thumb/v7-m/nofp\libc_nano.a(libc_a-stdio.o)
                0x08011e5a                __sseek
 .text.__sclose
                0x08011e7e        0x8 C:/ST/STM32CubeIDE_1.15.0/STM32CubeIDE/plugins/com.st.stm32cube.ide.mcu.externaltools.gnu-tools-for-stm32.12.3.rel1.win32_1.0.200.202406191623/tools/bin/../lib/gcc/arm-none-eabi/12.3.1/../../../../arm-none-eabi/lib/thumb/v7-m/nofp\libc_nano.a(libc_a-stdio.o)
                0x08011e7e                __sclose
 .text.__swbuf_r
                0x08011e86       0x7c C:/ST/STM32CubeIDE_1.15.0/STM32CubeIDE/plugins/com.st.stm32cube.ide.mcu.externaltools.gnu-tools-for-stm32.12.3.rel1.win32_1.0.200.202406191623/tools/bin/../lib/gcc/arm-none-eabi/12.3.1/../../../../arm-none-eabi/lib/thumb/v7-m/nofp\libc_nano.a(libc_a-wbuf.o)
                0x08011e86                __swbuf_r
 *fill*         0x08011f02        0x2 
 .text.__swsetup_r
                0x08011f04       0xac C:/ST/STM32CubeIDE_1.15.0/STM32CubeIDE/plugins/com.st.stm32cube.ide.mcu.externaltools.gnu-tools-for-stm32.12.3.rel1.win32_1.0.200.202406191623/tools/bin/../lib/gcc/arm-none-eabi/12.3.1/../../../../arm-none-eabi/lib/thumb/v7-m/nofp\libc_nano.a(libc_a-wsetup.o)
                0x08011f04                __swsetup_r
 .text.memset   0x08011fb0       0x10 C:/ST/STM32CubeIDE_1.15.0/STM32CubeIDE/plugins/com.st.stm32cube.ide.mcu.externaltools.gnu-tools-for-stm32.12.3.rel1.win32_1.0.200.202406191623/tools/bin/../lib/gcc/arm-none-eabi/12.3.1/../../../../arm-none-eabi/lib/thumb/v7-m/nofp\libc_nano.a(libc_a-memset.o)
                0x08011fb0                memset
 .text._close_r