Archive member included to satisfy reference by file (symbol)

C:/ST/STM32CubeIDE_1.13.2/STM32CubeIDE/plugins/com.st.stm32cube.ide.mcu.externaltools.gnu-tools-for-stm32.12.3.rel1.win32_1.0.100.202403111256/tools/bin/../lib/gcc/arm-none-eabi/12.3.1/../../../../arm-none-eabi/lib/thumb/v7-m/nofp\libc_nano.a(libc_a-exit.o)
                              C:/ST/STM32CubeIDE_1.13.2/STM32CubeIDE/plugins/com.st.stm32cube.ide.mcu.externaltools.gnu-tools-for-stm32.12.3.rel1.win32_1.0.100.202403111256/tools/bin/../lib/gcc/arm-none-eabi/12.3.1/../../../../arm-none-eabi/lib/thumb/v7-m/nofp/crt0.o (exit)
C:/ST/STM32CubeIDE_1.13.2/STM32CubeIDE/plugins/com.st.stm32cube.ide.mcu.externaltools.gnu-tools-for-stm32.12.3.rel1.win32_1.0.100.202403111256/tools/bin/../lib/gcc/arm-none-eabi/12.3.1/../../../../arm-none-eabi/lib/thumb/v7-m/nofp\libc_nano.a(libc_a-findfp.o)
                              C:/ST/STM32CubeIDE_1.13.2/STM32CubeIDE/plugins/com.st.stm32cube.ide.mcu.externaltools.gnu-tools-for-stm32.12.3.rel1.win32_1.0.100.202403111256/tools/bin/../lib/gcc/arm-none-eabi/12.3.1/../../../../arm-none-eabi/lib/thumb/v7-m/nofp\libc_nano.a(libc_a-exit.o) (__stdio_exit_handler)
C:/ST/STM32CubeIDE_1.13.2/STM32CubeIDE/plugins/com.st.stm32cube.ide.mcu.externaltools.gnu-tools-for-stm32.12.3.rel1.win32_1.0.100.202403111256/tools/bin/../lib/gcc/arm-none-eabi/12.3.1/../../../../arm-none-eabi/lib/thumb/v7-m/nofp\libc_nano.a(libc_a-fwalk.o)
                              C:/ST/STM32CubeIDE_1.13.2/STM32CubeIDE/plugins/com.st.stm32cube.ide.mcu.externaltools.gnu-tools-for-stm32.12.3.rel1.win32_1.0.100.202403111256/tools/bin/../lib/gcc/arm-none-eabi/12.3.1/../../../../arm-none-eabi/lib/thumb/v7-m/nofp\libc_nano.a(libc_a-findfp.o) (_fwalk_sglue)
C:/ST/STM32CubeIDE_1.13.2/STM32CubeIDE/plugins/com.st.stm32cube.ide.mcu.externaltools.gnu-tools-for-stm32.12.3.rel1.win32_1.0.100.202403111256/tools/bin/../lib/gcc/arm-none-eabi/12.3.1/../../../../arm-none-eabi/lib/thumb/v7-m/nofp\libc_nano.a(libc_a-printf.o)
                              ./Core/Src/main.o (printf)
C:/ST/STM32CubeIDE_1.13.2/STM32CubeIDE/plugins/com.st.stm32cube.ide.mcu.externaltools.gnu-tools-for-stm32.12.3.rel1.win32_1.0.100.202403111256/tools/bin/../lib/gcc/arm-none-eabi/12.3.1/../../../../arm-none-eabi/lib/thumb/v7-m/nofp\libc_nano.a(libc_a-puts.o)
                              ./Core/Src/main.o (puts)
C:/ST/STM32CubeIDE_1.13.2/STM32CubeIDE/plugins/com.st.stm32cube.ide.mcu.externaltools.gnu-tools-for-stm32.12.3.rel1.win32_1.0.100.202403111256/tools/bin/../lib/gcc/arm-none-eabi/12.3.1/../../../../arm-none-eabi/lib/thumb/v7-m/nofp\libc_nano.a(libc_a-snprintf.o)
                              ./Core/Src/main.o (snprintf)
C:/ST/STM32CubeIDE_1.13.2/STM32CubeIDE/plugins/com.st.stm32cube.ide.mcu.externaltools.gnu-tools-for-stm32.12.3.rel1.win32_1.0.100.202403111256/tools/bin/../lib/gcc/arm-none-eabi/12.3.1/../../../../arm-none-eabi/lib/thumb/v7-m/nofp\libc_nano.a(libc_a-sprintf.o)
                              ./Core/Src/main.o (sprintf)
C:/ST/STM32CubeIDE_1.13.2/STM32CubeIDE/plugins/com.st.stm32cube.ide.mcu.externaltools.gnu-tools-for-stm32.12.3.rel1.win32_1.0.100.202403111256/tools/bin/../lib/gcc/arm-none-eabi/12.3.1/../../../../arm-none-eabi/lib/thumb/v7-m/nofp\libc_nano.a(libc_a-stdio.o)
                              C:/ST/STM32CubeIDE_1.13.2/STM32CubeIDE/plugins/com.st.stm32cube.ide.mcu.externaltools.gnu-tools-for-stm32.12.3.rel1.win32_1.0.100.202403111256/tools/bin/../lib/gcc/arm-none-eabi/12.3.1/../../../../arm-none-eabi/lib/thumb/v7-m/nofp\libc_nano.a(libc_a-findfp.o) (__sread)
C:/ST/STM32CubeIDE_1.13.2/STM32CubeIDE/plugins/com.st.stm32cube.ide.mcu.externaltools.gnu-tools-for-stm32.12.3.rel1.win32_1.0.100.202403111256/tools/bin/../lib/gcc/arm-none-eabi/12.3.1/../../../../arm-none-eabi/lib/thumb/v7-m/nofp\libc_nano.a(libc_a-wbuf.o)
                              C:/ST/STM32CubeIDE_1.13.2/STM32CubeIDE/plugins/com.st.stm32cube.ide.mcu.externaltools.gnu-tools-for-stm32.12.3.rel1.win32_1.0.100.202403111256/tools/bin/../lib/gcc/arm-none-eabi/12.3.1/../../../../arm-none-eabi/lib/thumb/v7-m/nofp\libc_nano.a(libc_a-puts.o) (__swbuf_r)
C:/ST/STM32CubeIDE_1.13.2/STM32CubeIDE/plugins/com.st.stm32cube.ide.mcu.externaltools.gnu-tools-for-stm32.12.3.rel1.win32_1.0.100.202403111256/tools/bin/../lib/gcc/arm-none-eabi/12.3.1/../../../../arm-none-eabi/lib/thumb/v7-m/nofp\libc_nano.a(libc_a-wsetup.o)
                              C:/ST/STM32CubeIDE_1.13.2/STM32CubeIDE/plugins/com.st.stm32cube.ide.mcu.externaltools.gnu-tools-for-stm32.12.3.rel1.win32_1.0.100.202403111256/tools/bin/../lib/gcc/arm-none-eabi/12.3.1/../../../../arm-none-eabi/lib/thumb/v7-m/nofp\libc_nano.a(libc_a-puts.o) (__swsetup_r)
C:/ST/STM32CubeIDE_1.13.2/STM32CubeIDE/plugins/com.st.stm32cube.ide.mcu.externaltools.gnu-tools-for-stm32.12.3.rel1.win32_1.0.100.202403111256/tools/bin/../lib/gcc/arm-none-eabi/12.3.1/../../../../arm-none-eabi/lib/thumb/v7-m/nofp\libc_nano.a(libc_a-memset.o)
[...]
Memory Configuration

Name             Origin             Length             Attributes
RAM              0x20000000         0x00014000         xrw
FLASH            0x08000000         0x00080000         xr
*default*        0x00000000         0xffffffff

Linker script and memory map

LOAD C:/ST/STM32CubeIDE_1.13.2/STM32CubeIDE/plugins/com.st.stm32cube.ide.mcu.externaltools.gnu-tools-for-stm32.12.3.rel1.win32_1.0.100.202403111256/tools/bin/../lib/gcc/arm-none-eabi/12.3.1/thumb/v7-m/nofp/crti.o
LOAD C:/ST/STM32CubeIDE_1.13.2/STM32CubeIDE/plugins/com.st.stm32cube.ide.mcu.externaltools.gnu-tools-for-stm32.12.3.rel1.win32_1.0.100.202403111256/tools/bin/../lib/gcc/arm-none-eabi/12.3.1/thumb/v7-m/nofp/crtbegin.o
LOAD C:/ST/STM32CubeIDE_1.13.2/STM32CubeIDE/plugins/com.st.stm32cube.ide.mcu.externaltools.gnu-tools-for-stm32.12.3.rel1.win32_1.0.100.202403111256/tools/bin/../lib/gcc/arm-none-eabi/12.3.1/../../../../arm-none-eabi/lib/thumb/v7-m/nofp/crt0.o
LOAD ./Core/Src/main.o
LOAD ./Core/Src/max7219_Yncrea2.o
LOAD ./Core/Src/stm32l1xx_hal_msp.o
LOAD ./Core/Src/stm32l1xx_it.o
LOAD ./Core/Src/stm32l1xx_nucleo_bus.o
LOAD ./Core/Src/syscalls.o
LOAD ./Core/Src/sysmem.o
LOAD ./Core/Src/system_stm32l1xx.o
LOAD ./Core/Startup/startup_stm32l152retx.o
LOAD ./Drivers/BSP/Components/hts221/hts221.o
LOAD ./Drivers/BSP/Components/hts221/hts221_reg.o
LOAD ./Drivers/BSP/Components/lis2dw12/lis2dw12.o
LOAD ./Drivers/BSP/Components/lis2dw12/lis2dw12_reg.o
LOAD ./Drivers/BSP/Components/lis2mdl/lis2mdl.o
LOAD ./Drivers/BSP/Components/lis2mdl/lis2mdl_reg.o
LOAD ./Drivers/BSP/Components/lps22hh/lps22hh.o
LOAD ./Drivers/BSP/Components/lps22hh/lps22hh_reg.o
LOAD ./Drivers/BSP/Components/lsm6dso/lsm6dso.o
LOAD ./Drivers/BSP/Components/lsm6dso/lsm6dso_reg.o
LOAD ./Drivers/BSP/Components/stts751/stts751.o
LOAD ./Drivers/BSP/Components/stts751/stts751_reg.o
LOAD ./Drivers/BSP/IKS01A3/iks01a3_env_sensors.o
LOAD ./Drivers/BSP/IKS01A3/iks01a3_env_sensors_ex.o
LOAD ./Drivers/BSP/IKS01A3/iks01a3_motion_sensors.o
LOAD ./Drivers/BSP/IKS01A3/iks01a3_motion_sensors_ex.o
LOAD ./Drivers/STM32L1xx_HAL_Driver/Src/stm32l1xx_hal.o
LOAD ./Drivers/STM32L1xx_HAL_Driver/Src/stm32l1xx_hal_adc.o
LOAD ./Drivers/STM32L1xx_HAL_Driver/Src/stm32l1xx_hal_adc_ex.o
LOAD ./Drivers/STM32L1xx_HAL_Driver/Src/stm32l1xx_hal_cortex.o
LOAD ./Drivers/STM32L1xx_HAL_Driver/Src/stm32l1xx_hal_dma.o
LOAD ./Drivers/STM32L1xx_HAL_Driver/Src/stm32l1xx_hal_exti.o
LOAD ./Drivers/STM32L1xx_HAL_Driver/Src/stm32l1xx_hal_flash.o
LOAD ./Drivers/STM32L1xx_HAL_Driver/Src/stm32l1xx_hal_flash_ex.o
LOAD ./Drivers/STM32L1xx_HAL_Driver/Src/stm32l1xx_hal_flash_ramfunc.o
LOAD ./Drivers/STM32L1xx_HAL_Driver/Src/stm32l1xx_hal_gpio.o
LOAD ./Drivers/STM32L1xx_HAL_Driver/Src/stm32l1xx_hal_i2c.o
LOAD ./Drivers/STM32L1xx_HAL_Driver/Src/stm32l1xx_hal_pwr.o
LOAD ./Drivers/STM32L1xx_HAL_Driver/Src/stm32l1xx_hal_pwr_ex.o
LOAD ./Drivers/STM32L1xx_HAL_Driver/Src/stm32l1xx_hal_rcc.o
LOAD ./Drivers/STM32L1xx_HAL_Driver/Src/stm32l1xx_hal_rcc_ex.o
LOAD ./Drivers/STM32L1xx_HAL_Driver/Src/stm32l1xx_hal_spi.o
LOAD ./Drivers/STM32L1xx_HAL_Driver/Src/stm32l1xx_hal_tim.o
LOAD ./Drivers/STM32L1xx_HAL_Driver/Src/stm32l1xx_hal_tim_ex.o
LOAD ./Drivers/STM32L1xx_HAL_Driver/Src/stm32l1xx_hal_uart.o
START GROUP
LOAD C:/ST/STM32CubeIDE_1.13.2/STM32CubeIDE/plugins/com.st.stm32cube.ide.mcu.externaltools.gnu-tools-for-stm32.12.3.rel1.win32_1.0.100.202403111256/tools/bin/../lib/gcc/arm-none-eabi/12.3.1/../../../../arm-none-eabi/lib/thumb/v7-m/nofp\libc_nano.a
LOAD C:/ST/STM32CubeIDE_1.13.2/STM32CubeIDE/plugins/com.st.stm32cube.ide.mcu.externaltools.gnu-tools-for-stm32.12.3.rel1.win32_1.0.100.202403111256/tools/bin/../lib/gcc/arm-none-eabi/12.3.1/../../../../arm-none-eabi/lib/thumb/v7-m/nofp\libm.a
END GROUP
START GROUP
LOAD C:/ST/STM32CubeIDE_1.13.2/STM32CubeIDE/plugins/com.st.stm32cube.ide.mcu.externaltools.gnu-tools-for-stm32.12.3.rel1.win32_1.0.100.202403111256/tools/bin/../lib/gcc/arm-none-eabi/12.3.1/thumb/v7-m/nofp\libgcc.a
LOAD C:/ST/STM32CubeIDE_1.13.2/STM32CubeIDE/plugins/com.st.stm32cube.ide.mcu.externaltools.gnu-tools-for-stm32.12.3.rel1.win32_1.0.100.202403111256/tools/bin/../lib/gcc/arm-none-eabi/12.3.1/../../../../arm-none-eabi/lib/thumb/v7-m/nofp\libc_nano.a
END GROUP
START GROUP
LOAD C:/ST/STM32CubeIDE_1.13.2/STM32CubeIDE/plugins/com.st.stm32cube.ide.mcu.externaltools.gnu-tools-for-stm32.12.3.rel1.win32_1.0.100.202403111256/tools/bin/../lib/gcc/arm-none-eabi/12.3.1/thumb/v7-m/nofp\libgcc.a
LOAD C:/ST/STM32CubeIDE_1.13.2/STM32CubeIDE/plugins/com.st.stm32cube.ide.mcu.externaltools.gnu-tools-for-stm32.12.3.rel1.win32_1.0.100.202403111256/tools/bin/../lib/gcc/arm-none-eabi/12.3.1/../../../../arm-none-eabi/lib/thumb/v7-m/nofp\libc_nano.a
LOAD C:/ST/STM32CubeIDE_1.13.2/STM32CubeIDE/plugins/com.st.stm32cube.ide.mcu.externaltools.gnu-tools-for-stm32.12.3.rel1.win32_1.0.100.202403111256/tools/bin/../lib/gcc/arm-none-eabi/12.3.1/../../../../arm-none-eabi/lib/thumb/v7-m/nofp\libnosys.a
END GROUP
START GROUP
LOAD C:/ST/STM32CubeIDE_1.13.2/STM32CubeIDE/plugins/com.st.stm32cube.ide.mcu.externaltools.gnu-tools-for-stm32.12.3.rel1.win32_1.0.100.202403111256/tools/bin/../lib/gcc/arm-none-eabi/12.3.1/thumb/v7-m/nofp\libgcc.a
LOAD C:/ST/STM32CubeIDE_1.13.2/STM32CubeIDE/plugins/com.st.stm32cube.ide.mcu.externaltools.gnu-tools-for-stm32.12.3.rel1.win32_1.0.100.202403111256/tools/bin/../lib/gcc/arm-none-eabi/12.3.1/../../../../arm-none-eabi/lib/thumb/v7-m/nofp\libc_nano.a
LOAD C:/ST/STM32CubeIDE_1.13.2/STM32CubeIDE/plugins/com.st.stm32cube.ide.mcu.externaltools.gnu-tools-for-stm32.12.3.rel1.win32_1.0.100.202403111256/tools/bin/../lib/gcc/arm-none-eabi/12.3.1/../../../../arm-none-eabi/lib/thumb/v7-m/nofp\libnosys.a
END GROUP
LOAD C:/ST/STM32CubeIDE_1.13.2/STM32CubeIDE/plugins/com.st.stm32cube.ide.mcu.externaltools.gnu-tools-for-stm32.12.3.rel1.win32_1.0.100.202403111256/tools/bin/../lib/gcc/arm-none-eabi/12.3.1/thumb/v7-m/nofp/crtend.o
LOAD C:/ST/STM32CubeIDE_1.13.2/STM32CubeIDE/plugins/com.st.stm32cube.ide.mcu.externaltools.gnu-tools-for-stm32.12.3.rel1.win32_1.0.100.202403111256/tools/bin/../lib/gcc/arm-none-eabi/12.3.1/thumb/v7-m/nofp/crtn.o
                0x20014000                        _estack = (ORIGIN (RAM) + LENGTH (RAM))
                0x00000200                        _Min_Heap_Size = 0x200
                0x00000400                        _Min_Stack_Size = 0x400

.isr_vector     0x08000000      0x13c
                0x08000000                        . = ALIGN (0x4)
 *(.isr_vector)
 .isr_vector    0x08000000      0x13c ./Core/Startup/startup_stm32l152retx.o
                0x08000000                g_pfnVectors
                0x0800013c                        . = ALIGN (0x4)

.text           0x08000140     0xd158
                0x08000140                        . = ALIGN (0x4)
 *(.text)
 .text          0x08000140       0x40 C:/ST/STM32CubeIDE_1.13.2/STM32CubeIDE/plugins/com.st.stm32cube.ide.mcu.externaltools.gnu-tools-for-stm32.12.3.rel1.win32_1.0.100.202403111256/tools/bin/../lib/gcc/arm-none-eabi/12.3.1/thumb/v7-m/nofp/crtbegin.o
 .text          0x08000180      0x378 C:/ST/STM32CubeIDE_1.13.2/STM32CubeIDE/plugins/com.st.stm32cube.ide.mcu.externaltools.gnu-tools-for-stm32.12.3.rel1.win32_1.0.100.202403111256/tools/bin/../lib/gcc/arm-none-eabi/12.3.1/thumb/v7-m/nofp\libgcc.a(_arm_addsubdf3.o)
                0x08000180                __aeabi_drsub
                0x08000188                __aeabi_dsub
                0x08000188                __subdf3
                0x0800018c                __aeabi_dadd
                0x0800018c                __adddf3
                0x08000404                __floatunsidf
                0x08000404                __aeabi_ui2d
                0x08000424                __floatsidf
                0x08000424                __aeabi_i2d
                0x08000448                __aeabi_f2d
                0x08000448                __extendsfdf2
                0x0800048c                __floatundidf
                0x0800048c                __aeabi_ul2d
                0x0800049c                __floatdidf
                0x0800049c                __aeabi_l2d
 .text          0x080004f8      0x424 C:/ST/STM32CubeIDE_1.13.2/STM32CubeIDE/plugins/com.st.stm32cube.ide.mcu.externaltools.gnu-tools-for-stm32.12.3.rel1.win32_1.0.100.202403111256/tools/bin/../lib/gcc/arm-none-eabi/12.3.1/thumb/v7-m/nofp\libgcc.a(_arm_muldivdf3.o)
                0x080004f8                __aeabi_dmul
                0x080004f8                __muldf3
                0x0800074c                __divdf3
                0x0800074c                __aeabi_ddiv
 .text          0x0800091c      0x110 C:/ST/STM32CubeIDE_1.13.2/STM32CubeIDE/plugins/com.st.stm32cube.ide.mcu.externaltools.gnu-tools-for-stm32.12.3.rel1.win32_1.0.100.202403111256/tools/bin/../lib/gcc/arm-none-eabi/12.3.1/thumb/v7-m/nofp\libgcc.a(_arm_cmpdf2.o)
                0x0800091c                __gtdf2
                0x0800091c                __gedf2
                0x08000924                __ltdf2
                0x08000924                __ledf2
                0x0800092c                __nedf2
                0x0800092c                __eqdf2
                0x0800092c                __cmpdf2
                0x080009a8                __aeabi_cdrcmple
                0x080009b8                __aeabi_cdcmpeq
                0x080009b8                __aeabi_cdcmple
                0x080009c8                __aeabi_dcmpeq
                0x080009dc                __aeabi_dcmplt
                0x080009f0                __aeabi_dcmple
                0x08000a04                __aeabi_dcmpge
                0x08000a18                __aeabi_dcmpgt
 .text          0x08000a2c       0x2c C:/ST/STM32CubeIDE_1.13.2/STM32CubeIDE/plugins/com.st.stm32cube.ide.mcu.externaltools.gnu-tools-for-stm32.12.3.rel1.win32_1.0.100.202403111256/tools/bin/../lib/gcc/arm-none-eabi/12.3.1/thumb/v7-m/nofp\libgcc.a(_arm_unorddf2.o)
                0x08000a2c                __unorddf2
                0x08000a2c                __aeabi_dcmpun
 .text          0x08000a58       0x50 C:/ST/STM32CubeIDE_1.13.2/STM32CubeIDE/plugins/com.st.stm32cube.ide.mcu.externaltools.gnu-tools-for-stm32.12.3.rel1.win32_1.0.100.202403111256/tools/bin/../lib/gcc/arm-none-eabi/12.3.1/thumb/v7-m/nofp\libgcc.a(_arm_fixdfsi.o)
                0x08000a58                __aeabi_d2iz
                0x08000a58                __fixdfsi
 .text          0x08000aa8       0xa0 C:/ST/STM32CubeIDE_1.13.2/STM32CubeIDE/plugins/com.st.stm32cube.ide.mcu.externaltools.gnu-tools-for-stm32.12.3.rel1.win32_1.0.100.202403111256/tools/bin/../lib/gcc/arm-none-eabi/12.3.1/thumb/v7-m/nofp\libgcc.a(_arm_truncdfsf2.o)
                0x08000aa8                __truncdfsf2
                0x08000aa8                __aeabi_d2f
 .text          0x08000b48      0x21c C:/ST/STM32CubeIDE_1.13.2/STM32CubeIDE/plugins/com.st.stm32cube.ide.mcu.externaltools.gnu-tools-for-stm32.12.3.rel1.win32_1.0.100.202403111256/tools/bin/../lib/gcc/arm-none-eabi/12.3.1/thumb/v7-m/nofp\libgcc.a(_arm_addsubsf3.o)
                0x08000b48                __aeabi_frsub
                0x08000b50                __subsf3
                0x08000b50                __aeabi_fsub
                0x08000b54                __aeabi_fadd
                0x08000b54                __addsf3
                0x08000cb4                __aeabi_ui2f
                0x08000cb4                __floatunsisf
                0x08000cbc                __aeabi_i2f
                0x08000cbc                __floatsisf
                0x08000cd8                __aeabi_ul2f
                0x08000cd8                __floatundisf
                0x08000ce8                __aeabi_l2f
                0x08000ce8                __floatdisf
 .text          0x08000d64      0x2a0 C:/ST/STM32CubeIDE_1.13.2/STM32CubeIDE/plugins/com.st.stm32cube.ide.mcu.externaltools.gnu-tools-for-stm32.12.3.rel1.win32_1.0.100.202403111256/tools/bin/../lib/gcc/arm-none-eabi/12.3.1/thumb/v7-m/nofp\libgcc.a(_arm_muldivsf3.o)
                0x08000d64                __mulsf3
                0x08000d64                __aeabi_fmul
                0x08000ecc                __aeabi_fdiv
                0x08000ecc                __divsf3
 .text          0x08001004       0xec C:/ST/STM32CubeIDE_1.13.2/STM32CubeIDE/plugins/com.st.stm32cube.ide.mcu.externaltools.gnu-tools-for-stm32.12.3.rel1.win32_1.0.100.202403111256/tools/bin/../lib/gcc/arm-none-eabi/12.3.1/thumb/v7-m/nofp\libgcc.a(_arm_cmpsf2.o)
                0x08001004                __gesf2
                0x08001004                __gtsf2
                0x0800100c                __lesf2
                0x0800100c                __ltsf2
                0x08001014                __nesf2
                0x08001014                __eqsf2
                0x08001014                __cmpsf2
                0x08001074                __aeabi_cfrcmple
                0x0800107c                __aeabi_cfcmpeq
                0x0800107c                __aeabi_cfcmple
                0x0800108c                __aeabi_fcmpeq
                0x080010a0                __aeabi_fcmplt
                0x080010b4                __aeabi_fcmple
                0x080010c8                __aeabi_fcmpge
                0x080010dc                __aeabi_fcmpgt
 .text          0x080010f0       0x4c C:/ST/STM32CubeIDE_1.13.2/STM32CubeIDE/plugins/com.st.stm32cube.ide.mcu.externaltools.gnu-tools-for-stm32.12.3.rel1.win32_1.0.100.202403111256/tools/bin/../lib/gcc/arm-none-eabi/12.3.1/thumb/v7-m/nofp\libgcc.a(_arm_fixsfsi.o)
                0x080010f0                __aeabi_f2iz
                0x080010f0                __fixsfsi
 .text          0x0800113c       0x40 C:/ST/STM32CubeIDE_1.13.2/STM32CubeIDE/plugins/com.st.stm32cube.ide.mcu.externaltools.gnu-tools-for-stm32.12.3.rel1.win32_1.0.100.202403111256/tools/bin/../lib/gcc/arm-none-eabi/12.3.1/thumb/v7-m/nofp\libgcc.a(_arm_fixunssfsi.o)
                0x0800113c                __fixunssfsi
                0x0800113c                __aeabi_f2uiz
 .text          0x0800117c       0x30 C:/ST/STM32CubeIDE_1.13.2/STM32CubeIDE/plugins/com.st.stm32cube.ide.mcu.externaltools.gnu-tools-for-stm32.12.3.rel1.win32_1.0.100.202403111256/tools/bin/../lib/gcc/arm-none-eabi/12.3.1/thumb/v7-m/nofp\libgcc.a(_aeabi_uldivmod.o)
                0x0800117c                __aeabi_uldivmod
 .text          0x080011ac      0x2b8 C:/ST/STM32CubeIDE_1.13.2/STM32CubeIDE/plugins/com.st.stm32cube.ide.mcu.externaltools.gnu-tools-for-stm32.12.3.rel1.win32_1.0.100.202403111256/tools/bin/../lib/gcc/arm-none-eabi/12.3.1/thumb/v7-m/nofp\libgcc.a(_udivmoddi4.o)
                0x080011ac                __udivmoddi4
 .text          0x08001464        0x4 C:/ST/STM32CubeIDE_1.13.2/STM32CubeIDE/plugins/com.st.stm32cube.ide.mcu.externaltools.gnu-tools-for-stm32.12.3.rel1.win32_1.0.100.202403111256/tools/bin/../lib/gcc/arm-none-eabi/12.3.1/thumb/v7-m/nofp\libgcc.a(_dvmd_tls.o)
                0x08001464                __aeabi_idiv0
                0x08001464                __aeabi_ldiv0
 *(.text*)
 .text.ITM_SendChar
                0x08001468       0x4c ./Core/Src/main.o
 .text.TIM6_IRQ
                0x080014b4       0x28 ./Core/Src/main.o
                0x080014b4                TIM6_IRQ
 .text.TIM7_IRQ
                0x080014dc       0x18 ./Core/Src/main.o
                0x080014dc                TIM7_IRQ
 .text.floatToInt
                0x080014f4       0xfc ./Core/Src/main.o
 .text.Conf_TEMP
                0x080015f0       0x32 ./Core/Src/main.o
                0x080015f0                Conf_TEMP
 *fill*         0x08001622        0x2 
 .text.Aquire_temp
                0x08001624       0x38 ./Core/Src/main.o
                0x08001624                Aquire_temp
 .text.display_temp
                0x0800165c       0x70 ./Core/Src/main.o
                0x0800165c                display_temp
 .text.display_cons
                0x080016cc       0x7c ./Core/Src/main.o
                0x080016cc                display_cons
 .text.Aquire_cons
                0x08001748       0x40 ./Core/Src/main.o
                0x08001748                Aquire_cons
 .text.main     0x08001788      0x120 ./Core/Src/main.o
                0x08001788                main
 .text.SystemClock_Config
                0x080018a8       0x9c ./Core/Src/main.o
                0x080018a8                SystemClock_Config
 .text.MX_ADC_Init
                0x08001944       0xb0 ./Core/Src/main.o
 .text.MX_SPI1_Init
                0x080019f4       0x6c ./Core/Src/main.o
 .text.MX_TIM2_Init
                0x08001a60       0x98 ./Core/Src/main.o
 .text.MX_TIM3_Init
                0x08001af8       0xec ./Core/Src/main.o
 .text.MX_TIM6_Init
                0x08001be4       0x6c ./Core/Src/main.o
 .text.MX_TIM7_Init
                0x08001c50       0x6c ./Core/Src/main.o
 .text.MX_USART2_UART_Init
                0x08001cbc       0x54 ./Core/Src/main.o
 .text.MX_GPIO_Init
                0x08001d10      0x12c ./Core/Src/main.o
 .text.__io_putchar
                0x08001e3c       0x1a ./Core/Src/main.o
                0x08001e3c                __io_putchar
 .text.Error_Handler
                0x08001e56        0xc ./Core/Src/main.o
                0x08001e56                Error_Handler
 *fill*         0x08001e62        0x2 
 .text.SPI_CS_High
                0x08001e64       0x18 ./Core/Src/max7219_Yncrea2.o
                0x08001e64                SPI_CS_High
 .text.SPI_CS_Low
                0x08001e7c       0x18 ./Core/Src/max7219_Yncrea2.o
                0x08001e7c                SPI_CS_Low
 .text.MAX7219_Init
                0x08001e94       0x2a ./Core/Src/max7219_Yncrea2.o
                0x08001e94                MAX7219_Init
 .text.MAX7219_ShutdownStop
                0x08001ebe       0x10 ./Core/Src/max7219_Yncrea2.o
                0x08001ebe                MAX7219_ShutdownStop
 .text.MAX7219_DisplayTestStart
                0x08001ece       0x10 ./Core/Src/max7219_Yncrea2.o
                0x08001ece                MAX7219_DisplayTestStart
 .text.MAX7219_DisplayTestStop
                0x08001ede       0x10 ./Core/Src/max7219_Yncrea2.o
                0x08001ede                MAX7219_DisplayTestStop
 .text.MAX7219_SetBrightness
                0x08001eee       0x24 ./Core/Src/max7219_Yncrea2.o
                0x08001eee                MAX7219_SetBrightness
 .text.MAX7219_Clear
                0x08001f12       0x2c ./Core/Src/max7219_Yncrea2.o
                0x08001f12                MAX7219_Clear
 .text.MAX7219_DisplayChar
                0x08001f3e       0x2e ./Core/Src/max7219_Yncrea2.o
                0x08001f3e                MAX7219_DisplayChar
 .text.MAX7219_DisplayChar1
                0x08001f6c       0x2e ./Core/Src/max7219_Yncrea2.o
                0x08001f6c                MAX7219_DisplayChar1
 *fill*         0x08001f9a        0x2 
 .text.MAX7219_LookupCode
                0x08001f9c       0x4c ./Core/Src/max7219_Yncrea2.o
 .text.MAX7219_LookupCode1
                0x08001fe8       0x4c ./Core/Src/max7219_Yncrea2.o
 .text.MAX7219_Write
                0x08002034       0x34 ./Core/Src/max7219_Yncrea2.o
 .text.MAX7219_SendByte
                0x08002068       0x24 ./Core/Src/max7219_Yncrea2.o
 .text.HAL_MspInit
                0x0800208c       0x60 ./Core/Src/stm32l1xx_hal_msp.o
                0x0800208c                HAL_MspInit
 .text.HAL_ADC_MspInit
                0x080020ec       0x80 ./Core/Src/stm32l1xx_hal_msp.o
                0x080020ec                HAL_ADC_MspInit
 .text.HAL_SPI_MspInit
                0x0800216c       0x88 ./Core/Src/stm32l1xx_hal_msp.o
                0x0800216c                HAL_SPI_MspInit
 .text.HAL_TIM_Base_MspInit
                0x080021f4       0xf0 ./Core/Src/stm32l1xx_hal_msp.o
                0x080021f4                HAL_TIM_Base_MspInit
 .text.HAL_TIM_MspPostInit
                0x080022e4       0x70 ./Core/Src/stm32l1xx_hal_msp.o
                0x080022e4                HAL_TIM_MspPostInit
 .text.HAL_UART_MspInit
                0x08002354       0x88 ./Core/Src/stm32l1xx_hal_msp.o
                0x08002354                HAL_UART_MspInit
 .text.NMI_Handler
                0x080023dc        0x8 ./Core/Src/stm32l1xx_it.o
                0x080023dc                NMI_Handler
 .text.HardFault_Handler
                0x080023e4        0x8 ./Core/Src/stm32l1xx_it.o
                0x080023e4                HardFault_Handler
 .text.MemManage_Handler
                0x080023ec        0x8 ./Core/Src/stm32l1xx_it.o
                0x080023ec                MemManage_Handler
 .text.BusFault_Handler
                0x080023f4        0x8 ./Core/Src/stm32l1xx_it.o
                0x080023f4                BusFault_Handler
 .text.UsageFault_Handler
                0x080023fc        0x8 ./Core/Src/stm32l1xx_it.o
                0x080023fc                UsageFault_Handler
 .text.SVC_Handler
                0x08002404        0xc ./Core/Src/stm32l1xx_it.o
                0x08002404                SVC_Handler
 .text.DebugMon_Handler
                0x08002410        0xc ./Core/Src/stm32l1xx_it.o
                0x08002410                DebugMon_Handler
 .text.PendSV_Handler
                0x0800241c        0xc ./Core/Src/stm32l1xx_it.o
                0x0800241c                PendSV_Handler
 .text.SysTick_Handler
                0x08002428        0xc ./Core/Src/stm32l1xx_it.o
                0x08002428                SysTick_Handler
 .text.TIM2_IRQHandler
                0x08002434       0x14 ./Core/Src/stm32l1xx_it.o
                0x08002434                TIM2_IRQHandler
 .text.TIM3_IRQHandler
                0x08002448       0x14 ./Core/Src/stm32l1xx_it.o
                0x08002448                TIM3_IRQHandler
 .text.I2C1_EV_IRQHandler
                0x0800245c       0x14 ./Core/Src/stm32l1xx_it.o
                0x0800245c                I2C1_EV_IRQHandler
 .text.I2C1_ER_IRQHandler
                0x08002470       0x14 ./Core/Src/stm32l1xx_it.o
                0x08002470                I2C1_ER_IRQHandler
 .text.EXTI15_10_IRQHandler
                0x08002484       0x2c ./Core/Src/stm32l1xx_it.o
                0x08002484                EXTI15_10_IRQHandler
 .text.TIM6_IRQHandler
                0x080024b0       0x20 ./Core/Src/stm32l1xx_it.o
                0x080024b0                TIM6_IRQHandler
 .text.TIM7_IRQHandler
                0x080024d0       0x20 ./Core/Src/stm32l1xx_it.o
                0x080024d0                TIM7_IRQHandler
 .text.HAL_GPIO_EXTI_Callback
                0x080024f0       0x84 ./Core/Src/stm32l1xx_it.o
                0x080024f0                HAL_GPIO_EXTI_Callback
 .text.HAL_TIM_PeriodElapsedCallback
                0x08002574       0x4c ./Core/Src/stm32l1xx_it.o
                0x08002574                HAL_TIM_PeriodElapsedCallback
 .text.BSP_I2C1_Init
                0x080025c0       0x64 ./Core/Src/stm32l1xx_nucleo_bus.o
                0x080025c0                BSP_I2C1_Init
 .text.BSP_I2C1_DeInit
                0x08002624       0x50 ./Core/Src/stm32l1xx_nucleo_bus.o
                0x08002624                BSP_I2C1_DeInit
 .text.BSP_I2C1_WriteReg
                0x08002674       0x64 ./Core/Src/stm32l1xx_nucleo_bus.o
                0x08002674                BSP_I2C1_WriteReg
 .text.BSP_I2C1_ReadReg
                0x080026d8       0x64 ./Core/Src/stm32l1xx_nucleo_bus.o
                0x080026d8                BSP_I2C1_ReadReg
 .text.BSP_GetTick
                0x0800273c        0xe ./Core/Src/stm32l1xx_nucleo_bus.o
                0x0800273c                BSP_GetTick
 *fill*         0x0800274a        0x2 
 .text.MX_I2C1_Init
                0x0800274c       0x68 ./Core/Src/stm32l1xx_nucleo_bus.o
                0x0800274c                MX_I2C1_Init
 .text.I2C1_MspInit
                0x080027b4       0xac ./Core/Src/stm32l1xx_nucleo_bus.o
 .text.I2C1_MspDeInit
                0x08002860       0x44 ./Core/Src/stm32l1xx_nucleo_bus.o
 .text._read    0x080028a4       0x3a ./Core/Src/syscalls.o
                0x080028a4                _read
 .text._write   0x080028de       0x38 ./Core/Src/syscalls.o
                0x080028de                _write
 .text._close   0x08002916       0x16 ./Core/Src/syscalls.o
                0x08002916                _close
 .text._fstat   0x0800292c       0x1e ./Core/Src/syscalls.o
                0x0800292c                _fstat
 .text._isatty  0x0800294a       0x14 ./Core/Src/syscalls.o
                0x0800294a                _isatty
 .text._lseek   0x0800295e       0x18 ./Core/Src/syscalls.o
                0x0800295e                _lseek
 *fill*         0x08002976        0x2 
 .text._sbrk    0x08002978       0x6c ./Core/Src/sysmem.o
                0x08002978                _sbrk
 .text.SystemInit
                0x080029e4        0xc ./Core/Src/system_stm32l1xx.o
                0x080029e4                SystemInit
 .text.Reset_Handler
                0x080029f0       0x48 ./Core/Startup/startup_stm32l152retx.o
                0x080029f0                Reset_Handler
 .text.Default_Handler
                0x08002a38        0x2 ./Core/Startup/startup_stm32l152retx.o
                0x08002a38                RTC_Alarm_IRQHandler
                0x08002a38                EXTI2_IRQHandler
                0x08002a38                COMP_ACQ_IRQHandler
                0x08002a38                TIM10_IRQHandler
                0x08002a38                USB_HP_IRQHandler
                0x08002a38                PVD_IRQHandler
                0x08002a38                EXTI3_IRQHandler
                0x08002a38                EXTI0_IRQHandler
                0x08002a38                I2C2_EV_IRQHandler
                0x08002a38                SPI1_IRQHandler
                0x08002a38                USB_FS_WKUP_IRQHandler
                0x08002a38                DMA2_Channel2_IRQHandler
                0x08002a38                DMA1_Channel4_IRQHandler
                0x08002a38                ADC1_IRQHandler
                0x08002a38                USART3_IRQHandler
                0x08002a38                DMA1_Channel7_IRQHandler
                0x08002a38                LCD_IRQHandler
                0x08002a38                UART5_IRQHandler
                0x08002a38                TIM4_IRQHandler
                0x08002a38                DMA2_Channel1_IRQHandler
                0x08002a38                DMA1_Channel6_IRQHandler
                0x08002a38                UART4_IRQHandler
                0x08002a38                DMA2_Channel4_IRQHandler
                0x08002a38                RCC_IRQHandler
                0x08002a38                DMA1_Channel1_IRQHandler
                0x08002a38                Default_Handler
                0x08002a38                TIM5_IRQHandler
                0x08002a38                EXTI9_5_IRQHandler
                0x08002a38                TIM9_IRQHandler
                0x08002a38                TAMPER_STAMP_IRQHandler
                0x08002a38                RTC_WKUP_IRQHandler
                0x08002a38                SPI2_IRQHandler
                0x08002a38                DMA2_Channel5_IRQHandler
                0x08002a38                DMA1_Channel5_IRQHandler
                0x08002a38                USB_LP_IRQHandler
                0x08002a38                EXTI4_IRQHandler
                0x08002a38                DMA1_Channel3_IRQHandler
                0x08002a38                COMP_IRQHandler
                0x08002a38                WWDG_IRQHandler
                0x08002a38                DAC_IRQHandler
                0x08002a38                EXTI1_IRQHandler
                0x08002a38                TIM11_IRQHandler
                0x08002a38                USART2_IRQHandler
                0x08002a38                I2C2_ER_IRQHandler
                0x08002a38                DMA1_Channel2_IRQHandler
                0x08002a38                FLASH_IRQHandler
                0x08002a38                USART1_IRQHandler
                0x08002a38                SPI3_IRQHandler
                0x08002a38                DMA2_Channel3_IRQHandler
 *fill*         0x08002a3a        0x2 
 .text.HTS221_RegisterBusIO
                0x08002a3c       0x94 ./Drivers/BSP/Components/hts221/hts221.o
                0x08002a3c                HTS221_RegisterBusIO
 .text.HTS221_Init
                0x08002ad0       0x36 ./Drivers/BSP/Components/hts221/hts221.o
                0x08002ad0                HTS221_Init
 .text.HTS221_DeInit
                0x08002b06       0x48 ./Drivers/BSP/Components/hts221/hts221.o
                0x08002b06                HTS221_DeInit
 .text.HTS221_ReadID
                0x08002b4e       0x2c ./Drivers/BSP/Components/hts221/hts221.o
                0x08002b4e                HTS221_ReadID
 *fill*         0x08002b7a        0x2 
 .text.HTS221_GetCapabilities
                0x08002b7c       0x54 ./Drivers/BSP/Components/hts221/hts221.o
                0x08002b7c                HTS221_GetCapabilities
 .text.HTS221_HUM_Enable
                0x08002bd0       0x4a ./Drivers/BSP/Components/hts221/hts221.o
                0x08002bd0                HTS221_HUM_Enable
 .text.HTS221_HUM_Disable
                0x08002c1a       0x4a ./Drivers/BSP/Components/hts221/hts221.o
                0x08002c1a                HTS221_HUM_Disable
 .text.HTS221_HUM_GetOutputDataRate
                0x08002c64       0x1c ./Drivers/BSP/Components/hts221/hts221.o
                0x08002c64                HTS221_HUM_GetOutputDataRate
 .text.HTS221_HUM_SetOutputDataRate
                0x08002c80       0x1c ./Drivers/BSP/Components/hts221/hts221.o
                0x08002c80                HTS221_HUM_SetOutputDataRate
 .text.HTS221_HUM_GetHumidity
                0x08002c9c      0x108 ./Drivers/BSP/Components/hts221/hts221.o
                0x08002c9c                HTS221_HUM_GetHumidity
 .text.HTS221_TEMP_Enable
                0x08002da4       0x4a ./Drivers/BSP/Components/hts221/hts221.o
                0x08002da4                HTS221_TEMP_Enable
 .text.HTS221_TEMP_Disable
                0x08002dee       0x4a ./Drivers/BSP/Components/hts221/hts221.o
                0x08002dee                HTS221_TEMP_Disable
 .text.HTS221_TEMP_GetOutputDataRate
                0x08002e38       0x1c ./Drivers/BSP/Components/hts221/hts221.o
                0x08002e38                HTS221_TEMP_GetOutputDataRate
 .text.HTS221_TEMP_SetOutputDataRate
                0x08002e54       0x1c ./Drivers/BSP/Components/hts221/hts221.o
                0x08002e54                HTS221_TEMP_SetOutputDataRate
 .text.HTS221_TEMP_GetTemperature
                0x08002e70       0xce ./Drivers/BSP/Components/hts221/hts221.o
                0x08002e70                HTS221_TEMP_GetTemperature
 *fill*         0x08002f3e        0x2 
 .text.HTS221_GetOutputDataRate
                0x08002f40       0x88 ./Drivers/BSP/Components/hts221/hts221.o
 .text.HTS221_SetOutputDataRate
                0x08002fc8       0x5c ./Drivers/BSP/Components/hts221/hts221.o
 .text.HTS221_Initialize
                0x08003024       0x58 ./Drivers/BSP/Components/hts221/hts221.o
 .text.Linear_Interpolation
                0x0800307c       0x88 ./Drivers/BSP/Components/hts221/hts221.o
 .text.ReadRegWrap
                0x08003104       0x62 ./Drivers/BSP/Components/hts221/hts221.o
 .text.WriteRegWrap
                0x08003166       0x62 ./Drivers/BSP/Components/hts221/hts221.o
 .text.hts221_read_reg
                0x080031c8       0x30 ./Drivers/BSP/Components/hts221/hts221_reg.o
                0x080031c8                hts221_read_reg
 .text.hts221_write_reg
                0x080031f8       0x30 ./Drivers/BSP/Components/hts221/hts221_reg.o
                0x080031f8                hts221_write_reg
 .text.hts221_data_rate_set
                0x08003228       0x4c ./Drivers/BSP/Components/hts221/hts221_reg.o
                0x08003228                hts221_data_rate_set
 .text.hts221_data_rate_get
                0x08003274       0x70 ./Drivers/BSP/Components/hts221/hts221_reg.o
                0x08003274                hts221_data_rate_get
 .text.hts221_block_data_update_set
                0x080032e4       0x4c ./Drivers/BSP/Components/hts221/hts221_reg.o
                0x080032e4                hts221_block_data_update_set
 .text.hts221_humidity_raw_get
                0x08003330       0x44 ./Drivers/BSP/Components/hts221/hts221_reg.o
                0x08003330                hts221_humidity_raw_get
 .text.hts221_temperature_raw_get
                0x08003374       0x44 ./Drivers/BSP/Components/hts221/hts221_reg.o
                0x08003374                hts221_temperature_raw_get
 .text.hts221_device_id_get
                0x080033b8       0x22 ./Drivers/BSP/Components/hts221/hts221_reg.o
                0x080033b8                hts221_device_id_get
 .text.hts221_power_on_set
                0x080033da       0x4c ./Drivers/BSP/Components/hts221/hts221_reg.o
                0x080033da                hts221_power_on_set
 .text.hts221_hum_rh_point_0_get
                0x08003426       0x40 ./Drivers/BSP/Components/hts221/hts221_reg.o
                0x08003426                hts221_hum_rh_point_0_get
 .text.hts221_hum_rh_point_1_get
                0x08003466       0x40 ./Drivers/BSP/Components/hts221/hts221_reg.o
                0x08003466                hts221_hum_rh_point_1_get
 .text.hts221_temp_deg_point_0_get
                0x080034a6       0x66 ./Drivers/BSP/Components/hts221/hts221_reg.o
                0x080034a6                hts221_temp_deg_point_0_get
 .text.hts221_temp_deg_point_1_get
                0x0800350c       0x66 ./Drivers/BSP/Components/hts221/hts221_reg.o
                0x0800350c                hts221_temp_deg_point_1_get
 .text.hts221_hum_adc_point_0_get
                0x08003572       0x42 ./Drivers/BSP/Components/hts221/hts221_reg.o
                0x08003572                hts221_hum_adc_point_0_get
 .text.hts221_hum_adc_point_1_get
                0x080035b4       0x42 ./Drivers/BSP/Components/hts221/hts221_reg.o
                0x080035b4                hts221_hum_adc_point_1_get
 .text.hts221_temp_adc_point_0_get
                0x080035f6       0x42 ./Drivers/BSP/Components/hts221/hts221_reg.o
                0x080035f6                hts221_temp_adc_point_0_get
 .text.hts221_temp_adc_point_1_get
                0x08003638       0x42 ./Drivers/BSP/Components/hts221/hts221_reg.o
                0x08003638                hts221_temp_adc_point_1_get
 *fill*         0x0800367a        0x2 
 .text.LPS22HH_RegisterBusIO
                0x0800367c       0xd4 ./Drivers/BSP/Components/lps22hh/lps22hh.o
                0x0800367c                LPS22HH_RegisterBusIO
 .text.LPS22HH_Init
                0x08003750       0x36 ./Drivers/BSP/Components/lps22hh/lps22hh.o
                0x08003750                LPS22HH_Init
 .text.LPS22HH_DeInit
                0x08003786       0x48 ./Drivers/BSP/Components/lps22hh/lps22hh.o
                0x08003786                LPS22HH_DeInit
 .text.LPS22HH_ReadID
                0x080037ce       0x2c ./Drivers/BSP/Components/lps22hh/lps22hh.o
                0x080037ce                LPS22HH_ReadID
 *fill*         0x080037fa        0x2 
 .text.LPS22HH_GetCapabilities
                0x080037fc       0x54 ./Drivers/BSP/Components/lps22hh/lps22hh.o
                0x080037fc                LPS22HH_GetCapabilities
 .text.LPS22HH_PRESS_Enable
                0x08003850       0x48 ./Drivers/BSP/Components/lps22hh/lps22hh.o
                0x08003850                LPS22HH_PRESS_Enable
 .text.LPS22HH_PRESS_Disable
                0x08003898       0x68 ./Drivers/BSP/Components/lps22hh/lps22hh.o
                0x08003898                LPS22HH_PRESS_Disable
 .text.LPS22HH_PRESS_GetOutputDataRate
                0x08003900       0x1c ./Drivers/BSP/Components/lps22hh/lps22hh.o
                0x08003900                LPS22HH_PRESS_GetOutputDataRate
 .text.LPS22HH_PRESS_SetOutputDataRate
                0x0800391c       0x32 ./Drivers/BSP/Components/lps22hh/lps22hh.o
                0x0800391c                LPS22HH_PRESS_SetOutputDataRate
 .text.LPS22HH_PRESS_GetPressure
                0x0800394e       0x4c ./Drivers/BSP/Components/lps22hh/lps22hh.o
                0x0800394e                LPS22HH_PRESS_GetPressure
 .text.LPS22HH_TEMP_Enable
                0x0800399a       0x48 ./Drivers/BSP/Components/lps22hh/lps22hh.o
                0x0800399a                LPS22HH_TEMP_Enable
 .text.LPS22HH_TEMP_Disable
                0x080039e2       0x68 ./Drivers/BSP/Components/lps22hh/lps22hh.o
                0x080039e2                LPS22HH_TEMP_Disable
 .text.LPS22HH_TEMP_GetOutputDataRate
                0x08003a4a       0x1c ./Drivers/BSP/Components/lps22hh/lps22hh.o
                0x08003a4a                LPS22HH_TEMP_GetOutputDataRate
 .text.LPS22HH_TEMP_SetOutputDataRate
                0x08003a66       0x32 ./Drivers/BSP/Components/lps22hh/lps22hh.o
                0x08003a66                LPS22HH_TEMP_SetOutputDataRate
 .text.LPS22HH_TEMP_GetTemperature
                0x08003a98       0x4e ./Drivers/BSP/Components/lps22hh/lps22hh.o
                0x08003a98                LPS22HH_TEMP_GetTemperature
 .text.LPS22HH_Write_Reg
                0x08003ae6       0x36 ./Drivers/BSP/Components/lps22hh/lps22hh.o
                0x08003ae6                LPS22HH_Write_Reg
 .text.LPS22HH_GetOutputDataRate
                0x08003b1c       0xc8 ./Drivers/BSP/Components/lps22hh/lps22hh.o
 .text.LPS22HH_SetOutputDataRate_When_Enabled
                0x08003be4       0xd4 ./Drivers/BSP/Components/lps22hh/lps22hh.o
 .text.LPS22HH_SetOutputDataRate_When_Disabled
                0x08003cb8       0xa0 ./Drivers/BSP/Components/lps22hh/lps22hh.o
 .text.LPS22HH_Initialize
                0x08003d58       0x9a ./Drivers/BSP/Components/lps22hh/lps22hh.o
 .text.ReadRegWrap
                0x08003df2       0x36 ./Drivers/BSP/Components/lps22hh/lps22hh.o
 .text.WriteRegWrap
                0x08003e28       0x36 ./Drivers/BSP/Components/lps22hh/lps22hh.o
 .text.lps22hh_read_reg
                0x08003e5e       0x30 ./Drivers/BSP/Components/lps22hh/lps22hh_reg.o
                0x08003e5e                lps22hh_read_reg
 .text.lps22hh_write_reg
                0x08003e8e       0x30 ./Drivers/BSP/Components/lps22hh/lps22hh_reg.o
                0x08003e8e                lps22hh_write_reg
 .text.lps22hh_from_lsb_to_hpa
                0x08003ebe       0x24 ./Drivers/BSP/Components/lps22hh/lps22hh_reg.o
                0x08003ebe                lps22hh_from_lsb_to_hpa
 *fill*         0x08003ee2        0x2 
 .text.lps22hh_from_lsb_to_celsius
                0x08003ee4       0x2c ./Drivers/BSP/Components/lps22hh/lps22hh_reg.o
                0x08003ee4                lps22hh_from_lsb_to_celsius
 .text.lps22hh_block_data_update_set
                0x08003f10       0x4c ./Drivers/BSP/Components/lps22hh/lps22hh_reg.o
                0x08003f10                lps22hh_block_data_update_set
 .text.lps22hh_data_rate_set
                0x08003f5c       0x9c ./Drivers/BSP/Components/lps22hh/lps22hh_reg.o
                0x08003f5c                lps22hh_data_rate_set
 .text.lps22hh_data_rate_get
                0x08003ff8      0x150 ./Drivers/BSP/Components/lps22hh/lps22hh_reg.o
                0x08003ff8                lps22hh_data_rate_get
 .text.lps22hh_pressure_raw_get
                0x08004148       0x52 ./Drivers/BSP/Components/lps22hh/lps22hh_reg.o
                0x08004148                lps22hh_pressure_raw_get
 .text.lps22hh_temperature_raw_get
                0x0800419a       0x44 ./Drivers/BSP/Components/lps22hh/lps22hh_reg.o
                0x0800419a                lps22hh_temperature_raw_get
 .text.lps22hh_device_id_get
                0x080041de       0x22 ./Drivers/BSP/Components/lps22hh/lps22hh_reg.o
                0x080041de                lps22hh_device_id_get
 .text.lps22hh_auto_increment_set
                0x08004200       0x4c ./Drivers/BSP/Components/lps22hh/lps22hh_reg.o
                0x08004200                lps22hh_auto_increment_set
 .text.lps22hh_lp_bandwidth_set
                0x0800424c       0x4c ./Drivers/BSP/Components/lps22hh/lps22hh_reg.o
                0x0800424c                lps22hh_lp_bandwidth_set
 .text.lps22hh_i3c_interface_set
                0x08004298       0x5e ./Drivers/BSP/Components/lps22hh/lps22hh_reg.o
                0x08004298                lps22hh_i3c_interface_set
 *fill*         0x080042f6        0x2 
 .text.STTS751_RegisterBusIO
                0x080042f8       0x94 ./Drivers/BSP/Components/stts751/stts751.o
                0x080042f8                STTS751_RegisterBusIO
 .text.STTS751_Init
                0x0800438c       0x74 ./Drivers/BSP/Components/stts751/stts751.o
                0x0800438c                STTS751_Init
 .text.STTS751_DeInit
                0x08004400       0x36 ./Drivers/BSP/Components/stts751/stts751.o
                0x08004400                STTS751_DeInit
 .text.STTS751_ReadID
                0x08004436       0x36 ./Drivers/BSP/Components/stts751/stts751.o
                0x08004436                STTS751_ReadID
 .text.STTS751_GetCapabilities
                0x0800446c       0x54 ./Drivers/BSP/Components/stts751/stts751.o
                0x0800446c                STTS751_GetCapabilities
 .text.STTS751_TEMP_Enable
                0x080044c0       0x40 ./Drivers/BSP/Components/stts751/stts751.o
                0x080044c0                STTS751_TEMP_Enable
 .text.STTS751_TEMP_Disable
                0x08004500       0x58 ./Drivers/BSP/Components/stts751/stts751.o
                0x08004500                STTS751_TEMP_Disable
 .text.STTS751_TEMP_GetOutputDataRate
                0x08004558       0xf4 ./Drivers/BSP/Components/stts751/stts751.o
                0x08004558                STTS751_TEMP_GetOutputDataRate
 .text.STTS751_TEMP_SetOutputDataRate
                0x0800464c      0x164 ./Drivers/BSP/Components/stts751/stts751.o
                0x0800464c                STTS751_TEMP_SetOutputDataRate
 .text.STTS751_TEMP_GetTemperature
                0x080047b0       0x40 ./Drivers/BSP/Components/stts751/stts751.o
                0x080047b0                STTS751_TEMP_GetTemperature
 .text.ReadRegWrap
                0x080047f0       0x6e ./Drivers/BSP/Components/stts751/stts751.o
 .text.WriteRegWrap
                0x0800485e       0x6e ./Drivers/BSP/Components/stts751/stts751.o
 .text.stts751_read_reg
                0x080048cc       0x30 ./Drivers/BSP/Components/stts751/stts751_reg.o
                0x080048cc                stts751_read_reg
 .text.stts751_write_reg
                0x080048fc       0x30 ./Drivers/BSP/Components/stts751/stts751_reg.o
                0x080048fc                stts751_write_reg
 .text.stts751_from_lsb_to_celsius
                0x0800492c       0x2a ./Drivers/BSP/Components/stts751/stts751_reg.o
                0x0800492c                stts751_from_lsb_to_celsius
 .text.stts751_temp_data_rate_set
                0x08004956       0xac ./Drivers/BSP/Components/stts751/stts751_reg.o
                0x08004956                stts751_temp_data_rate_set
 *fill*         0x08004a02        0x2 
 .text.stts751_temp_data_rate_get
                0x08004a04      0x100 ./Drivers/BSP/Components/stts751/stts751_reg.o
                0x08004a04                stts751_temp_data_rate_get
 .text.stts751_resolution_set
                0x08004b04       0x4c ./Drivers/BSP/Components/stts751/stts751_reg.o
                0x08004b04                stts751_resolution_set
 .text.stts751_resolution_get
                0x08004b50       0x70 ./Drivers/BSP/Components/stts751/stts751_reg.o
                0x08004b50                stts751_resolution_get
 .text.stts751_temperature_raw_get
                0x08004bc0       0x5c ./Drivers/BSP/Components/stts751/stts751_reg.o
                0x08004bc0                stts751_temperature_raw_get
 .text.stts751_pin_event_route_set
                0x08004c1c       0x4c ./Drivers/BSP/Components/stts751/stts751_reg.o
                0x08004c1c                stts751_pin_event_route_set
 .text.stts751_device_id_get
                0x08004c68       0x4e ./Drivers/BSP/Components/stts751/stts751_reg.o
                0x08004c68                stts751_device_id_get
 *fill*         0x08004cb6        0x2 
 .text.IKS01A3_ENV_SENSOR_Init
                0x08004cb8      0x21c ./Drivers/BSP/IKS01A3/iks01a3_env_sensors.o
                0x08004cb8                IKS01A3_ENV_SENSOR_Init
 .text.IKS01A3_ENV_SENSOR_SetOutputDataRate
                0x08004ed4       0x84 ./Drivers/BSP/IKS01A3/iks01a3_env_sensors.o
                0x08004ed4                IKS01A3_ENV_SENSOR_SetOutputDataRate
 .text.IKS01A3_ENV_SENSOR_GetValue
                0x08004f58       0x84 ./Drivers/BSP/IKS01A3/iks01a3_env_sensors.o
                0x08004f58                IKS01A3_ENV_SENSOR_GetValue
 .text.HTS221_0_Probe
                0x08004fdc      0x194 ./Drivers/BSP/IKS01A3/iks01a3_env_sensors.o
 .text.LPS22HH_0_Probe
                0x08005170      0x198 ./Drivers/BSP/IKS01A3/iks01a3_env_sensors.o
 .text.STTS751_0_Probe
                0x08005308      0x164 ./Drivers/BSP/IKS01A3/iks01a3_env_sensors.o
 .text.HAL_Init
                0x0800546c       0x30 ./Drivers/STM32L1xx_HAL_Driver/Src/stm32l1xx_hal.o
                0x0800546c                HAL_Init
 .text.HAL_InitTick
                0x0800549c       0x74 ./Drivers/STM32L1xx_HAL_Driver/Src/stm32l1xx_hal.o
                0x0800549c                HAL_InitTick
 .text.HAL_IncTick
                0x08005510       0x24 ./Drivers/STM32L1xx_HAL_Driver/Src/stm32l1xx_hal.o
                0x08005510                HAL_IncTick
 .text.HAL_GetTick
                0x08005534       0x14 ./Drivers/STM32L1xx_HAL_Driver/Src/stm32l1xx_hal.o
                0x08005534                HAL_GetTick
 .text.HAL_Delay
                0x08005548       0x44 ./Drivers/STM32L1xx_HAL_Driver/Src/stm32l1xx_hal.o
                0x08005548                HAL_Delay
 .text.HAL_ADC_Init
                0x0800558c      0x28c ./Drivers/STM32L1xx_HAL_Driver/Src/stm32l1xx_hal_adc.o
                0x0800558c                HAL_ADC_Init
 .text.HAL_ADC_Start
                0x08005818       0xc0 ./Drivers/STM32L1xx_HAL_Driver/Src/stm32l1xx_hal_adc.o
                0x08005818                HAL_ADC_Start
 .text.HAL_ADC_Stop
                0x080058d8       0x58 ./Drivers/STM32L1xx_HAL_Driver/Src/stm32l1xx_hal_adc.o
                0x080058d8                HAL_ADC_Stop
 .text.HAL_ADC_PollForConversion
                0x08005930      0x120 ./Drivers/STM32L1xx_HAL_Driver/Src/stm32l1xx_hal_adc.o
                0x08005930                HAL_ADC_PollForConversion
 .text.HAL_ADC_GetValue
                0x08005a50       0x18 ./Drivers/STM32L1xx_HAL_Driver/Src/stm32l1xx_hal_adc.o
                0x08005a50                HAL_ADC_GetValue
 .text.HAL_ADC_ConfigChannel
                0x08005a68      0x2d8 ./Drivers/STM32L1xx_HAL_Driver/Src/stm32l1xx_hal_adc.o
                0x08005a68                HAL_ADC_ConfigChannel
 .text.ADC_Enable
                0x08005d40       0xb8 ./Drivers/STM32L1xx_HAL_Driver/Src/stm32l1xx_hal_adc.o
                0x08005d40                ADC_Enable
 .text.ADC_ConversionStop_Disable
                0x08005df8       0x82 ./Drivers/STM32L1xx_HAL_Driver/Src/stm32l1xx_hal_adc.o
                0x08005df8                ADC_ConversionStop_Disable
 *fill*         0x08005e7a        0x2 
 .text.__NVIC_SetPriorityGrouping
                0x08005e7c       0x48 ./Drivers/STM32L1xx_HAL_Driver/Src/stm32l1xx_hal_cortex.o
 .text.__NVIC_GetPriorityGrouping
                0x08005ec4       0x1c ./Drivers/STM32L1xx_HAL_Driver/Src/stm32l1xx_hal_cortex.o
 .text.__NVIC_EnableIRQ
                0x08005ee0       0x38 ./Drivers/STM32L1xx_HAL_Driver/Src/stm32l1xx_hal_cortex.o
 .text.__NVIC_DisableIRQ
                0x08005f18       0x48 ./Drivers/STM32L1xx_HAL_Driver/Src/stm32l1xx_hal_cortex.o
 .text.__NVIC_SetPriority
                0x08005f60       0x54 ./Drivers/STM32L1xx_HAL_Driver/Src/stm32l1xx_hal_cortex.o
 .text.NVIC_EncodePriority
                0x08005fb4       0x64 ./Drivers/STM32L1xx_HAL_Driver/Src/stm32l1xx_hal_cortex.o
 .text.SysTick_Config
                0x08006018       0x44 ./Drivers/STM32L1xx_HAL_Driver/Src/stm32l1xx_hal_cortex.o
 .text.HAL_NVIC_SetPriorityGrouping
                0x0800605c       0x16 ./Drivers/STM32L1xx_HAL_Driver/Src/stm32l1xx_hal_cortex.o
                0x0800605c                HAL_NVIC_SetPriorityGrouping
 .text.HAL_NVIC_SetPriority
                0x08006072       0x38 ./Drivers/STM32L1xx_HAL_Driver/Src/stm32l1xx_hal_cortex.o
                0x08006072                HAL_NVIC_SetPriority
 .text.HAL_NVIC_EnableIRQ
                0x080060aa       0x1c ./Drivers/STM32L1xx_HAL_Driver/Src/stm32l1xx_hal_cortex.o
                0x080060aa                HAL_NVIC_EnableIRQ
 .text.HAL_NVIC_DisableIRQ
                0x080060c6       0x1c ./Drivers/STM32L1xx_HAL_Driver/Src/stm32l1xx_hal_cortex.o
                0x080060c6                HAL_NVIC_DisableIRQ
 .text.HAL_SYSTICK_Config
                0x080060e2       0x18 ./Drivers/STM32L1xx_HAL_Driver/Src/stm32l1xx_hal_cortex.o
                0x080060e2                HAL_SYSTICK_Config
 .text.HAL_DMA_Abort_IT
                0x080060fa       0x82 ./Drivers/STM32L1xx_HAL_Driver/Src/stm32l1xx_hal_dma.o
                0x080060fa                HAL_DMA_Abort_IT
 .text.HAL_DMA_GetState
                0x0800617c       0x1a ./Drivers/STM32L1xx_HAL_Driver/Src/stm32l1xx_hal_dma.o
                0x0800617c                HAL_DMA_GetState
 *fill*         0x08006196        0x2 
 .text.HAL_GPIO_Init
                0x08006198      0x320 ./Drivers/STM32L1xx_HAL_Driver/Src/stm32l1xx_hal_gpio.o
                0x08006198                HAL_GPIO_Init
 .text.HAL_GPIO_DeInit
                0x080064b8      0x1e0 ./Drivers/STM32L1xx_HAL_Driver/Src/stm32l1xx_hal_gpio.o
                0x080064b8                HAL_GPIO_DeInit
 .text.HAL_GPIO_WritePin
                0x08006698       0x30 ./Drivers/STM32L1xx_HAL_Driver/Src/stm32l1xx_hal_gpio.o
                0x08006698                HAL_GPIO_WritePin
 .text.HAL_GPIO_EXTI_IRQHandler
                0x080066c8       0x30 ./Drivers/STM32L1xx_HAL_Driver/Src/stm32l1xx_hal_gpio.o
                0x080066c8                HAL_GPIO_EXTI_IRQHandler
 .text.HAL_I2C_Init
                0x080066f8      0x288 ./Drivers/STM32L1xx_HAL_Driver/Src/stm32l1xx_hal_i2c.o
                0x080066f8                HAL_I2C_Init
 .text.HAL_I2C_DeInit
                0x08006980       0x5e ./Drivers/STM32L1xx_HAL_Driver/Src/stm32l1xx_hal_i2c.o
                0x08006980                HAL_I2C_DeInit
 .text.HAL_I2C_MspInit
                0x080069de       0x12 ./Drivers/STM32L1xx_HAL_Driver/Src/stm32l1xx_hal_i2c.o
                0x080069de                HAL_I2C_MspInit
 .text.HAL_I2C_MspDeInit
                0x080069f0       0x12 ./Drivers/STM32L1xx_HAL_Driver/Src/stm32l1xx_hal_i2c.o
                0x080069f0                HAL_I2C_MspDeInit
 .text.I2C_Flush_DR
                0x08006a02       0x28 ./Drivers/STM32L1xx_HAL_Driver/Src/stm32l1xx_hal_i2c.o
 *fill*         0x08006a2a        0x2 
 .text.HAL_I2C_Mem_Write
                0x08006a2c      0x1f4 ./Drivers/STM32L1xx_HAL_Driver/Src/stm32l1xx_hal_i2c.o
                0x08006a2c                HAL_I2C_Mem_Write
 .text.HAL_I2C_Mem_Read
                0x08006c20      0x44c ./Drivers/STM32L1xx_HAL_Driver/Src/stm32l1xx_hal_i2c.o
                0x08006c20                HAL_I2C_Mem_Read
 .text.HAL_I2C_EV_IRQHandler
                0x0800706c      0x2a6 ./Drivers/STM32L1xx_HAL_Driver/Src/stm32l1xx_hal_i2c.o
                0x0800706c                HAL_I2C_EV_IRQHandler
 .text.HAL_I2C_ER_IRQHandler
                0x08007312      0x13e ./Drivers/STM32L1xx_HAL_Driver/Src/stm32l1xx_hal_i2c.o
                0x08007312                HAL_I2C_ER_IRQHandler
 .text.HAL_I2C_MasterTxCpltCallback
                0x08007450       0x12 ./Drivers/STM32L1xx_HAL_Driver/Src/stm32l1xx_hal_i2c.o
                0x08007450                HAL_I2C_MasterTxCpltCallback
 .text.HAL_I2C_MasterRxCpltCallback
                0x08007462       0x12 ./Drivers/STM32L1xx_HAL_Driver/Src/stm32l1xx_hal_i2c.o
                0x08007462                HAL_I2C_MasterRxCpltCallback
 .text.HAL_I2C_SlaveTxCpltCallback
                0x08007474       0x12 ./Drivers/STM32L1xx_HAL_Driver/Src/stm32l1xx_hal_i2c.o
                0x08007474                HAL_I2C_SlaveTxCpltCallback
 .text.HAL_I2C_SlaveRxCpltCallback
                0x08007486       0x12 ./Drivers/STM32L1xx_HAL_Driver/Src/stm32l1xx_hal_i2c.o
                0x08007486                HAL_I2C_SlaveRxCpltCallback
 .text.HAL_I2C_AddrCallback
                0x08007498       0x1a ./Drivers/STM32L1xx_HAL_Driver/Src/stm32l1xx_hal_i2c.o
                0x08007498                HAL_I2C_AddrCallback
 .text.HAL_I2C_ListenCpltCallback
                0x080074b2       0x12 ./Drivers/STM32L1xx_HAL_Driver/Src/stm32l1xx_hal_i2c.o
                0x080074b2                HAL_I2C_ListenCpltCallback
 .text.HAL_I2C_MemTxCpltCallback
                0x080074c4       0x12 ./Drivers/STM32L1xx_HAL_Driver/Src/stm32l1xx_hal_i2c.o
                0x080074c4                HAL_I2C_MemTxCpltCallback
 .text.HAL_I2C_MemRxCpltCallback
                0x080074d6       0x12 ./Drivers/STM32L1xx_HAL_Driver/Src/stm32l1xx_hal_i2c.o
                0x080074d6                HAL_I2C_MemRxCpltCallback
 .text.HAL_I2C_ErrorCallback
                0x080074e8       0x12 ./Drivers/STM32L1xx_HAL_Driver/Src/stm32l1xx_hal_i2c.o
                0x080074e8                HAL_I2C_ErrorCallback
 .text.HAL_I2C_AbortCpltCallback
                0x080074fa       0x12 ./Drivers/STM32L1xx_HAL_Driver/Src/stm32l1xx_hal_i2c.o
                0x080074fa                HAL_I2C_AbortCpltCallback
 .text.HAL_I2C_GetState
                0x0800750c       0x1a ./Drivers/STM32L1xx_HAL_Driver/Src/stm32l1xx_hal_i2c.o
                0x0800750c                HAL_I2C_GetState
 .text.HAL_I2C_GetError
                0x08007526       0x16 ./Drivers/STM32L1xx_HAL_Driver/Src/stm32l1xx_hal_i2c.o
                0x08007526                HAL_I2C_GetError
 .text.I2C_MasterTransmit_TXE
                0x0800753c      0x138 ./Drivers/STM32L1xx_HAL_Driver/Src/stm32l1xx_hal_i2c.o
 .text.I2C_MasterTransmit_BTF
                0x08007674       0xec ./Drivers/STM32L1xx_HAL_Driver/Src/stm32l1xx_hal_i2c.o
 .text.I2C_MemoryTransmit_TXE_BTF
                0x08007760      0x130 ./Drivers/STM32L1xx_HAL_Driver/Src/stm32l1xx_hal_i2c.o
 .text.I2C_MasterReceive_RXNE
                0x08007890      0x176 ./Drivers/STM32L1xx_HAL_Driver/Src/stm32l1xx_hal_i2c.o
 .text.I2C_MasterReceive_BTF
                0x08007a06      0x1d4 ./Drivers/STM32L1xx_HAL_Driver/Src/stm32l1xx_hal_i2c.o
 .text.I2C_Master_SB
                0x08007bda      0x10a ./Drivers/STM32L1xx_HAL_Driver/Src/stm32l1xx_hal_i2c.o
 .text.I2C_Master_ADD10
                0x08007ce4       0x52 ./Drivers/STM32L1xx_HAL_Driver/Src/stm32l1xx_hal_i2c.o
 .text.I2C_Master_ADDR
                0x08007d36      0x320 ./Drivers/STM32L1xx_HAL_Driver/Src/stm32l1xx_hal_i2c.o
 .text.I2C_SlaveTransmit_TXE
                0x08008056       0x7a ./Drivers/STM32L1xx_HAL_Driver/Src/stm32l1xx_hal_i2c.o
 .text.I2C_SlaveTransmit_BTF
                0x080080d0       0x40 ./Drivers/STM32L1xx_HAL_Driver/Src/stm32l1xx_hal_i2c.o
 .text.I2C_SlaveReceive_RXNE
                0x08008110       0x7c ./Drivers/STM32L1xx_HAL_Driver/Src/stm32l1xx_hal_i2c.o
 .text.I2C_SlaveReceive_BTF
                0x0800818c       0x42 ./Drivers/STM32L1xx_HAL_Driver/Src/stm32l1xx_hal_i2c.o
 .text.I2C_Slave_ADDR
                0x080081ce       0x90 ./Drivers/STM32L1xx_HAL_Driver/Src/stm32l1xx_hal_i2c.o
 *fill*         0x0800825e        0x2 
 .text.I2C_Slave_STOPF
                0x08008260      0x260 ./Drivers/STM32L1xx_HAL_Driver/Src/stm32l1xx_hal_i2c.o
 .text.I2C_Slave_AF
                0x080084c0       0xe8 ./Drivers/STM32L1xx_HAL_Driver/Src/stm32l1xx_hal_i2c.o
 .text.I2C_ITError
                0x080085a8      0x264 ./Drivers/STM32L1xx_HAL_Driver/Src/stm32l1xx_hal_i2c.o
 .text.I2C_RequestMemoryWrite
                0x0800880c      0x12c ./Drivers/STM32L1xx_HAL_Driver/Src/stm32l1xx_hal_i2c.o
 .text.I2C_RequestMemoryRead
                0x08008938      0x1d0 ./Drivers/STM32L1xx_HAL_Driver/Src/stm32l1xx_hal_i2c.o
 .text.I2C_DMAAbort
                0x08008b08      0x150 ./Drivers/STM32L1xx_HAL_Driver/Src/stm32l1xx_hal_i2c.o
 .text.I2C_WaitOnFlagUntilTimeout
                0x08008c58       0xf4 ./Drivers/STM32L1xx_HAL_Driver/Src/stm32l1xx_hal_i2c.o
 .text.I2C_WaitOnMasterAddressFlagUntilTimeout
                0x08008d4c      0x140 ./Drivers/STM32L1xx_HAL_Driver/Src/stm32l1xx_hal_i2c.o
 .text.I2C_WaitOnTXEFlagUntilTimeout
                0x08008e8c       0x90 ./Drivers/STM32L1xx_HAL_Driver/Src/stm32l1xx_hal_i2c.o
 .text.I2C_WaitOnBTFFlagUntilTimeout
                0x08008f1c       0x90 ./Drivers/STM32L1xx_HAL_Driver/Src/stm32l1xx_hal_i2c.o
 .text.I2C_WaitOnSTOPRequestThroughIT
                0x08008fac       0x64 ./Drivers/STM32L1xx_HAL_Driver/Src/stm32l1xx_hal_i2c.o
 .text.I2C_WaitOnRXNEFlagUntilTimeout
                0x08009010       0xba ./Drivers/STM32L1xx_HAL_Driver/Src/stm32l1xx_hal_i2c.o
 .text.I2C_IsAcknowledgeFailed
                0x080090ca       0x5c ./Drivers/STM32L1xx_HAL_Driver/Src/stm32l1xx_hal_i2c.o
 .text.I2C_ConvertOtherXferOptions
                0x08009126       0x34 ./Drivers/STM32L1xx_HAL_Driver/Src/stm32l1xx_hal_i2c.o
 *fill*         0x0800915a        0x2 
 .text.HAL_RCC_OscConfig
                0x0800915c      0x660 ./Drivers/STM32L1xx_HAL_Driver/Src/stm32l1xx_hal_rcc.o
                0x0800915c                HAL_RCC_OscConfig
 .text.HAL_RCC_ClockConfig
                0x080097bc      0x268 ./Drivers/STM32L1xx_HAL_Driver/Src/stm32l1xx_hal_rcc.o
                0x080097bc                HAL_RCC_ClockConfig
 .text.HAL_RCC_GetSysClockFreq
                0x08009a24      0x200 ./Drivers/STM32L1xx_HAL_Driver/Src/stm32l1xx_hal_rcc.o
                0x08009a24                HAL_RCC_GetSysClockFreq
 .text.HAL_RCC_GetHCLKFreq
                0x08009c24       0x14 ./Drivers/STM32L1xx_HAL_Driver/Src/stm32l1xx_hal_rcc.o
                0x08009c24                HAL_RCC_GetHCLKFreq
 .text.HAL_RCC_GetPCLK1Freq
                0x08009c38       0x28 ./Drivers/STM32L1xx_HAL_Driver/Src/stm32l1xx_hal_rcc.o
                0x08009c38                HAL_RCC_GetPCLK1Freq
 .text.HAL_RCC_GetPCLK2Freq
                0x08009c60       0x28 ./Drivers/STM32L1xx_HAL_Driver/Src/stm32l1xx_hal_rcc.o
                0x08009c60                HAL_RCC_GetPCLK2Freq
 .text.RCC_SetFlashLatencyFromMSIRange
                0x08009c88       0xc0 ./Drivers/STM32L1xx_HAL_Driver/Src/stm32l1xx_hal_rcc.o
 .text.HAL_SPI_Init
                0x08009d48      0x112 ./Drivers/STM32L1xx_HAL_Driver/Src/stm32l1xx_hal_spi.o
                0x08009d48                HAL_SPI_Init
 .text.HAL_SPI_Transmit
                0x08009e5a      0x286 ./Drivers/STM32L1xx_HAL_Driver/Src/stm32l1xx_hal_spi.o
                0x08009e5a                HAL_SPI_Transmit
 .text.SPI_WaitFlagStateUntilTimeout
                0x0800a0e0      0x110 ./Drivers/STM32L1xx_HAL_Driver/Src/stm32l1xx_hal_spi.o
 .text.SPI_EndRxTxTransaction
                0x0800a1f0       0x84 ./Drivers/STM32L1xx_HAL_Driver/Src/stm32l1xx_hal_spi.o
 .text.HAL_TIM_Base_Init
                0x0800a274       0x7e ./Drivers/STM32L1xx_HAL_Driver/Src/stm32l1xx_hal_tim.o
                0x0800a274                HAL_TIM_Base_Init
 *fill*         0x0800a2f2        0x2 
 .text.HAL_TIM_Base_Start_IT
                0x0800a2f4       0xa4 ./Drivers/STM32L1xx_HAL_Driver/Src/stm32l1xx_hal_tim.o
                0x0800a2f4                HAL_TIM_Base_Start_IT
 .text.HAL_TIM_Base_Stop_IT
                0x0800a398       0x4c ./Drivers/STM32L1xx_HAL_Driver/Src/stm32l1xx_hal_tim.o
                0x0800a398                HAL_TIM_Base_Stop_IT
 .text.HAL_TIM_PWM_Init
                0x0800a3e4       0x7e ./Drivers/STM32L1xx_HAL_Driver/Src/stm32l1xx_hal_tim.o
                0x0800a3e4                HAL_TIM_PWM_Init
 .text.HAL_TIM_PWM_MspInit
                0x0800a462       0x12 ./Drivers/STM32L1xx_HAL_Driver/Src/stm32l1xx_hal_tim.o
                0x0800a462                HAL_TIM_PWM_MspInit
 .text.HAL_TIM_PWM_Start_IT
                0x0800a474      0x1c4 ./Drivers/STM32L1xx_HAL_Driver/Src/stm32l1xx_hal_tim.o
                0x0800a474                HAL_TIM_PWM_Start_IT
 .text.HAL_TIM_PWM_Stop_IT
                0x0800a638      0x114 ./Drivers/STM32L1xx_HAL_Driver/Src/stm32l1xx_hal_tim.o
                0x0800a638                HAL_TIM_PWM_Stop_IT
 .text.HAL_TIM_IRQHandler
                0x0800a74c      0x1b8 ./Drivers/STM32L1xx_HAL_Driver/Src/stm32l1xx_hal_tim.o
                0x0800a74c                HAL_TIM_IRQHandler
 .text.HAL_TIM_PWM_ConfigChannel
                0x0800a904      0x184 ./Drivers/STM32L1xx_HAL_Driver/Src/stm32l1xx_hal_tim.o
                0x0800a904                HAL_TIM_PWM_ConfigChannel
 .text.HAL_TIM_ConfigClockSource
                0x0800aa88      0x18e ./Drivers/STM32L1xx_HAL_Driver/Src/stm32l1xx_hal_tim.o
                0x0800aa88                HAL_TIM_ConfigClockSource
 .text.HAL_TIM_OC_DelayElapsedCallback
                0x0800ac16       0x12 ./Drivers/STM32L1xx_HAL_Driver/Src/stm32l1xx_hal_tim.o
                0x0800ac16                HAL_TIM_OC_DelayElapsedCallback
 .text.HAL_TIM_IC_CaptureCallback
                0x0800ac28       0x12 ./Drivers/STM32L1xx_HAL_Driver/Src/stm32l1xx_hal_tim.o
                0x0800ac28                HAL_TIM_IC_CaptureCallback
 .text.HAL_TIM_PWM_PulseFinishedCallback
                0x0800ac3a       0x12 ./Drivers/STM32L1xx_HAL_Driver/Src/stm32l1xx_hal_tim.o
                0x0800ac3a                HAL_TIM_PWM_PulseFinishedCallback
 .text.HAL_TIM_TriggerCallback
                0x0800ac4c       0x12 ./Drivers/STM32L1xx_HAL_Driver/Src/stm32l1xx_hal_tim.o
                0x0800ac4c                HAL_TIM_TriggerCallback
 *fill*         0x0800ac5e        0x2 
 .text.TIM_Base_SetConfig
                0x0800ac60       0xe0 ./Drivers/STM32L1xx_HAL_Driver/Src/stm32l1xx_hal_tim.o
 .text.TIM_OC1_SetConfig
                0x0800ad40       0x78 ./Drivers/STM32L1xx_HAL_Driver/Src/stm32l1xx_hal_tim.o
 .text.TIM_OC2_SetConfig
                0x0800adb8       0x7c ./Drivers/STM32L1xx_HAL_Driver/Src/stm32l1xx_hal_tim.o
 .text.TIM_OC3_SetConfig
                0x0800ae34       0x7a ./Drivers/STM32L1xx_HAL_Driver/Src/stm32l1xx_hal_tim.o
 .text.TIM_OC4_SetConfig
                0x0800aeae       0x7c ./Drivers/STM32L1xx_HAL_Driver/Src/stm32l1xx_hal_tim.o
 .text.TIM_TI1_ConfigInputStage
                0x0800af2a       0x5c ./Drivers/STM32L1xx_HAL_Driver/Src/stm32l1xx_hal_tim.o
 .text.TIM_TI2_ConfigInputStage
                0x0800af86       0x5e ./Drivers/STM32L1xx_HAL_Driver/Src/stm32l1xx_hal_tim.o
 .text.TIM_ITRx_SetConfig
                0x0800afe4       0x34 ./Drivers/STM32L1xx_HAL_Driver/Src/stm32l1xx_hal_tim.o
 .text.TIM_ETR_SetConfig
                0x0800b018       0x3e ./Drivers/STM32L1xx_HAL_Driver/Src/stm32l1xx_hal_tim.o
 .text.TIM_CCxChannelCmd
                0x0800b056       0x48 ./Drivers/STM32L1xx_HAL_Driver/Src/stm32l1xx_hal_tim.o
 *fill*         0x0800b09e        0x2 
 .text.HAL_TIMEx_MasterConfigSynchronization
                0x0800b0a0       0xbc ./Drivers/STM32L1xx_HAL_Driver/Src/stm32l1xx_hal_tim_ex.o
                0x0800b0a0                HAL_TIMEx_MasterConfigSynchronization
 .text.HAL_UART_Init
                0x0800b15c       0xa0 ./Drivers/STM32L1xx_HAL_Driver/Src/stm32l1xx_hal_uart.o
                0x0800b15c                HAL_UART_Init
 .text.UART_SetConfig
                0x0800b1fc      0x1c8 ./Drivers/STM32L1xx_HAL_Driver/Src/stm32l1xx_hal_uart.o
 .text.std      0x0800b3c4       0x6c C:/ST/STM32CubeIDE_1.13.2/STM32CubeIDE/plugins/com.st.stm32cube.ide.mcu.externaltools.gnu-tools-for-stm32.12.3.rel1.win32_1.0.100.202403111256/tools/bin/../lib/gcc/arm-none-eabi/12.3.1/../../../../arm-none-eabi/lib/thumb/v7-m/nofp\libc_nano.a(libc_a-findfp.o)
 .text.stdio_exit_handler
                0x0800b430       0x18 C:/ST/STM32CubeIDE_1.13.2/STM32CubeIDE/plugins/com.st.stm32cube.ide.mcu.externaltools.gnu-tools-for-stm32.12.3.rel1.win32_1.0.100.202403111256/tools/bin/../lib/gcc/arm-none-eabi/12.3.1/../../../../arm-none-eabi/lib/thumb/v7-m/nofp\libc_nano.a(libc_a-findfp.o)
 .text.cleanup_stdio
                0x0800b448       0x40 C:/ST/STM32CubeIDE_1.13.2/STM32CubeIDE/plugins/com.st.stm32cube.ide.mcu.externaltools.gnu-tools-for-stm32.12.3.rel1.win32_1.0.100.202403111256/tools/bin/../lib/gcc/arm-none-eabi/12.3.1/../../../../arm-none-eabi/lib/thumb/v7-m/nofp\libc_nano.a(libc_a-findfp.o)
 .text.global_stdio_init.part.0
                0x0800b488       0x3c C:/ST/STM32CubeIDE_1.13.2/STM32CubeIDE/plugins/com.st.stm32cube.ide.mcu.externaltools.gnu-tools-for-stm32.12.3.rel1.win32_1.0.100.202403111256/tools/bin/../lib/gcc/arm-none-eabi/12.3.1/../../../../arm-none-eabi/lib/thumb/v7-m/nofp\libc_nano.a(libc_a-findfp.o)
 .text.__sfp_lock_acquire
                0x0800b4c4        0xc C:/ST/STM32CubeIDE_1.13.2/STM32CubeIDE/plugins/com.st.stm32cube.ide.mcu.externaltools.gnu-tools-for-stm32.12.3.rel1.win32_1.0.100.202403111256/tools/bin/../lib/gcc/arm-none-eabi/12.3.1/../../../../arm-none-eabi/lib/thumb/v7-m/nofp\libc_nano.a(libc_a-findfp.o)
                0x0800b4c4                __sfp_lock_acquire
 .text.__sfp_lock_release
                0x0800b4d0        0xc C:/ST/STM32CubeIDE_1.13.2/STM32CubeIDE/plugins/com.st.stm32cube.ide.mcu.externaltools.gnu-tools-for-stm32.12.3.rel1.win32_1.0.100.202403111256/tools/bin/../lib/gcc/arm-none-eabi/12.3.1/../../../../arm-none-eabi/lib/thumb/v7-m/nofp\libc_nano.a(libc_a-findfp.o)
                0x0800b4d0                __sfp_lock_release
 .text.__sinit  0x0800b4dc       0x30 C:/ST/STM32CubeIDE_1.13.2/STM32CubeIDE/plugins/com.st.stm32cube.ide.mcu.externaltools.gnu-tools-for-stm32.12.3.rel1.win32_1.0.100.202403111256/tools/bin/../lib/gcc/arm-none-eabi/12.3.1/../../../../arm-none-eabi/lib/thumb/v7-m/nofp\libc_nano.a(libc_a-findfp.o)
                0x0800b4dc                __sinit
 .text._fwalk_sglue
                0x0800b50c       0x3c C:/ST/STM32CubeIDE_1.13.2/STM32CubeIDE/plugins/com.st.stm32cube.ide.mcu.externaltools.gnu-tools-for-stm32.12.3.rel1.win32_1.0.100.202403111256/tools/bin/../lib/gcc/arm-none-eabi/12.3.1/../../../../arm-none-eabi/lib/thumb/v7-m/nofp\libc_nano.a(libc_a-fwalk.o)
                0x0800b50c                _fwalk_sglue
 .text._puts_r  0x0800b548       0xaa C:/ST/STM32CubeIDE_1.13.2/STM32CubeIDE/plugins/com.st.stm32cube.ide.mcu.externaltools.gnu-tools-for-stm32.12.3.rel1.win32_1.0.100.202403111256/tools/bin/../lib/gcc/arm-none-eabi/12.3.1/../../../../arm-none-eabi/lib/thumb/v7-m/nofp\libc_nano.a(libc_a-puts.o)
                0x0800b548                _puts_r
 *fill*         0x0800b5f2        0x2 
 .text.puts     0x0800b5f4       0x10 C:/ST/STM32CubeIDE_1.13.2/STM32CubeIDE/plugins/com.st.stm32cube.ide.mcu.externaltools.gnu-tools-for-stm32.12.3.rel1.win32_1.0.100.202403111256/tools/bin/../lib/gcc/arm-none-eabi/12.3.1/../../../../arm-none-eabi/lib/thumb/v7-m/nofp\libc_nano.a(libc_a-puts.o)
                0x0800b5f4                puts
 .text.sprintf  0x0800b604       0x40 C:/ST/STM32CubeIDE_1.13.2/STM32CubeIDE/plugins/com.st.stm32cube.ide.mcu.externaltools.gnu-tools-for-stm32.12.3.rel1.win32_1.0.100.202403111256/tools/bin/../lib/gcc/arm-none-eabi/12.3.1/../../../../arm-none-eabi/lib/thumb/v7-m/nofp\libc_nano.a(libc_a-sprintf.o)
                0x0800b604                siprintf
                0x0800b604                sprintf
 .text.__sread  0x0800b644       0x22 C:/ST/STM32CubeIDE_1.13.2/STM32CubeIDE/plugins/com.st.stm32cube.ide.mcu.externaltools.gnu-tools-for-stm32.12.3.rel1.win32_1.0.100.202403111256/tools/bin/../lib/gcc/arm-none-eabi/12.3.1/../../../../arm-none-eabi/lib/thumb/v7-m/nofp\libc_nano.a(libc_a-stdio.o)
                0x0800b644                __sread
 .text.__swrite
                0x0800b666       0x38 C:/ST/STM32CubeIDE_1.13.2/STM32CubeIDE/plugins/com.st.stm32cube.ide.mcu.externaltools.gnu-tools-for-stm32.12.3.rel1.win32_1.0.100.202403111256/tools/bin/../lib/gcc/arm-none-eabi/12.3.1/../../../../arm-none-eabi/lib/thumb/v7-m/nofp\libc_nano.a(libc_a-stdio.o)
                0x0800b666                __swrite
 .text.__sseek  0x0800b69e       0x24 C:/ST/STM32CubeIDE_1.13.2/STM32CubeIDE/plugins/com.st.stm32cube.ide.mcu.externaltools.gnu-tools-for-stm32.12.3.rel1.win32_1.0.100.202403111256/tools/bin/../lib/gcc/arm-none-eabi/12.3.1/../../../../arm-none-eabi/lib/thumb/v7-m/nofp\libc_nano.a(libc_a-stdio.o)
                0x0800b69e                __sseek
 .text.__sclose
                0x0800b6c2        0x8 C:/ST/STM32CubeIDE_1.13.2/STM32CubeIDE/plugins/com.st.stm32cube.ide.mcu.externaltools.gnu-tools-for-stm32.12.3.rel1.win32_1.0.100.202403111256/tools/bin/../lib/gcc/arm-none-eabi/12.3.1/../../../../arm-none-eabi/lib/thumb/v7-m/nofp\libc_nano.a(libc_a-stdio.o)
                0x0800b6c2                __sclose
 .text.__swbuf_r
                0x0800b6ca       0x7c C:/ST/STM32CubeIDE_1.13.2/STM32CubeIDE/plugins/com.st.stm32cube.ide.mcu.externaltools.gnu-tools-for-stm32.12.3.rel1.win32_1.0.100.202403111256/tools/bin/../lib/gcc/arm-none-eabi/12.3.1/../../../../arm-none-eabi/lib/thumb/v7-m/nofp\libc_nano.a(libc_a-wbuf.o)
                0x0800b6ca                __swbuf_r
 *fill*         0x0800b746        0x2 
 .text.__swsetup_r
                0x0800b748       0xac C:/ST/STM32CubeIDE_1.13.2/STM32CubeIDE/plugins/com.st.stm32cube.ide.mcu.externaltools.gnu-tools-for-stm32.12.3.rel1.win32_1.0.100.202403111256/tools/bin/../lib/gcc/arm-none-eabi/12.3.1/../../../../arm-none-eabi/lib/thumb/v7-m/nofp\libc_nano.a(libc_a-wsetup.o)
                0x0800b748                __swsetup_r
 .text.memset   0x0800b7f4       0x10 C:/ST/STM32CubeIDE_1.13.2/STM32CubeIDE/plugins/com.st.stm32cube.ide.mcu.externaltools.gnu-tools-for-stm32.12.3.rel1.win32_1.0.100.202403111256/tools/bin/../lib/gcc/arm-none-eabi/12.3.1/../../../../arm-none-eabi/lib/thumb/v7-m/nofp\libc_nano.a(libc_a-memset.o)
                0x0800b7f4                memset
 .text._close_r
                0x0800b804       0x20 C:/ST/STM32CubeIDE_1.13.2/STM32CubeIDE/plugins/com.st.stm32cube.ide.mcu.externaltools.gnu-tools-for-stm32.12.3.rel1.win32_1.0.100.202403111256/tools/bin/../lib/gcc/arm-none-eabi/12.3.1/../../../../arm-none-eabi/lib/thumb/v7-m/nofp\libc_nano.a(libc_a-closer.o)
                0x0800b804                _close_r
 .text._lseek_r
                0x0800b824       0x24 C:/ST/STM32CubeIDE_1.13.2/STM32CubeIDE/plugins/com.st.stm32cube.ide.mcu.externaltools.gnu-tools-for-stm32.12.3.rel1.win32_1.0.100.202403111256/tools/bin/../lib/gcc/arm-none-eabi/12.3.1/../../../../arm-none-eabi/lib/thumb/v7-m/nofp\libc_nano.a(libc_a-lseekr.o)
                0x0800b824                _lseek_r
 .text._read_r  0x0800b848       0x24 C:/ST/STM32CubeIDE_1.13.2/STM32CubeIDE/plugins/com.st.stm32cube.ide.mcu.externaltools.gnu-tools-for-stm32.12.3.rel1.win32_1.0.100.202403111256/tools/bin/../lib/gcc/arm-none-eabi/12.3.1/../../../../arm-none-eabi/lib/thumb/v7-m/nofp\libc_nano.a(libc_a-readr.o)
                0x0800b848                _read_r
 .text._write_r
                0x0800b86c       0x24 C:/ST/STM32CubeIDE_1.13.2/STM32CubeIDE/plugins/com.st.stm32cube.ide.mcu.externaltools.gnu-tools-for-stm32.12.3.rel1.win32_1.0.100.202403111256/tools/bin/../lib/gcc/arm-none-eabi/12.3.1/../../../../arm-none-eabi/lib/thumb/v7-m/nofp\libc_nano.a(libc_a-writer.o)
                0x0800b86c                _write_r
 .text.__errno  0x0800b890        0xc C:/ST/STM32CubeIDE_1.13.2/STM32CubeIDE/plugins/com.st.stm32cube.ide.mcu.externaltools.gnu-tools-for-stm32.12.3.rel1.win32_1.0.100.202403111256/tools/bin/../lib/gcc/arm-none-eabi/12.3.1/../../../../arm-none-eabi/lib/thumb/v7-m/nofp\libc_nano.a(libc_a-errno.o)
                0x0800b890                __errno
 .text.__libc_init_array
                0x0800b89c       0x48 C:/ST/STM32CubeIDE_1.13.2/STM32CubeIDE/plugins/com.st.stm32cube.ide.mcu.externaltools.gnu-tools-for-stm32.12.3.rel1.win32_1.0.100.202403111256/tools/bin/../lib/gcc/arm-none-eabi/12.3.1/../../../../arm-none-eabi/lib/thumb/v7-m/nofp\libc_nano.a(libc_a-init.o)
                0x0800b89c                __libc_init_array
 .text.__retarget_lock_init_recursive
                0x0800b8e4        0x2 C:/ST/STM32CubeIDE_1.13.2/STM32CubeIDE/plugins/com.st.stm32cube.ide.mcu.externaltools.gnu-tools-for-stm32.12.3.rel1.win32_1.0.100.202403111256/tools/bin/../lib/gcc/arm-none-eabi/12.3.1/../../../../arm-none-eabi/lib/thumb/v7-m/nofp\libc_nano.a(libc_a-lock.o)
                0x0800b8e4                __retarget_lock_init_recursive
 .text.__retarget_lock_acquire_recursive
                0x0800b8e6        0x2 C:/ST/STM32CubeIDE_1.13.2/STM32CubeIDE/plugins/com.st.stm32cube.ide.mcu.externaltools.gnu-tools-for-stm32.12.3.rel1.win32_1.0.100.202403111256/tools/bin/../lib/gcc/arm-none-eabi/12.3.1/../../../../arm-none-eabi/lib/thumb/v7-m/nofp\libc_nano.a(libc_a-lock.o)
                0x0800b8e6                __retarget_lock_acquire_recursive
 .text.__retarget_lock_release_recursive
                0x0800b8e8        0x2 C:/ST/STM32CubeIDE_1.13.2/STM32CubeIDE/plugins/com.st.stm32cube.ide.mcu.externaltools.gnu-tools-for-stm32.12.3.rel1.win32_1.0.100.202403111256/tools/bin/../lib/gcc/arm-none-eabi/12.3.1/../../../../arm-none-eabi/lib/thumb/v7-m/nofp\libc_nano.a(libc_a-lock.o)
                0x0800b8e8                __retarget_lock_release_recursive
 *fill*         0x0800b8ea        0x2 
 .text._free_r  0x0800b8ec       0x90 C:/ST/STM32CubeIDE_1.13.2/STM32CubeIDE/plugins/com.st.stm32cube.ide.mcu.externaltools.gnu-tools-for-stm32.12.3.rel1.win32_1.0.100.202403111256/tools/bin/../lib/gcc/arm-none-eabi/12.3.1/../../../../arm-none-eabi/lib/thumb/v7-m/nofp\libc_nano.a(libc_a-freer.o)
                0x0800b8ec                _free_r
 .text.sbrk_aligned
                0x0800b97c       0x44 C:/ST/STM32CubeIDE_1.13.2/STM32CubeIDE/plugins/com.st.stm32cube.ide.mcu.externaltools.gnu-tools-for-stm32.12.3.rel1.win32_1.0.100.202403111256/tools/bin/../lib/gcc/arm-none-eabi/12.3.1/../../../../arm-none-eabi/lib/thumb/v7-m/nofp\libc_nano.a(libc_a-mallocr.o)
 .text._malloc_r
                0x0800b9c0      0x100 C:/ST/STM32CubeIDE_1.13.2/STM32CubeIDE/plugins/com.st.stm32cube.ide.mcu.externaltools.gnu-tools-for-stm32.12.3.rel1.win32_1.0.100.202403111256/tools/bin/../lib/gcc/arm-none-eabi/12.3.1/../../../../arm-none-eabi/lib/thumb/v7-m/nofp\libc_nano.a(libc_a-mallocr.o)
                0x0800b9c0                _malloc_r
 .text.__malloc_lock
                0x0800bac0        0xc C:/ST/STM32CubeIDE_1.13.2/STM32CubeIDE/plugins/com.st.stm32cube.ide.mcu.externaltools.gnu-tools-for-stm32.12.3.rel1.win32_1.0.100.202403111256/tools/bin/../lib/gcc/arm-none-eabi/12.3.1/../../../../arm-none-eabi/lib/thumb/v7-m/nofp\libc_nano.a(libc_a-mlock.o)
                0x0800bac0                __malloc_lock
 .text.__malloc_unlock
                0x0800bacc        0xc C:/ST/STM32CubeIDE_1.13.2/STM32CubeIDE/plugins/com.st.stm32cube.ide.mcu.externaltools.gnu-tools-for-stm32.12.3.rel1.win32_1.0.100.202403111256/tools/bin/../lib/gcc/arm-none-eabi/12.3.1/../../../../arm-none-eabi/lib/thumb/v7-m/nofp\libc_nano.a(libc_a-mlock.o)
                0x0800bacc                __malloc_unlock
 .text.__ssputs_r
                0x0800bad8       0xb6 C:/ST/STM32CubeIDE_1.13.2/STM32CubeIDE/plugins/com.st.stm32cube.ide.mcu.externaltools.gnu-tools-for-stm32.12.3.rel1.win32_1.0.100.202403111256/tools/bin/../lib/gcc/arm-none-eabi/12.3.1/../../../../arm-none-eabi/lib/thumb/v7-m/nofp\libc_nano.a(libc_a-nano-svfprintf.o)
                0x0800bad8                __ssputs_r
 *fill*         0x0800bb8e        0x2 
 .text._svfprintf_r
                0x0800bb90      0x1f8 C:/ST/STM32CubeIDE_1.13.2/STM32CubeIDE/plugins/com.st.stm32cube.ide.mcu.externaltools.gnu-tools-for-stm32.12.3.rel1.win32_1.0.100.202403111256/tools/bin/../lib/gcc/arm-none-eabi/12.3.1/../../../../arm-none-eabi/lib/thumb/v7-m/nofp\libc_nano.a(libc_a-nano-svfprintf.o)
                0x0800bb90                _svfiprintf_r
                0x0800bb90                _svfprintf_r
 .text._printf_common
                0x0800bd88       0xe4 C:/ST/STM32CubeIDE_1.13.2/STM32CubeIDE/plugins/com.st.stm32cube.ide.mcu.externaltools.gnu-tools-for-stm32.12.3.rel1.win32_1.0.100.202403111256/tools/bin/../lib/gcc/arm-none-eabi/12.3.1/../../../../arm-none-eabi/lib/thumb/v7-m/nofp\libc_nano.a(libc_a-nano-vfprintf_i.o)
                0x0800bd88                _printf_common
 .text._printf_i
                0x0800be6c      0x240 C:/ST/STM32CubeIDE_1.13.2/STM32CubeIDE/plugins/com.st.stm32cube.ide.mcu.externaltools.gnu-tools-for-stm32.12.3.rel1.win32_1.0.100.202403111256/tools/bin/../lib/gcc/arm-none-eabi/12.3.1/../../../../arm-none-eabi/lib/thumb/v7-m/nofp\libc_nano.a(libc_a-nano-vfprintf_i.o)
                0x0800be6c                _printf_i
 .text.__sflush_r
                0x0800c0ac      0x100 C:/ST/STM32CubeIDE_1.13.2/STM32CubeIDE/plugins/com.st.stm32cube.ide.mcu.externaltools.gnu-tools-for-stm32.12.3.rel1.win32_1.0.100.202403111256/tools/bin/../lib/gcc/arm-none-eabi/12.3.1/../../../../arm-none-eabi/lib/thumb/v7-m/nofp\libc_nano.a(libc_a-fflush.o)
                0x0800c0ac                __sflush_r
 .text._fflush_r
                0x0800c1ac       0x50 C:/ST/STM32CubeIDE_1.13.2/STM32CubeIDE/plugins/com.st.stm32cube.ide.mcu.externaltools.gnu-tools-for-stm32.12.3.rel1.win32_1.0.100.202403111256/tools/bin/../lib/gcc/arm-none-eabi/12.3.1/../../../../arm-none-eabi/lib/thumb/v7-m/nofp\libc_nano.a(libc_a-fflush.o)
                0x0800c1ac                _fflush_r
 .text.__swhatbuf_r
                0x0800c1fc       0x4a C:/ST/STM32CubeIDE_1.13.2/STM32CubeIDE/plugins/com.st.stm32cube.ide.mcu.externaltools.gnu-tools-for-stm32.12.3.rel1.win32_1.0.100.202403111256/tools/bin/../lib/gcc/arm-none-eabi/12.3.1/../../../../arm-none-eabi/lib/thumb/v7-m/nofp\libc_nano.a(libc_a-makebuf.o)
                0x0800c1fc                __swhatbuf_r
 .text.__smakebuf_r
                0x0800c246       0x78 C:/ST/STM32CubeIDE_1.13.2/STM32CubeIDE/plugins/com.st.stm32cube.ide.mcu.externaltools.gnu-tools-for-stm32.12.3.rel1.win32_1.0.100.202403111256/tools/bin/../lib/gcc/arm-none-eabi/12.3.1/../../../../arm-none-eabi/lib/thumb/v7-m/nofp\libc_nano.a(libc_a-makebuf.o)
                0x0800c246                __smakebuf_r
 .text.memmove  0x0800c2be       0x34 C:/ST/STM32CubeIDE_1.13.2/STM32CubeIDE/plugins/com.st.stm32cube.ide.mcu.externaltools.gnu-tools-for-stm32.12.3.rel1.win32_1.0.100.202403111256/tools/bin/../lib/gcc/arm-none-eabi/12.3.1/../../../../arm-none-eabi/lib/thumb/v7-m/nofp\libc_nano.a(libc_a-memmove.o)
                0x0800c2be                memmove
 *fill*         0x0800c2f2        0x2 
 .text._fstat_r
                0x0800c2f4       0x24 C:/ST/STM32CubeIDE_1.13.2/STM32CubeIDE/plugins/com.st.stm32cube.ide.mcu.externaltools.gnu-tools-for-stm32.12.3.rel1.win32_1.0.100.202403111256/tools/bin/../lib/gcc/arm-none-eabi/12.3.1/../../../../arm-none-eabi/lib/thumb/v7-m/nofp\libc_nano.a(libc_a-fstatr.o)
                0x0800c2f4                _fstat_r
 .text._isatty_r
                0x0800c318       0x20 C:/ST/STM32CubeIDE_1.13.2/STM32CubeIDE/plugins/com.st.stm32cube.ide.mcu.externaltools.gnu-tools-for-stm32.12.3.rel1.win32_1.0.100.202403111256/tools/bin/../lib/gcc/arm-none-eabi/12.3.1/../../../../arm-none-eabi/lib/thumb/v7-m/nofp\libc_nano.a(libc_a-isattyr.o)
                0x0800c318                _isatty_r
 .text._sbrk_r  0x0800c338       0x20 C:/ST/STM32CubeIDE_1.13.2/STM32CubeIDE/plugins/com.st.stm32cube.ide.mcu.externaltools.gnu-tools-for-stm32.12.3.rel1.win32_1.0.100.202403111256/tools/bin/../lib/gcc/arm-none-eabi/12.3.1/../../../../arm-none-eabi/lib/thumb/v7-m/nofp\libc_nano.a(libc_a-sbrkr.o)
                0x0800c338                _sbrk_r
 .text.memchr   0x0800c358       0x1c C:/ST/STM32CubeIDE_1.13.2/STM32CubeIDE/plugins/com.st.stm32cube.ide.mcu.externaltools.gnu-tools-for-stm32.12.3.rel1.win32_1.0.100.202403111256/tools/bin/../lib/gcc/arm-none-eabi/12.3.1/../../../../arm-none-eabi/lib/thumb/v7-m/nofp\libc_nano.a(libc_a-memchr-stub.o)
                0x0800c358                memchr
 .text.memcpy   0x0800c374       0x1c C:/ST/STM32CubeIDE_1.13.2/STM32CubeIDE/plugins/com.st.stm32cube.ide.mcu.externaltools.gnu-tools-for-stm32.12.3.rel1.win32_1.0.100.202403111256/tools/bin/../lib/gcc/arm-none-eabi/12.3.1/../../../../arm-none-eabi/lib/thumb/v7-m/nofp\libc_nano.a(libc_a-memcpy-stub.o)
                0x0800c374                memcpy
 .text._realloc_r
                0x0800c390       0x5c C:/ST/STM32CubeIDE_1.13.2/STM32CubeIDE/plugins/com.st.stm32cube.ide.mcu.externaltools.gnu-tools-for-stm32.12.3.rel1.win32_1.0.100.202403111256/tools/bin/../lib/gcc/arm-none-eabi/12.3.1/../../../../arm-none-eabi/lib/thumb/v7-m/nofp\libc_nano.a(libc_a-reallocr.o)
                0x0800c390                _realloc_r
 .text._malloc_usable_size_r
                0x0800c3ec       0x10 C:/ST/STM32CubeIDE_1.13.2/STM32CubeIDE/plugins/com.st.stm32cube.ide.mcu.externaltools.gnu-tools-for-stm32.12.3.rel1.win32_1.0.100.202403111256/tools/bin/../lib/gcc/arm-none-eabi/12.3.1/../../../../arm-none-eabi/lib/thumb/v7-m/nofp\libc_nano.a(libc_a-msizer.o)
                0x0800c3ec                _malloc_usable_size_r
 .text.pow      0x0800c3fc       0xd0 C:/ST/STM32CubeIDE_1.13.2/STM32CubeIDE/plugins/com.st.stm32cube.ide.mcu.externaltools.gnu-tools-for-stm32.12.3.rel1.win32_1.0.100.202403111256/tools/bin/../lib/gcc/arm-none-eabi/12.3.1/../../../../arm-none-eabi/lib/thumb/v7-m/nofp\libm.a(libm_a-w_pow.o)
                0x0800c3fc                pow
 .text.finite   0x0800c4cc        0xc C:/ST/STM32CubeIDE_1.13.2/STM32CubeIDE/plugins/com.st.stm32cube.ide.mcu.externaltools.gnu-tools-for-stm32.12.3.rel1.win32_1.0.100.202403111256/tools/bin/../lib/gcc/arm-none-eabi/12.3.1/../../../../arm-none-eabi/lib/thumb/v7-m/nofp\libm.a(libm_a-s_finite.o)
                0x0800c4cc                finite
 .text.trunc    0x0800c4d8       0x64 C:/ST/STM32CubeIDE_1.13.2/STM32CubeIDE/plugins/com.st.stm32cube.ide.mcu.externaltools.gnu-tools-for-stm32.12.3.rel1.win32_1.0.100.202403111256/tools/bin/../lib/gcc/arm-none-eabi/12.3.1/../../../../arm-none-eabi/lib/thumb/v7-m/nofp\libm.a(libm_a-s_trunc.o)
                0x0800c4d8                trunc
 *fill*         0x0800c53c        0x4 
 .text.__ieee754_pow
                0x0800c540      0xa50 C:/ST/STM32CubeIDE_1.13.2/STM32CubeIDE/plugins/com.st.stm32cube.ide.mcu.externaltools.gnu-tools-for-stm32.12.3.rel1.win32_1.0.100.202403111256/tools/bin/../lib/gcc/arm-none-eabi/12.3.1/../../../../arm-none-eabi/lib/thumb/v7-m/nofp\libm.a(libm_a-e_pow.o)
                0x0800c540                __ieee754_pow
 .text.fabs     0x0800cf90        0x8 C:/ST/STM32CubeIDE_1.13.2/STM32CubeIDE/plugins/com.st.stm32cube.ide.mcu.externaltools.gnu-tools-for-stm32.12.3.rel1.win32_1.0.100.202403111256/tools/bin/../lib/gcc/arm-none-eabi/12.3.1/../../../../arm-none-eabi/lib/thumb/v7-m/nofp\libm.a(libm_a-s_fabs.o)
                0x0800cf90                fabs
 .text.scalbn   0x0800cf98       0xec C:/ST/STM32CubeIDE_1.13.2/STM32CubeIDE/plugins/com.st.stm32cube.ide.mcu.externaltools.gnu-tools-for-stm32.12.3.rel1.win32_1.0.100.202403111256/tools/bin/../lib/gcc/arm-none-eabi/12.3.1/../../../../arm-none-eabi/lib/thumb/v7-m/nofp\libm.a(libm_a-s_scalbn.o)
                0x0800cf98                scalbn
 .text.with_errno
                0x0800d084       0x14 C:/ST/STM32CubeIDE_1.13.2/STM32CubeIDE/plugins/com.st.stm32cube.ide.mcu.externaltools.gnu-tools-for-stm32.12.3.rel1.win32_1.0.100.202403111256/tools/bin/../lib/gcc/arm-none-eabi/12.3.1/../../../../arm-none-eabi/lib/thumb/v7-m/nofp\libm.a(libm_a-math_err.o)
 .text.xflow    0x0800d098       0x26 C:/ST/STM32CubeIDE_1.13.2/STM32CubeIDE/plugins/com.st.stm32cube.ide.mcu.externaltools.gnu-tools-for-stm32.12.3.rel1.win32_1.0.100.202403111256/tools/bin/../lib/gcc/arm-none-eabi/12.3.1/../../../../arm-none-eabi/lib/thumb/v7-m/nofp\libm.a(libm_a-math_err.o)
 .text.__math_uflow
                0x0800d0be        0xa C:/ST/STM32CubeIDE_1.13.2/STM32CubeIDE/plugins/com.st.stm32cube.ide.mcu.externaltools.gnu-tools-for-stm32.12.3.rel1.win32_1.0.100.202403111256/tools/bin/../lib/gcc/arm-none-eabi/12.3.1/../../../../arm-none-eabi/lib/thumb/v7-m/nofp\libm.a(libm_a-math_err.o)
                0x0800d0be                __math_uflow
 .text.__math_oflow
                0x0800d0c8        0xa C:/ST/STM32CubeIDE_1.13.2/STM32CubeIDE/plugins/com.st.stm32cube.ide.mcu.externaltools.gnu-tools-for-stm32.12.3.rel1.win32_1.0.100.202403111256/tools/bin/../lib/gcc/arm-none-eabi/12.3.1/../../../../arm-none-eabi/lib/thumb/v7-m/nofp\libm.a(libm_a-math_err.o)
                0x0800d0c8                __math_oflow
 *fill*         0x0800d0d2        0x2 
 .text.__ieee754_sqrt
                0x0800d0d4      0x1ac C:/ST/STM32CubeIDE_1.13.2/STM32CubeIDE/plugins/com.st.stm32cube.ide.mcu.externaltools.gnu-tools-for-stm32.12.3.rel1.win32_1.0.100.202403111256/tools/bin/../lib/gcc/arm-none-eabi/12.3.1/../../../../arm-none-eabi/lib/thumb/v7-m/nofp\libm.a(libm_a-e_sqrt.o)
                0x0800d0d4                __ieee754_sqrt
 *(.glue_7)
 .glue_7        0x0800d280        0x0 linker stubs
 *(.glue_7t)
 .glue_7t       0x0800d280        0x0 linker stubs
 *(.eh_frame)
 .eh_frame      0x0800d280        0x0 C:/ST/STM32CubeIDE_1.13.2/STM32CubeIDE/plugins/com.st.stm32cube.ide.mcu.externaltools.gnu-tools-for-stm32.12.3.rel1.win32_1.0.100.202403111256/tools/bin/../lib/gcc/arm-none-eabi/12.3.1/thumb/v7-m/nofp/crtbegin.o
 *(.init)
 .init          0x0800d280        0x4 C:/ST/STM32CubeIDE_1.13.2/STM32CubeIDE/plugins/com.st.stm32cube.ide.mcu.externaltools.gnu-tools-for-stm32.12.3.rel1.win32_1.0.100.202403111256/tools/bin/../lib/gcc/arm-none-eabi/12.3.1/thumb/v7-m/nofp/crti.o
                0x0800d280                _init
 .init          0x0800d284        0x8 C:/ST/STM32CubeIDE_1.13.2/STM32CubeIDE/plugins/com.st.stm32cube.ide.mcu.externaltools.gnu-tools-for-stm32.12.3.rel1.win32_1.0.100.202403111256/tools/bin/../lib/gcc/arm-none-eabi/12.3.1/thumb/v7-m/nofp/crtn.o
 *(.fini)
 .fini          0x0800d28c        0x4 C:/ST/STM32CubeIDE_1.13.2/STM32CubeIDE/plugins/com.st.stm32cube.ide.mcu.externaltools.gnu-tools-for-stm32.12.3.rel1.win32_1.0.100.202403111256/tools/bin/../lib/gcc/arm-none-eabi/12.3.1/thumb/v7-m/nofp/crti.o
                0x0800d28c                _fini
 .fini          0x0800d290        0x8 C:/ST/STM32CubeIDE_1.13.2/STM32CubeIDE/plugins/com.st.stm32cube.ide.mcu.externaltools.gnu-tools-for-stm32.12.3.rel1.win32_1.0.100.202403111256/tools/bin/../lib/gcc/arm-none-eabi/12.3.1/thumb/v7-m/nofp/crtn.o
                0x0800d298                        . = ALIGN (0x4)
                0x0800d298                        _etext = .

.vfp11_veneer   0x0800d298        0x0
 .vfp11_veneer  0x0800d298        0x0 linker stubs

.v4_bx          0x0800d298        0x0
 .v4_bx         0x0800d298        0x0 linker stubs

.iplt           0x0800d298        0x0
 .iplt          0x0800d298        0x0 C:/ST/STM32CubeIDE_1.13.2/STM32CubeIDE/plugins/com.st.stm32cube.ide.mcu.externaltools.gnu-tools-for-stm32.12.3.rel1.win32_1.0.100.202403111256/tools/bin/../lib/gcc/arm-none-eabi/12.3.1/thumb/v7-m/nofp/crtbegin.o

.rodata         0x0800d298      0x1a8
                0x0800d298                        . = ALIGN (0x4)
 *(.rodata)
 .rodata        0x0800d298       0xbc ./Core/Src/main.o
 .rodata        0x0800d354       0x14 ./Core/Src/stm32l1xx_it.o
 *(.rodata*)
 .rodata.MAX7219_Font
                0x0800d368       0x3a ./Core/Src/max7219_Yncrea2.o
 *fill*         0x0800d3a2        0x2 
 .rodata.MAX7219_Font1
                0x0800d3a4       0x14 ./Core/Src/max7219_Yncrea2.o
 .rodata.PLLMulTable
                0x0800d3b8        0x9 ./Core/Src/system_stm32l1xx.o
                0x0800d3b8                PLLMulTable
 *fill*         0x0800d3c1        0x3 
 .rodata.AHBPrescTable
                0x0800d3c4       0x10 ./Core/Src/system_stm32l1xx.o
                0x0800d3c4                AHBPrescTable
 .rodata.APBPrescTable
                0x0800d3d4        0x8 ./Core/Src/system_stm32l1xx.o
                0x0800d3d4                APBPrescTable
 .rodata._svfprintf_r.str1.1
                0x0800d3dc       0x11 C:/ST/STM32CubeIDE_1.13.2/STM32CubeIDE/plugins/com.st.stm32cube.ide.mcu.externaltools.gnu-tools-for-stm32.12.3.rel1.win32_1.0.100.202403111256/tools/bin/../lib/gcc/arm-none-eabi/12.3.1/../../../../arm-none-eabi/lib/thumb/v7-m/nofp\libc_nano.a(libc_a-nano-svfprintf.o)
 .rodata._printf_i.str1.1
                0x0800d3ed       0x22 C:/ST/STM32CubeIDE_1.13.2/STM32CubeIDE/plugins/com.st.stm32cube.ide.mcu.externaltools.gnu-tools-for-stm32.12.3.rel1.win32_1.0.100.202403111256/tools/bin/../lib/gcc/arm-none-eabi/12.3.1/../../../../arm-none-eabi/lib/thumb/v7-m/nofp\libc_nano.a(libc_a-nano-vfprintf_i.o)
 *fill*         0x0800d40f        0x1 
 .rodata.dp_l   0x0800d410       0x10 C:/ST/STM32CubeIDE_1.13.2/STM32CubeIDE/plugins/com.st.stm32cube.ide.mcu.externaltools.gnu-tools-for-stm32.12.3.rel1.win32_1.0.100.202403111256/tools/bin/../lib/gcc/arm-none-eabi/12.3.1/../../../../arm-none-eabi/lib/thumb/v7-m/nofp\libm.a(libm_a-e_pow.o)
 .rodata.dp_h   0x0800d420       0x10 C:/ST/STM32CubeIDE_1.13.2/STM32CubeIDE/plugins/com.st.stm32cube.ide.mcu.externaltools.gnu-tools-for-stm32.12.3.rel1.win32_1.0.100.202403111256/tools/bin/../lib/gcc/arm-none-eabi/12.3.1/../../../../arm-none-eabi/lib/thumb/v7-m/nofp\libm.a(libm_a-e_pow.o)
 .rodata.bp     0x0800d430       0x10 C:/ST/STM32CubeIDE_1.13.2/STM32CubeIDE/plugins/com.st.stm32cube.ide.mcu.externaltools.gnu-tools-for-stm32.12.3.rel1.win32_1.0.100.202403111256/tools/bin/../lib/gcc/arm-none-eabi/12.3.1/../../../../arm-none-eabi/lib/thumb/v7-m/nofp\libm.a(libm_a-e_pow.o)
                0x0800d440                        . = ALIGN (0x4)

.ARM.extab      0x0800d440        0x0
                0x0800d440                        . = ALIGN (0x4)
 *(.ARM.extab* .gnu.linkonce.armextab.*)
                0x0800d440                        . = ALIGN (0x4)

.ARM            0x0800d440        0x8
                0x0800d440                        . = ALIGN (0x4)
                0x0800d440                        __exidx_start = .
 *(.ARM.exidx*)
 .ARM.exidx     0x0800d440        0x8 C:/ST/STM32CubeIDE_1.13.2/STM32CubeIDE/plugins/com.st.stm32cube.ide.mcu.externaltools.gnu-tools-for-stm32.12.3.rel1.win32_1.0.100.202403111256/tools/bin/../lib/gcc/arm-none-eabi/12.3.1/thumb/v7-m/nofp\libgcc.a(_udivmoddi4.o)
                0x0800d448                        __exidx_end = .
                0x0800d448                        . = ALIGN (0x4)

.preinit_array  0x0800d448        0x0
                0x0800d448                        . = ALIGN (0x4)
                0x0800d448                        PROVIDE (__preinit_array_start = .)
 *(.preinit_array*)
                0x0800d448                        PROVIDE (__preinit_array_end = .)
                0x0800d448                        . = ALIGN (0x4)

.init_array     0x0800d448        0x4
                0x0800d448                        . = ALIGN (0x4)
                0x0800d448                        PROVIDE (__init_array_start = .)
 *(SORT_BY_NAME(.init_array.*))
 *(.init_array*)
 .init_array    0x0800d448        0x4 C:/ST/STM32CubeIDE_1.13.2/STM32CubeIDE/plugins/com.st.stm32cube.ide.mcu.externaltools.gnu-tools-for-stm32.12.3.rel1.win32_1.0.100.202403111256/tools/bin/../lib/gcc/arm-none-eabi/12.3.1/thumb/v7-m/nofp/crtbegin.o
                0x0800d44c                        PROVIDE (__init_array_end = .)
                0x0800d44c                        . = ALIGN (0x4)

.fini_array     0x0800d44c        0x4
                0x0800d44c                        . = ALIGN (0x4)
                [!provide]                        PROVIDE (__fini_array_start = .)
 *(SORT_BY_NAME(.fini_array.*))
 *(.fini_array*)
 .fini_array    0x0800d44c        0x4 C:/ST/STM32CubeIDE_1.13.2/STM32CubeIDE/plugins/com.st.stm32cube.ide.mcu.externaltools.gnu-tools-for-stm32.12.3.rel1.win32_1.0.100.202403111256/tools/bin/../lib/gcc/arm-none-eabi/12.3.1/thumb/v7-m/nofp/crtbegin.o
                [!provide]                        PROVIDE (__fini_array_end = .)
                0x0800d450                        . = ALIGN (0x4)
                0x0800d450                        _sidata = LOADADDR (.data)

.rel.dyn        0x0800d450        0x0
 .rel.iplt      0x0800d450        0x0 C:/ST/STM32CubeIDE_1.13.2/STM32CubeIDE/plugins/com.st.stm32cube.ide.mcu.externaltools.gnu-tools-for-stm32.12.3.rel1.win32_1.0.100.202403111256/tools/bin/../lib/gcc/arm-none-eabi/12.3.1/thumb/v7-m/nofp/crtbegin.o

.data           0x20000000      0x130 load address 0x0800d450
                0x20000000                        . = ALIGN (0x4)
                0x20000000                        _sdata = .
 *(.data)
 *(.data*)
 .data.SystemCoreClock
                0x20000000        0x4 ./Core/Src/system_stm32l1xx.o
                0x20000000                SystemCoreClock
 .data.HTS221_COMMON_Driver
                0x20000004       0x10 ./Drivers/BSP/Components/hts221/hts221.o
                0x20000004                HTS221_COMMON_Driver
 .data.HTS221_HUM_Driver
                0x20000014       0x14 ./Drivers/BSP/Components/hts221/hts221.o
                0x20000014                HTS221_HUM_Driver
 .data.HTS221_TEMP_Driver
                0x20000028       0x14 ./Drivers/BSP/Components/hts221/hts221.o
                0x20000028                HTS221_TEMP_Driver
 .data.LPS22HH_COMMON_Driver
                0x2000003c       0x10 ./Drivers/BSP/Components/lps22hh/lps22hh.o
                0x2000003c                LPS22HH_COMMON_Driver
 .data.LPS22HH_PRESS_Driver
                0x2000004c       0x14 ./Drivers/BSP/Components/lps22hh/lps22hh.o
                0x2000004c                LPS22HH_PRESS_Driver
 .data.LPS22HH_TEMP_Driver
                0x20000060       0x14 ./Drivers/BSP/Components/lps22hh/lps22hh.o
                0x20000060                LPS22HH_TEMP_Driver
 .data.STTS751_COMMON_Driver
                0x20000074       0x10 ./Drivers/BSP/Components/stts751/stts751.o
                0x20000074                STTS751_COMMON_Driver
 .data.STTS751_TEMP_Driver
                0x20000084       0x14 ./Drivers/BSP/Components/stts751/stts751.o
                0x20000084                STTS751_TEMP_Driver
 .data.FunctionIndex
                0x20000098       0x24 ./Drivers/BSP/IKS01A3/iks01a3_env_sensors.o
 .data.uwTickPrio