../Drivers/CMSIS/Include/core_cm3.h:1876:26:ITM_SendChar	16	static,ignoring_inline_asm
../Core/Src/main.c:97:6:TIM6_IRQ	4	static
../Core/Src/main.c:106:6:TIM7_IRQ	8	static
../Core/Src/main.c:112:13:floatToInt	32	static
../Core/Src/main.c:129:5:Conf_TEMP	8	static
../Core/Src/main.c:142:6:Aquire_temp	8	static
../Core/Src/main.c:148:6:display_temp	24	static
../Core/Src/main.c:160:6:display_cons	16	static
../Core/Src/main.c:176:6:Affichage_TEMP	32	static
../Core/Src/main.c:188:10:Aquire_cons	16	static
../Core/Src/main.c:199:6:motor	16	static
../Core/Src/main.c:218:5:main	8	static
../Core/Src/main.c:310:6:SystemClock_Config	80	static
../Core/Src/main.c:354:13:MX_ADC_Init	24	static
../Core/Src/main.c:409:13:MX_SPI1_Init	8	static
../Core/Src/main.c:447:13:MX_TIM2_Init	32	static
../Core/Src/main.c:492:13:MX_TIM3_Init	48	static
../Core/Src/main.c:551:13:MX_TIM6_Init	16	static
../Core/Src/main.c:589:13:MX_TIM7_Init	16	static
../Core/Src/main.c:627:13:MX_USART2_UART_Init	8	static
../Core/Src/main.c:660:13:MX_GPIO_Init	48	static
../Core/Src/main.c:713:5:__io_putchar	16	static
../Core/Src/main.c:725:6:Error_Handler	4	static,ignoring_inline_asm
