../Core/Src/main.c:107:6:TIM6_IRQ	4	static
../Core/Src/main.c:116:6:TIM7_IRQ	8	static
../Core/Src/main.c:122:6:ACCEL_IRQ	4	static
../Core/Src/main.c:126:13:floatToInt	32	static
../Core/Src/main.c:143:5:Conf_TEMP	8	static
../Core/Src/main.c:156:6:Aquire_temp	8	static
../Core/Src/main.c:162:6:display_temp	24	static
../Core/Src/main.c:174:6:display_cons	16	static
../Core/Src/main.c:187:6:Affichage_TEMP	32	static
../Core/Src/main.c:198:10:Aquire_cons	16	static
../Core/Src/main.c:209:6:motor	16	static
../Core/Src/main.c:225:6:buzzer	16	static
../Core/Src/main.c:240:5:Conf_ACCEL	8	static
../Core/Src/main.c:277:5:main	8	static
../Core/Src/main.c:368:6:SystemClock_Config	80	static
../Core/Src/main.c:412:13:MX_ADC_Init	24	static
../Core/Src/main.c:467:13:MX_SPI1_Init	8	static
../Core/Src/main.c:505:13:MX_TIM2_Init	32	static
../Core/Src/main.c:550:13:MX_TIM3_Init	48	static
../Core/Src/main.c:614:13:MX_TIM6_Init	16	static
../Core/Src/main.c:652:13:MX_TIM7_Init	16	static
../Core/Src/main.c:690:13:MX_USART2_UART_Init	8	static
../Core/Src/main.c:723:13:MX_GPIO_Init	48	static
../Core/Src/main.c:788:5:__io_putchar	16	static
../Core/Src/main.c:800:6:Error_Handler	4	static
