../Drivers/CMSIS/Include/core_cm3.h:1876:26:ITM_SendChar	16	static,ignoring_inline_asm
../Core/Src/main.c:95:6:TIM6_IRQ	8	static
../Core/Src/main.c:100:6:TIM7_IRQ	8	static
../Core/Src/main.c:106:13:floatToInt	32	static
../Core/Src/main.c:123:5:Conf_TEMP	8	static
../Core/Src/main.c:136:6:display_temp	24	static
../Core/Src/main.c:151:6:display_cons	16	static
../Core/Src/main.c:163:6:Affichage_TEMP	32	static
../Core/Src/main.c:173:10:Aquire_cons	16	static
../Core/Src/main.c:184:6:reglage	16	static
../Core/Src/main.c:214:5:main	8	static
../Core/Src/main.c:278:6:SystemClock_Config	80	static
../Core/Src/main.c:322:13:MX_ADC_Init	24	static
../Core/Src/main.c:377:13:MX_SPI1_Init	8	static
../Core/Src/main.c:415:13:MX_TIM2_Init	32	static
../Core/Src/main.c:460:13:MX_TIM3_Init	48	static
../Core/Src/main.c:519:13:MX_TIM6_Init	16	static
../Core/Src/main.c:557:13:MX_TIM7_Init	16	static
../Core/Src/main.c:595:13:MX_USART2_UART_Init	8	static
../Core/Src/main.c:628:13:MX_GPIO_Init	48	static
../Core/Src/main.c:681:5:__io_putchar	16	static
../Core/Src/main.c:693:6:Error_Handler	4	static,ignoring_inline_asm
