../Drivers/CMSIS/Include/core_cm3.h:1876:26:ITM_SendChar	16	static,ignoring_inline_asm
../Core/Src/main.c:107:6:TIM6_IRQ	4	static
../Core/Src/main.c:116:6:TIM7_IRQ	8	static
../Core/Src/main.c:122:6:ACCEL_IRQ	4	static
../Core/Src/main.c:126:13:floatToInt	32	static
../Core/Src/main.c:143:5:Conf_TEMP	8	static
../Core/Src/main.c:156:6:Aquire_temp	8	static
../Core/Src/main.c:162:6:display_temp	24	static
../Core/Src/main.c:174:6:display_cons	16	static
../Core/Src/main.c:190:6:Affichage_TEMP	32	static
../Core/Src/main.c:202:10:Aquire_cons	16	static
../Core/Src/main.c:213:6:motor	16	static
../Core/Src/main.c:229:6:buzzer	16	static
../Core/Src/main.c:244:5:Conf_ACCEL	8	static
../Core/Src/main.c:281:5:main	8	static
../Core/Src/main.c:373:6:SystemClock_Config	80	static
../Core/Src/main.c:417:13:MX_ADC_Init	24	static
../Core/Src/main.c:472:13:MX_SPI1_Init	8	static
../Core/Src/main.c:510:13:MX_TIM2_Init	32	static
../Core/Src/main.c:555:13:MX_TIM3_Init	48	static
../Core/Src/main.c:619:13:MX_TIM6_Init	16	static
../Core/Src/main.c:657:13:MX_TIM7_Init	16	static
../Core/Src/main.c:695:13:MX_USART2_UART_Init	8	static
../Core/Src/main.c:728:13:MX_GPIO_Init	48	static
../Core/Src/main.c:793:5:__io_putchar	16	static
../Core/Src/main.c:805:6:Error_Handler	4	static
