../Core/Src/stm32l1xx_it.c:79:6:NMI_Handler	4	static
../Core/Src/stm32l1xx_it.c:94:6:HardFault_Handler	4	static
../Core/Src/stm32l1xx_it.c:109:6:MemManage_Handler	4	static
../Core/Src/stm32l1xx_it.c:124:6:BusFault_Handler	4	static
../Core/Src/stm32l1xx_it.c:139:6:UsageFault_Handler	4	static
../Core/Src/stm32l1xx_it.c:154:6:SVC_Handler	4	static
../Core/Src/stm32l1xx_it.c:167:6:DebugMon_Handler	4	static
../Core/Src/stm32l1xx_it.c:180:6:PendSV_Handler	4	static
../Core/Src/stm32l1xx_it.c:193:6:SysTick_Handler	8	static
../Core/Src/stm32l1xx_it.c:214:6:EXTI0_IRQHandler	8	static
../Core/Src/stm32l1xx_it.c:229:6:TIM2_IRQHandler	8	static
../Core/Src/stm32l1xx_it.c:243:6:TIM3_IRQHandler	8	static
../Core/Src/stm32l1xx_it.c:257:6:I2C1_EV_IRQHandler	8	static
../Core/Src/stm32l1xx_it.c:271:6:I2C1_ER_IRQHandler	8	static
../Core/Src/stm32l1xx_it.c:285:6:EXTI15_10_IRQHandler	8	static
../Core/Src/stm32l1xx_it.c:301:6:TIM6_IRQHandler	8	static
../Core/Src/stm32l1xx_it.c:317:6:TIM7_IRQHandler	8	static
../Core/Src/stm32l1xx_it.c:330:6:HAL_GPIO_EXTI_Callback	16	static
../Core/Src/stm32l1xx_it.c:353:6:HAL_TIM_PeriodElapsedCallback	16	static
